Archive member included to satisfy reference by file (symbol)

C:\Users\pears\OneDrive\Programming_Workspaces\STM32CubeIDE_TEMP\HANDS-EMG-BETTER\Middleware\NanoEdgeAI\Lib\libneai.a(NanoEdgeAI.o)
                              ./Core/Src/main.o (neai_classification_init)
C:/ST/STM32CubeIDE_1.16.1/STM32CubeIDE/plugins/com.st.stm32cube.ide.mcu.externaltools.gnu-tools-for-stm32.12.3.rel1.win32_1.1.0.202410251130/tools/bin/../lib/gcc/arm-none-eabi/12.3.1/../../../../arm-none-eabi/lib/thumb/v7e-m+fp/hard\libc_nano.a(libc_a-exit.o)
                              C:/ST/STM32CubeIDE_1.16.1/STM32CubeIDE/plugins/com.st.stm32cube.ide.mcu.externaltools.gnu-tools-for-stm32.12.3.rel1.win32_1.1.0.202410251130/tools/bin/../lib/gcc/arm-none-eabi/12.3.1/../../../../arm-none-eabi/lib/thumb/v7e-m+fp/hard/crt0.o (exit)
C:/ST/STM32CubeIDE_1.16.1/STM32CubeIDE/plugins/com.st.stm32cube.ide.mcu.externaltools.gnu-tools-for-stm32.12.3.rel1.win32_1.1.0.202410251130/tools/bin/../lib/gcc/arm-none-eabi/12.3.1/../../../../arm-none-eabi/lib/thumb/v7e-m+fp/hard\libc_nano.a(libc_a-findfp.o)
                              C:/ST/STM32CubeIDE_1.16.1/STM32CubeIDE/plugins/com.st.stm32cube.ide.mcu.externaltools.gnu-tools-for-stm32.12.3.rel1.win32_1.1.0.202410251130/tools/bin/../lib/gcc/arm-none-eabi/12.3.1/../../../../arm-none-eabi/lib/thumb/v7e-m+fp/hard\libc_nano.a(libc_a-exit.o) (__stdio_exit_handler)
C:/ST/STM32CubeIDE_1.16.1/STM32CubeIDE/plugins/com.st.stm32cube.ide.mcu.externaltools.gnu-tools-for-stm32.12.3.rel1.win32_1.1.0.202410251130/tools/bin/../lib/gcc/arm-none-eabi/12.3.1/../../../../arm-none-eabi/lib/thumb/v7e-m+fp/hard\libc_nano.a(libc_a-fwalk.o)
                              C:/ST/STM32CubeIDE_1.16.1/STM32CubeIDE/plugins/com.st.stm32cube.ide.mcu.externaltools.gnu-tools-for-stm32.12.3.rel1.win32_1.1.0.202410251130/tools/bin/../lib/gcc/arm-none-eabi/12.3.1/../../../../arm-none-eabi/lib/thumb/v7e-m+fp/hard\libc_nano.a(libc_a-findfp.o) (_fwalk_sglue)
C:/ST/STM32CubeIDE_1.16.1/STM32CubeIDE/plugins/com.st.stm32cube.ide.mcu.externaltools.gnu-tools-for-stm32.12.3.rel1.win32_1.1.0.202410251130/tools/bin/../lib/gcc/arm-none-eabi/12.3.1/../../../../arm-none-eabi/lib/thumb/v7e-m+fp/hard\libc_nano.a(libc_a-stdio.o)
                              C:/ST/STM32CubeIDE_1.16.1/STM32CubeIDE/plugins/com.st.stm32cube.ide.mcu.externaltools.gnu-tools-for-stm32.12.3.rel1.win32_1.1.0.202410251130/tools/bin/../lib/gcc/arm-none-eabi/12.3.1/../../../../arm-none-eabi/lib/thumb/v7e-m+fp/hard\libc_nano.a(libc_a-findfp.o) (__sread)
C:/ST/STM32CubeIDE_1.16.1/STM32CubeIDE/plugins/com.st.stm32cube.ide.mcu.externaltools.gnu-tools-for-stm32.12.3.rel1.win32_1.1.0.202410251130/tools/bin/../lib/gcc/arm-none-eabi/12.3.1/../../../../arm-none-eabi/lib/thumb/v7e-m+fp/hard\libc_nano.a(libc_a-memset.o)
                              C:/ST/STM32CubeIDE_1.16.1/STM32CubeIDE/plugins/com.st.stm32cube.ide.mcu.externaltools.gnu-tools-for-stm32.12.3.rel1.win32_1.1.0.202410251130/tools/bin/../lib/gcc/arm-none-eabi/12.3.1/../../../../arm-none-eabi/lib/thumb/v7e-m+fp/hard/crt0.o (memset)
C:/ST/STM32CubeIDE_1.16.1/STM32CubeIDE/plugins/com.st.stm32cube.ide.mcu.externaltools.gnu-tools-for-stm32.12.3.rel1.win32_1.1.0.202410251130/tools/bin/../lib/gcc/arm-none-eabi/12.3.1/../../../../arm-none-eabi/lib/thumb/v7e-m+fp/hard\libc_nano.a(libc_a-closer.o)
                              C:/ST/STM32CubeIDE_1.16.1/STM32CubeIDE/plugins/com.st.stm32cube.ide.mcu.externaltools.gnu-tools-for-stm32.12.3.rel1.win32_1.1.0.202410251130/tools/bin/../lib/gcc/arm-none-eabi/12.3.1/../../../../arm-none-eabi/lib/thumb/v7e-m+fp/hard\libc_nano.a(libc_a-stdio.o) (_close_r)
C:/ST/STM32CubeIDE_1.16.1/STM32CubeIDE/plugins/com.st.stm32cube.ide.mcu.externaltools.gnu-tools-for-stm32.12.3.rel1.win32_1.1.0.202410251130/tools/bin/../lib/gcc/arm-none-eabi/12.3.1/../../../../arm-none-eabi/lib/thumb/v7e-m+fp/hard\libc_nano.a(libc_a-reent.o)
                              C:/ST/STM32CubeIDE_1.16.1/STM32CubeIDE/plugins/com.st.stm32cube.ide.mcu.externaltools.gnu-tools-for-stm32.12.3.rel1.win32_1.1.0.202410251130/tools/bin/../lib/gcc/arm-none-eabi/12.3.1/../../../../arm-none-eabi/lib/thumb/v7e-m+fp/hard\libc_nano.a(libc_a-closer.o) (errno)
C:/ST/STM32CubeIDE_1.16.1/STM32CubeIDE/plugins/com.st.stm32cube.ide.mcu.externaltools.gnu-tools-for-stm32.12.3.rel1.win32_1.1.0.202410251130/tools/bin/../lib/gcc/arm-none-eabi/12.3.1/../../../../arm-none-eabi/lib/thumb/v7e-m+fp/hard\libc_nano.a(libc_a-impure.o)
                              C:/ST/STM32CubeIDE_1.16.1/STM32CubeIDE/plugins/com.st.stm32cube.ide.mcu.externaltools.gnu-tools-for-stm32.12.3.rel1.win32_1.1.0.202410251130/tools/bin/../lib/gcc/arm-none-eabi/12.3.1/../../../../arm-none-eabi/lib/thumb/v7e-m+fp/hard\libc_nano.a(libc_a-reent.o) (_impure_ptr)
[...]
Memory Configuration

Name             Origin             Length             Attributes
RAM              0x20000000         0x00040000         xrw
RAM2             0x10000000         0x00010000         xrw
FLASH            0x08000000         0x00100000         xr
*default*        0x00000000         0xffffffff

Linker script and memory map

LOAD C:/ST/STM32CubeIDE_1.16.1/STM32CubeIDE/plugins/com.st.stm32cube.ide.mcu.externaltools.gnu-tools-for-stm32.12.3.rel1.win32_1.1.0.202410251130/tools/bin/../lib/gcc/arm-none-eabi/12.3.1/thumb/v7e-m+fp/hard/crti.o
LOAD C:/ST/STM32CubeIDE_1.16.1/STM32CubeIDE/plugins/com.st.stm32cube.ide.mcu.externaltools.gnu-tools-for-stm32.12.3.rel1.win32_1.1.0.202410251130/tools/bin/../lib/gcc/arm-none-eabi/12.3.1/thumb/v7e-m+fp/hard/crtbegin.o
LOAD C:/ST/STM32CubeIDE_1.16.1/STM32CubeIDE/plugins/com.st.stm32cube.ide.mcu.externaltools.gnu-tools-for-stm32.12.3.rel1.win32_1.1.0.202410251130/tools/bin/../lib/gcc/arm-none-eabi/12.3.1/../../../../arm-none-eabi/lib/thumb/v7e-m+fp/hard/crt0.o
LOAD ./Core/Src/ads1299.o
LOAD ./Core/Src/main.o
LOAD ./Core/Src/stm32l4xx_hal_msp.o
LOAD ./Core/Src/stm32l4xx_it.o
LOAD ./Core/Src/syscalls.o
LOAD ./Core/Src/sysmem.o
LOAD ./Core/Src/system_stm32l4xx.o
LOAD ./Core/Startup/startup_stm32l496rgtx.o
LOAD ./Drivers/STM32L4xx_HAL_Driver/Src/stm32l4xx_hal.o
LOAD ./Drivers/STM32L4xx_HAL_Driver/Src/stm32l4xx_hal_cortex.o
LOAD ./Drivers/STM32L4xx_HAL_Driver/Src/stm32l4xx_hal_dma.o
LOAD ./Drivers/STM32L4xx_HAL_Driver/Src/stm32l4xx_hal_dma_ex.o
LOAD ./Drivers/STM32L4xx_HAL_Driver/Src/stm32l4xx_hal_exti.o
LOAD ./Drivers/STM32L4xx_HAL_Driver/Src/stm32l4xx_hal_flash.o
LOAD ./Drivers/STM32L4xx_HAL_Driver/Src/stm32l4xx_hal_flash_ex.o
LOAD ./Drivers/STM32L4xx_HAL_Driver/Src/stm32l4xx_hal_flash_ramfunc.o
LOAD ./Drivers/STM32L4xx_HAL_Driver/Src/stm32l4xx_hal_gpio.o
LOAD ./Drivers/STM32L4xx_HAL_Driver/Src/stm32l4xx_hal_i2c.o
LOAD ./Drivers/STM32L4xx_HAL_Driver/Src/stm32l4xx_hal_i2c_ex.o
LOAD ./Drivers/STM32L4xx_HAL_Driver/Src/stm32l4xx_hal_pwr.o
LOAD ./Drivers/STM32L4xx_HAL_Driver/Src/stm32l4xx_hal_pwr_ex.o
LOAD ./Drivers/STM32L4xx_HAL_Driver/Src/stm32l4xx_hal_rcc.o
LOAD ./Drivers/STM32L4xx_HAL_Driver/Src/stm32l4xx_hal_rcc_ex.o
LOAD ./Drivers/STM32L4xx_HAL_Driver/Src/stm32l4xx_hal_spi.o
LOAD ./Drivers/STM32L4xx_HAL_Driver/Src/stm32l4xx_hal_spi_ex.o
LOAD ./Drivers/STM32L4xx_HAL_Driver/Src/stm32l4xx_hal_uart.o
LOAD ./Drivers/STM32L4xx_HAL_Driver/Src/stm32l4xx_hal_uart_ex.o
LOAD C:\Users\pears\OneDrive\Programming_Workspaces\STM32CubeIDE_TEMP\HANDS-EMG-BETTER\Middleware\NanoEdgeAI\Lib\libneai.a
START GROUP
LOAD C:/ST/STM32CubeIDE_1.16.1/STM32CubeIDE/plugins/com.st.stm32cube.ide.mcu.externaltools.gnu-tools-for-stm32.12.3.rel1.win32_1.1.0.202410251130/tools/bin/../lib/gcc/arm-none-eabi/12.3.1/../../../../arm-none-eabi/lib/thumb/v7e-m+fp/hard\libc_nano.a
LOAD C:/ST/STM32CubeIDE_1.16.1/STM32CubeIDE/plugins/com.st.stm32cube.ide.mcu.externaltools.gnu-tools-for-stm32.12.3.rel1.win32_1.1.0.202410251130/tools/bin/../lib/gcc/arm-none-eabi/12.3.1/../../../../arm-none-eabi/lib/thumb/v7e-m+fp/hard\libm.a
END GROUP
START GROUP
LOAD C:/ST/STM32CubeIDE_1.16.1/STM32CubeIDE/plugins/com.st.stm32cube.ide.mcu.externaltools.gnu-tools-for-stm32.12.3.rel1.win32_1.1.0.202410251130/tools/bin/../lib/gcc/arm-none-eabi/12.3.1/thumb/v7e-m+fp/hard\libgcc.a
LOAD C:/ST/STM32CubeIDE_1.16.1/STM32CubeIDE/plugins/com.st.stm32cube.ide.mcu.externaltools.gnu-tools-for-stm32.12.3.rel1.win32_1.1.0.202410251130/tools/bin/../lib/gcc/arm-none-eabi/12.3.1/../../../../arm-none-eabi/lib/thumb/v7e-m+fp/hard\libc_nano.a
END GROUP
START GROUP
LOAD C:/ST/STM32CubeIDE_1.16.1/STM32CubeIDE/plugins/com.st.stm32cube.ide.mcu.externaltools.gnu-tools-for-stm32.12.3.rel1.win32_1.1.0.202410251130/tools/bin/../lib/gcc/arm-none-eabi/12.3.1/thumb/v7e-m+fp/hard\libgcc.a
LOAD C:/ST/STM32CubeIDE_1.16.1/STM32CubeIDE/plugins/com.st.stm32cube.ide.mcu.externaltools.gnu-tools-for-stm32.12.3.rel1.win32_1.1.0.202410251130/tools/bin/../lib/gcc/arm-none-eabi/12.3.1/../../../../arm-none-eabi/lib/thumb/v7e-m+fp/hard\libc_nano.a
LOAD C:/ST/STM32CubeIDE_1.16.1/STM32CubeIDE/plugins/com.st.stm32cube.ide.mcu.externaltools.gnu-tools-for-stm32.12.3.rel1.win32_1.1.0.202410251130/tools/bin/../lib/gcc/arm-none-eabi/12.3.1/../../../../arm-none-eabi/lib/thumb/v7e-m+fp/hard\libnosys.a
END GROUP
START GROUP
LOAD C:/ST/STM32CubeIDE_1.16.1/STM32CubeIDE/plugins/com.st.stm32cube.ide.mcu.externaltools.gnu-tools-for-stm32.12.3.rel1.win32_1.1.0.202410251130/tools/bin/../lib/gcc/arm-none-eabi/12.3.1/thumb/v7e-m+fp/hard\libgcc.a
LOAD C:/ST/STM32CubeIDE_1.16.1/STM32CubeIDE/plugins/com.st.stm32cube.ide.mcu.externaltools.gnu-tools-for-stm32.12.3.rel1.win32_1.1.0.202410251130/tools/bin/../lib/gcc/arm-none-eabi/12.3.1/../../../../arm-none-eabi/lib/thumb/v7e-m+fp/hard\libc_nano.a
LOAD C:/ST/STM32CubeIDE_1.16.1/STM32CubeIDE/plugins/com.st.stm32cube.ide.mcu.externaltools.gnu-tools-for-stm32.12.3.rel1.win32_1.1.0.202410251130/tools/bin/../lib/gcc/arm-none-eabi/12.3.1/../../../../arm-none-eabi/lib/thumb/v7e-m+fp/hard\libnosys.a
END GROUP
LOAD C:/ST/STM32CubeIDE_1.16.1/STM32CubeIDE/plugins/com.st.stm32cube.ide.mcu.externaltools.gnu-tools-for-stm32.12.3.rel1.win32_1.1.0.202410251130/tools/bin/../lib/gcc/arm-none-eabi/12.3.1/thumb/v7e-m+fp/hard/crtend.o
LOAD C:/ST/STM32CubeIDE_1.16.1/STM32CubeIDE/plugins/com.st.stm32cube.ide.mcu.externaltools.gnu-tools-for-stm32.12.3.rel1.win32_1.1.0.202410251130/tools/bin/../lib/gcc/arm-none-eabi/12.3.1/thumb/v7e-m+fp/hard/crtn.o
                0x20040000                        _estack = (ORIGIN (RAM) + LENGTH (RAM))
                0x00000200                        _Min_Heap_Size = 0x200
                0x00000400                        _Min_Stack_Size = 0x400

.isr_vector     0x08000000      0x1ac
                0x08000000                        . = ALIGN (0x4)
 *(.isr_vector)
 .isr_vector    0x08000000      0x1ac ./Core/Startup/startup_stm32l496rgtx.o
                0x08000000                g_pfnVectors
                0x080001ac                        . = ALIGN (0x4)

.text           0x080001ac     0x5c88
                0x080001ac                        . = ALIGN (0x4)
 *(.text)
 .text          0x080001ac       0x40 C:/ST/STM32CubeIDE_1.16.1/STM32CubeIDE/plugins/com.st.stm32cube.ide.mcu.externaltools.gnu-tools-for-stm32.12.3.rel1.win32_1.1.0.202410251130/tools/bin/../lib/gcc/arm-none-eabi/12.3.1/thumb/v7e-m+fp/hard/crtbegin.o
 .text          0x080001ec      0x378 C:/ST/STM32CubeIDE_1.16.1/STM32CubeIDE/plugins/com.st.stm32cube.ide.mcu.externaltools.gnu-tools-for-stm32.12.3.rel1.win32_1.1.0.202410251130/tools/bin/../lib/gcc/arm-none-eabi/12.3.1/thumb/v7e-m+fp/hard\libgcc.a(_arm_addsubdf3.o)
                0x080001ec                __aeabi_drsub
                0x080001f4                __aeabi_dsub
                0x080001f4                __subdf3
                0x080001f8                __aeabi_dadd
                0x080001f8                __adddf3
                0x08000470                __floatunsidf
                0x08000470                __aeabi_ui2d
                0x08000490                __floatsidf
                0x08000490                __aeabi_i2d
                0x080004b4                __aeabi_f2d
                0x080004b4                __extendsfdf2
                0x080004f8                __floatundidf
                0x080004f8                __aeabi_ul2d
                0x08000508                __floatdidf
                0x08000508                __aeabi_l2d
 .text          0x08000564      0x424 C:/ST/STM32CubeIDE_1.16.1/STM32CubeIDE/plugins/com.st.stm32cube.ide.mcu.externaltools.gnu-tools-for-stm32.12.3.rel1.win32_1.1.0.202410251130/tools/bin/../lib/gcc/arm-none-eabi/12.3.1/thumb/v7e-m+fp/hard\libgcc.a(_arm_muldivdf3.o)
                0x08000564                __aeabi_dmul
                0x08000564                __muldf3
                0x080007b8                __divdf3
                0x080007b8                __aeabi_ddiv
 .text          0x08000988       0xa0 C:/ST/STM32CubeIDE_1.16.1/STM32CubeIDE/plugins/com.st.stm32cube.ide.mcu.externaltools.gnu-tools-for-stm32.12.3.rel1.win32_1.1.0.202410251130/tools/bin/../lib/gcc/arm-none-eabi/12.3.1/thumb/v7e-m+fp/hard\libgcc.a(_arm_truncdfsf2.o)
                0x08000988                __truncdfsf2
                0x08000988                __aeabi_d2f
 .text          0x08000a28       0x30 C:/ST/STM32CubeIDE_1.16.1/STM32CubeIDE/plugins/com.st.stm32cube.ide.mcu.externaltools.gnu-tools-for-stm32.12.3.rel1.win32_1.1.0.202410251130/tools/bin/../lib/gcc/arm-none-eabi/12.3.1/thumb/v7e-m+fp/hard\libgcc.a(_aeabi_uldivmod.o)
                0x08000a28                __aeabi_uldivmod
 .text          0x08000a58      0x2bc C:/ST/STM32CubeIDE_1.16.1/STM32CubeIDE/plugins/com.st.stm32cube.ide.mcu.externaltools.gnu-tools-for-stm32.12.3.rel1.win32_1.1.0.202410251130/tools/bin/../lib/gcc/arm-none-eabi/12.3.1/thumb/v7e-m+fp/hard\libgcc.a(_udivmoddi4.o)
                0x08000a58                __udivmoddi4
 .text          0x08000d14        0x4 C:/ST/STM32CubeIDE_1.16.1/STM32CubeIDE/plugins/com.st.stm32cube.ide.mcu.externaltools.gnu-tools-for-stm32.12.3.rel1.win32_1.1.0.202410251130/tools/bin/../lib/gcc/arm-none-eabi/12.3.1/thumb/v7e-m+fp/hard\libgcc.a(_dvmd_tls.o)
                0x08000d14                __aeabi_idiv0
                0x08000d14                __aeabi_ldiv0
 *(.text*)
 .text.ads1299_send_byte
                0x08000d18       0x3c ./Core/Src/ads1299.o
 .text.ads1299_device_init
                0x08000d54       0xec ./Core/Src/ads1299.o
                0x08000d54                ads1299_device_init
 .text.ads1299_wreg
                0x08000e40       0x54 ./Core/Src/ads1299.o
                0x08000e40                ads1299_wreg
 .text.ads1299_read_data_IT
                0x08000e94       0x48 ./Core/Src/ads1299.o
                0x08000e94                ads1299_read_data_IT
 .text.ads1299_data_to_float
                0x08000edc       0x64 ./Core/Src/ads1299.o
                0x08000edc                ads1299_data_to_float
 .text.main     0x08000f40       0x7c ./Core/Src/main.o
                0x08000f40                main
 .text.SystemClock_Config
                0x08000fbc       0xa6 ./Core/Src/main.o
                0x08000fbc                SystemClock_Config
 *fill*         0x08001062        0x2 
 .text.MX_SPI1_Init
                0x08001064       0x7c ./Core/Src/main.o
 .text.MX_USART2_UART_Init
                0x080010e0       0x64 ./Core/Src/main.o
 .text.MX_GPIO_Init
                0x08001144      0x1cc ./Core/Src/main.o
 .text.HAL_GPIO_EXTI_Callback
                0x08001310       0x28 ./Core/Src/main.o
                0x08001310                HAL_GPIO_EXTI_Callback
 .text.HAL_SPI_TxRxCpltCallback
                0x08001338      0x4ac ./Core/Src/main.o
                0x08001338                HAL_SPI_TxRxCpltCallback
 .text.Error_Handler
                0x080017e4        0xc ./Core/Src/main.o
                0x080017e4                Error_Handler
 .text.HAL_MspInit
                0x080017f0       0x48 ./Core/Src/stm32l4xx_hal_msp.o
                0x080017f0                HAL_MspInit
 .text.HAL_SPI_MspInit
                0x08001838       0x94 ./Core/Src/stm32l4xx_hal_msp.o
                0x08001838                HAL_SPI_MspInit
 .text.HAL_UART_MspInit
                0x080018cc       0xb8 ./Core/Src/stm32l4xx_hal_msp.o
                0x080018cc                HAL_UART_MspInit
 .text.NMI_Handler
                0x08001984        0x8 ./Core/Src/stm32l4xx_it.o
                0x08001984                NMI_Handler
 .text.HardFault_Handler
                0x0800198c        0x8 ./Core/Src/stm32l4xx_it.o
                0x0800198c                HardFault_Handler
 .text.MemManage_Handler
                0x08001994        0x8 ./Core/Src/stm32l4xx_it.o
                0x08001994                MemManage_Handler
 .text.BusFault_Handler
                0x0800199c        0x8 ./Core/Src/stm32l4xx_it.o
                0x0800199c                BusFault_Handler
 .text.UsageFault_Handler
                0x080019a4        0x8 ./Core/Src/stm32l4xx_it.o
                0x080019a4                UsageFault_Handler
 .text.SVC_Handler
                0x080019ac        0xe ./Core/Src/stm32l4xx_it.o
                0x080019ac                SVC_Handler
 .text.DebugMon_Handler
                0x080019ba        0xe ./Core/Src/stm32l4xx_it.o
                0x080019ba                DebugMon_Handler
 .text.PendSV_Handler
                0x080019c8        0xe ./Core/Src/stm32l4xx_it.o
                0x080019c8                PendSV_Handler
 .text.SysTick_Handler
                0x080019d6        0xc ./Core/Src/stm32l4xx_it.o
                0x080019d6                SysTick_Handler
 .text.EXTI9_5_IRQHandler
                0x080019e2        0xe ./Core/Src/stm32l4xx_it.o
                0x080019e2                EXTI9_5_IRQHandler
 .text.SPI1_IRQHandler
                0x080019f0       0x14 ./Core/Src/stm32l4xx_it.o
                0x080019f0                SPI1_IRQHandler
 .text._kill    0x08001a04       0x20 ./Core/Src/syscalls.o
                0x08001a04                _kill
 .text._exit    0x08001a24       0x16 ./Core/Src/syscalls.o
                0x08001a24                _exit
 *fill*         0x08001a3a        0x2 
 .text.SystemInit
                0x08001a3c       0x24 ./Core/Src/system_stm32l4xx.o
                0x08001a3c                SystemInit
 .text.Reset_Handler
                0x08001a60       0x50 ./Core/Startup/startup_stm32l496rgtx.o
                0x08001a60                Reset_Handler
 .text.Default_Handler
                0x08001ab0        0x2 ./Core/Startup/startup_stm32l496rgtx.o
                0x08001ab0                RTC_Alarm_IRQHandler
                0x08001ab0                EXTI2_IRQHandler
                0x08001ab0                TIM8_TRG_COM_IRQHandler
                0x08001ab0                TIM8_CC_IRQHandler
                0x08001ab0                TIM1_CC_IRQHandler
                0x08001ab0                TSC_IRQHandler
                0x08001ab0                TAMP_STAMP_IRQHandler
                0x08001ab0                CAN2_RX1_IRQHandler
                0x08001ab0                EXTI3_IRQHandler
                0x08001ab0                LPTIM2_IRQHandler
                0x08001ab0                DFSDM1_FLT1_IRQHandler
                0x08001ab0                I2C3_ER_IRQHandler
                0x08001ab0                DFSDM1_FLT2_IRQHandler
                0x08001ab0                EXTI0_IRQHandler
                0x08001ab0                I2C2_EV_IRQHandler
                0x08001ab0                CAN1_RX0_IRQHandler
                0x08001ab0                FPU_IRQHandler
                0x08001ab0                TIM1_UP_TIM16_IRQHandler
                0x08001ab0                CAN2_SCE_IRQHandler
                0x08001ab0                ADC1_2_IRQHandler
                0x08001ab0                TIM6_DAC_IRQHandler
                0x08001ab0                DCMI_IRQHandler
                0x08001ab0                CAN2_RX0_IRQHandler
                0x08001ab0                TIM8_UP_IRQHandler
                0x08001ab0                DMA2_Channel2_IRQHandler
                0x08001ab0                DMA1_Channel4_IRQHandler
                0x08001ab0                SAI2_IRQHandler
                0x08001ab0                DFSDM1_FLT3_IRQHandler
                0x08001ab0                USART3_IRQHandler
                0x08001ab0                DMA1_Channel7_IRQHandler
                0x08001ab0                CAN1_RX1_IRQHandler
                0x08001ab0                LCD_IRQHandler
                0x08001ab0                UART5_IRQHandler
                0x08001ab0                ADC3_IRQHandler
                0x08001ab0                TIM4_IRQHandler
                0x08001ab0                DMA2_Channel1_IRQHandler
                0x08001ab0                QUADSPI_IRQHandler
                0x08001ab0                I2C1_EV_IRQHandler
                0x08001ab0                DMA1_Channel6_IRQHandler
                0x08001ab0                UART4_IRQHandler
                0x08001ab0                DMA2_Channel4_IRQHandler
                0x08001ab0                TIM3_IRQHandler
                0x08001ab0                RCC_IRQHandler
                0x08001ab0                DMA1_Channel1_IRQHandler
                0x08001ab0                Default_Handler
                0x08001ab0                DMA2_Channel7_IRQHandler
                0x08001ab0                EXTI15_10_IRQHandler
                0x08001ab0                TIM7_IRQHandler
                0x08001ab0                SDMMC1_IRQHandler
                0x08001ab0                CAN2_TX_IRQHandler
                0x08001ab0                TIM5_IRQHandler
                0x08001ab0                I2C3_EV_IRQHandler
                0x08001ab0                RTC_WKUP_IRQHandler
                0x08001ab0                PVD_PVM_IRQHandler
                0x08001ab0                SPI2_IRQHandler
                0x08001ab0                CAN1_TX_IRQHandler
                0x08001ab0                DMA2_Channel5_IRQHandler
                0x08001ab0                CRS_IRQHandler
                0x08001ab0                DMA1_Channel5_IRQHandler
                0x08001ab0                EXTI4_IRQHandler
                0x08001ab0                RNG_IRQHandler
                0x08001ab0                TIM1_TRG_COM_TIM17_IRQHandler
                0x08001ab0                DMA1_Channel3_IRQHandler
                0x08001ab0                COMP_IRQHandler
                0x08001ab0                WWDG_IRQHandler
                0x08001ab0                I2C4_EV_IRQHandler
                0x08001ab0                LPUART1_IRQHandler
                0x08001ab0                DMA2_Channel6_IRQHandler
                0x08001ab0                TIM2_IRQHandler
                0x08001ab0                EXTI1_IRQHandler
                0x08001ab0                USART2_IRQHandler
                0x08001ab0                DFSDM1_FLT0_IRQHandler
                0x08001ab0                I2C2_ER_IRQHandler
                0x08001ab0                DMA1_Channel2_IRQHandler
                0x08001ab0                TIM8_BRK_IRQHandler
                0x08001ab0                CAN1_SCE_IRQHandler
                0x08001ab0                FLASH_IRQHandler
                0x08001ab0                USART1_IRQHandler
                0x08001ab0                OTG_FS_IRQHandler
                0x08001ab0                SPI3_IRQHandler
                0x08001ab0                I2C1_ER_IRQHandler
                0x08001ab0                FMC_IRQHandler
                0x08001ab0                SWPMI1_IRQHandler
                0x08001ab0                LPTIM1_IRQHandler
                0x08001ab0                I2C4_ER_IRQHandler
                0x08001ab0                SAI1_IRQHandler
                0x08001ab0                DMA2_Channel3_IRQHandler
                0x08001ab0                TIM1_BRK_TIM15_IRQHandler
 .text.HAL_Init
                0x08001ab2       0x30 ./Drivers/STM32L4xx_HAL_Driver/Src/stm32l4xx_hal.o
                0x08001ab2                HAL_Init
 *fill*         0x08001ae2        0x2 
 .text.HAL_InitTick
                0x08001ae4       0x78 ./Drivers/STM32L4xx_HAL_Driver/Src/stm32l4xx_hal.o
                0x08001ae4                HAL_InitTick
 .text.HAL_IncTick
                0x08001b5c       0x28 ./Drivers/STM32L4xx_HAL_Driver/Src/stm32l4xx_hal.o
                0x08001b5c                HAL_IncTick
 .text.HAL_GetTick
                0x08001b84       0x18 ./Drivers/STM32L4xx_HAL_Driver/Src/stm32l4xx_hal.o
                0x08001b84                HAL_GetTick
 .text.HAL_Delay
                0x08001b9c       0x48 ./Drivers/STM32L4xx_HAL_Driver/Src/stm32l4xx_hal.o
                0x08001b9c                HAL_Delay
 .text.__NVIC_SetPriorityGrouping
                0x08001be4       0x48 ./Drivers/STM32L4xx_HAL_Driver/Src/stm32l4xx_hal_cortex.o
 .text.__NVIC_GetPriorityGrouping
                0x08001c2c       0x1c ./Drivers/STM32L4xx_HAL_Driver/Src/stm32l4xx_hal_cortex.o
 .text.__NVIC_EnableIRQ
                0x08001c48       0x3c ./Drivers/STM32L4xx_HAL_Driver/Src/stm32l4xx_hal_cortex.o
 .text.__NVIC_SetPriority
                0x08001c84       0x54 ./Drivers/STM32L4xx_HAL_Driver/Src/stm32l4xx_hal_cortex.o
 .text.NVIC_EncodePriority
                0x08001cd8       0x66 ./Drivers/STM32L4xx_HAL_Driver/Src/stm32l4xx_hal_cortex.o
 *fill*         0x08001d3e        0x2 
 .text.SysTick_Config
                0x08001d40       0x44 ./Drivers/STM32L4xx_HAL_Driver/Src/stm32l4xx_hal_cortex.o
 .text.HAL_NVIC_SetPriorityGrouping
                0x08001d84       0x16 ./Drivers/STM32L4xx_HAL_Driver/Src/stm32l4xx_hal_cortex.o
                0x08001d84                HAL_NVIC_SetPriorityGrouping
 .text.HAL_NVIC_SetPriority
                0x08001d9a       0x38 ./Drivers/STM32L4xx_HAL_Driver/Src/stm32l4xx_hal_cortex.o
                0x08001d9a                HAL_NVIC_SetPriority
 .text.HAL_NVIC_EnableIRQ
                0x08001dd2       0x1c ./Drivers/STM32L4xx_HAL_Driver/Src/stm32l4xx_hal_cortex.o
                0x08001dd2                HAL_NVIC_EnableIRQ
 .text.HAL_SYSTICK_Config
                0x08001dee       0x18 ./Drivers/STM32L4xx_HAL_Driver/Src/stm32l4xx_hal_cortex.o
                0x08001dee                HAL_SYSTICK_Config
 .text.HAL_DMA_Abort_IT
                0x08001e06       0x82 ./Drivers/STM32L4xx_HAL_Driver/Src/stm32l4xx_hal_dma.o
                0x08001e06                HAL_DMA_Abort_IT
 .text.HAL_GPIO_Init
                0x08001e88      0x324 ./Drivers/STM32L4xx_HAL_Driver/Src/stm32l4xx_hal_gpio.o
                0x08001e88                HAL_GPIO_Init
 .text.HAL_GPIO_WritePin
                0x080021ac       0x30 ./Drivers/STM32L4xx_HAL_Driver/Src/stm32l4xx_hal_gpio.o
                0x080021ac                HAL_GPIO_WritePin
 .text.HAL_GPIO_EXTI_IRQHandler
                0x080021dc       0x30 ./Drivers/STM32L4xx_HAL_Driver/Src/stm32l4xx_hal_gpio.o
                0x080021dc                HAL_GPIO_EXTI_IRQHandler
 .text.HAL_PWREx_GetVoltageRange
                0x0800220c       0x1c ./Drivers/STM32L4xx_HAL_Driver/Src/stm32l4xx_hal_pwr_ex.o
                0x0800220c                HAL_PWREx_GetVoltageRange
 .text.HAL_PWREx_ControlVoltageScaling
                0x08002228       0xac ./Drivers/STM32L4xx_HAL_Driver/Src/stm32l4xx_hal_pwr_ex.o
                0x08002228                HAL_PWREx_ControlVoltageScaling
 .text.HAL_RCC_OscConfig
                0x080022d4      0x834 ./Drivers/STM32L4xx_HAL_Driver/Src/stm32l4xx_hal_rcc.o
                0x080022d4                HAL_RCC_OscConfig
 .text.HAL_RCC_ClockConfig
                0x08002b08      0x200 ./Drivers/STM32L4xx_HAL_Driver/Src/stm32l4xx_hal_rcc.o
                0x08002b08                HAL_RCC_ClockConfig
 .text.HAL_RCC_GetSysClockFreq
                0x08002d08      0x118 ./Drivers/STM32L4xx_HAL_Driver/Src/stm32l4xx_hal_rcc.o
                0x08002d08                HAL_RCC_GetSysClockFreq
 .text.HAL_RCC_GetHCLKFreq
                0x08002e20       0x18 ./Drivers/STM32L4xx_HAL_Driver/Src/stm32l4xx_hal_rcc.o
                0x08002e20                HAL_RCC_GetHCLKFreq
 .text.HAL_RCC_GetPCLK1Freq
                0x08002e38       0x2c ./Drivers/STM32L4xx_HAL_Driver/Src/stm32l4xx_hal_rcc.o
                0x08002e38                HAL_RCC_GetPCLK1Freq
 .text.HAL_RCC_GetPCLK2Freq
                0x08002e64       0x2c ./Drivers/STM32L4xx_HAL_Driver/Src/stm32l4xx_hal_rcc.o
                0x08002e64                HAL_RCC_GetPCLK2Freq
 .text.RCC_SetFlashLatencyFromMSIRange
                0x08002e90       0xc0 ./Drivers/STM32L4xx_HAL_Driver/Src/stm32l4xx_hal_rcc.o
 .text.HAL_RCCEx_PeriphCLKConfig
                0x08002f50      0x5f8 ./Drivers/STM32L4xx_HAL_Driver/Src/stm32l4xx_hal_rcc_ex.o
                0x08002f50                HAL_RCCEx_PeriphCLKConfig
 .text.RCCEx_PLLSAI1_Config
                0x08003548      0x1e4 ./Drivers/STM32L4xx_HAL_Driver/Src/stm32l4xx_hal_rcc_ex.o
 .text.RCCEx_PLLSAI2_Config
                0x0800372c      0x1b8 ./Drivers/STM32L4xx_HAL_Driver/Src/stm32l4xx_hal_rcc_ex.o
 .text.HAL_SPI_Init
                0x080038e4      0x146 ./Drivers/STM32L4xx_HAL_Driver/Src/stm32l4xx_hal_spi.o
                0x080038e4                HAL_SPI_Init
 .text.HAL_SPI_Transmit
                0x08003a2a      0x2ec ./Drivers/STM32L4xx_HAL_Driver/Src/stm32l4xx_hal_spi.o
                0x08003a2a                HAL_SPI_Transmit
 *fill*         0x08003d16        0x2 
 .text.HAL_SPI_TransmitReceive_IT
                0x08003d18      0x154 ./Drivers/STM32L4xx_HAL_Driver/Src/stm32l4xx_hal_spi.o
                0x08003d18                HAL_SPI_TransmitReceive_IT
 .text.HAL_SPI_IRQHandler
                0x08003e6c      0x1e8 ./Drivers/STM32L4xx_HAL_Driver/Src/stm32l4xx_hal_spi.o
                0x08003e6c                HAL_SPI_IRQHandler
 .text.HAL_SPI_RxCpltCallback
                0x08004054       0x14 ./Drivers/STM32L4xx_HAL_Driver/Src/stm32l4xx_hal_spi.o
                0x08004054                HAL_SPI_RxCpltCallback
 .text.HAL_SPI_ErrorCallback
                0x08004068       0x14 ./Drivers/STM32L4xx_HAL_Driver/Src/stm32l4xx_hal_spi.o
                0x08004068                HAL_SPI_ErrorCallback
 .text.SPI_DMAAbortOnError
                0x0800407c       0x2a ./Drivers/STM32L4xx_HAL_Driver/Src/stm32l4xx_hal_spi.o
 .text.SPI_2linesRxISR_8BIT
                0x080040a6       0xbe ./Drivers/STM32L4xx_HAL_Driver/Src/stm32l4xx_hal_spi.o
 .text.SPI_2linesTxISR_8BIT
                0x08004164       0x92 ./Drivers/STM32L4xx_HAL_Driver/Src/stm32l4xx_hal_spi.o
 .text.SPI_2linesRxISR_16BIT
                0x080041f6       0x66 ./Drivers/STM32L4xx_HAL_Driver/Src/stm32l4xx_hal_spi.o
 .text.SPI_2linesTxISR_16BIT
                0x0800425c       0x60 ./Drivers/STM32L4xx_HAL_Driver/Src/stm32l4xx_hal_spi.o
 .text.SPI_WaitFlagStateUntilTimeout
                0x080042bc      0x110 ./Drivers/STM32L4xx_HAL_Driver/Src/stm32l4xx_hal_spi.o
 .text.SPI_WaitFifoStateUntilTimeout
                0x080043cc      0x12c ./Drivers/STM32L4xx_HAL_Driver/Src/stm32l4xx_hal_spi.o
 .text.SPI_EndRxTxTransaction
                0x080044f8       0x8c ./Drivers/STM32L4xx_HAL_Driver/Src/stm32l4xx_hal_spi.o
 .text.SPI_CloseRxTx_ISR
                0x08004584       0x84 ./Drivers/STM32L4xx_HAL_Driver/Src/stm32l4xx_hal_spi.o
 .text.HAL_UART_Init
                0x08004608       0x9c ./Drivers/STM32L4xx_HAL_Driver/Src/stm32l4xx_hal_uart.o
                0x08004608                HAL_UART_Init
 .text.HAL_UART_Transmit
                0x080046a4      0x112 ./Drivers/STM32L4xx_HAL_Driver/Src/stm32l4xx_hal_uart.o
                0x080046a4                HAL_UART_Transmit
 *fill*         0x080047b6        0x2 
 .text.UART_SetConfig
                0x080047b8      0x570 ./Drivers/STM32L4xx_HAL_Driver/Src/stm32l4xx_hal_uart.o
                0x080047b8                UART_SetConfig
 .text.UART_AdvFeatureConfig
                0x08004d28      0x144 ./Drivers/STM32L4xx_HAL_Driver/Src/stm32l4xx_hal_uart.o
                0x08004d28                UART_AdvFeatureConfig
 .text.UART_CheckIdleState
                0x08004e6c      0x150 ./Drivers/STM32L4xx_HAL_Driver/Src/stm32l4xx_hal_uart.o
                0x08004e6c                UART_CheckIdleState
 .text.UART_WaitOnFlagUntilTimeout
                0x08004fbc       0xda ./Drivers/STM32L4xx_HAL_Driver/Src/stm32l4xx_hal_uart.o
                0x08004fbc                UART_WaitOnFlagUntilTimeout
 .text.UART_EndRxTransfer
                0x08005096       0xc8 ./Drivers/STM32L4xx_HAL_Driver/Src/stm32l4xx_hal_uart.o
 *fill*         0x0800515e        0x2 
 .text._fminf   0x08005160        0x4 C:\Users\pears\OneDrive\Programming_Workspaces\STM32CubeIDE_TEMP\HANDS-EMG-BETTER\Middleware\NanoEdgeAI\Lib\libneai.a(NanoEdgeAI.o)
                0x08005160                _fminf
 .text.neai_classification_init
                0x08005164      0x1e8 C:\Users\pears\OneDrive\Programming_Workspaces\STM32CubeIDE_TEMP\HANDS-EMG-BETTER\Middleware\NanoEdgeAI\Lib\libneai.a(NanoEdgeAI.o)
                0x08005164                neai_classification_init
 .text.neai_classification
                0x0800534c      0x6d4 C:\Users\pears\OneDrive\Programming_Workspaces\STM32CubeIDE_TEMP\HANDS-EMG-BETTER\Middleware\NanoEdgeAI\Lib\libneai.a(NanoEdgeAI.o)
                0x0800534c                neai_classification
 .text.exit     0x08005a20       0x24 C:/ST/STM32CubeIDE_1.16.1/STM32CubeIDE/plugins/com.st.stm32cube.ide.mcu.externaltools.gnu-tools-for-stm32.12.3.rel1.win32_1.1.0.202410251130/tools/bin/../lib/gcc/arm-none-eabi/12.3.1/../../../../arm-none-eabi/lib/thumb/v7e-m+fp/hard\libc_nano.a(libc_a-exit.o)
                0x08005a20                exit
 .text.memset   0x08005a44       0x10 C:/ST/STM32CubeIDE_1.16.1/STM32CubeIDE/plugins/com.st.stm32cube.ide.mcu.externaltools.gnu-tools-for-stm32.12.3.rel1.win32_1.1.0.202410251130/tools/bin/../lib/gcc/arm-none-eabi/12.3.1/../../../../arm-none-eabi/lib/thumb/v7e-m+fp/hard\libc_nano.a(libc_a-memset.o)
                0x08005a44                memset
 .text.__errno  0x08005a54        0xc C:/ST/STM32CubeIDE_1.16.1/STM32CubeIDE/plugins/com.st.stm32cube.ide.mcu.externaltools.gnu-tools-for-stm32.12.3.rel1.win32_1.1.0.202410251130/tools/bin/../lib/gcc/arm-none-eabi/12.3.1/../../../../arm-none-eabi/lib/thumb/v7e-m+fp/hard\libc_nano.a(libc_a-errno.o)
                0x08005a54                __errno
 .text.__libc_init_array
                0x08005a60       0x48 C:/ST/STM32CubeIDE_1.16.1/STM32CubeIDE/plugins/com.st.stm32cube.ide.mcu.externaltools.gnu-tools-for-stm32.12.3.rel1.win32_1.1.0.202410251130/tools/bin/../lib/gcc/arm-none-eabi/12.3.1/../../../../arm-none-eabi/lib/thumb/v7e-m+fp/hard\libc_nano.a(libc_a-init.o)
                0x08005a60                __libc_init_array
 .text.memcpy   0x08005aa8       0x1c C:/ST/STM32CubeIDE_1.16.1/STM32CubeIDE/plugins/com.st.stm32cube.ide.mcu.externaltools.gnu-tools-for-stm32.12.3.rel1.win32_1.1.0.202410251130/tools/bin/../lib/gcc/arm-none-eabi/12.3.1/../../../../arm-none-eabi/lib/thumb/v7e-m+fp/hard\libc_nano.a(libc_a-memcpy-stub.o)
                0x08005aa8                memcpy
 .text.expf     0x08005ac4       0x6c C:/ST/STM32CubeIDE_1.16.1/STM32CubeIDE/plugins/com.st.stm32cube.ide.mcu.externaltools.gnu-tools-for-stm32.12.3.rel1.win32_1.1.0.202410251130/tools/bin/../lib/gcc/arm-none-eabi/12.3.1/../../../../arm-none-eabi/lib/thumb/v7e-m+fp/hard\libm.a(libm_a-wf_exp.o)
                0x08005ac4                expf
 .text.sqrtf    0x08005b30       0x3c C:/ST/STM32CubeIDE_1.16.1/STM32CubeIDE/plugins/com.st.stm32cube.ide.mcu.externaltools.gnu-tools-for-stm32.12.3.rel1.win32_1.1.0.202410251130/tools/bin/../lib/gcc/arm-none-eabi/12.3.1/../../../../arm-none-eabi/lib/thumb/v7e-m+fp/hard\libm.a(libm_a-wf_sqrt.o)
                0x08005b30                sqrtf
 .text.finitef  0x08005b6c       0x14 C:/ST/STM32CubeIDE_1.16.1/STM32CubeIDE/plugins/com.st.stm32cube.ide.mcu.externaltools.gnu-tools-for-stm32.12.3.rel1.win32_1.1.0.202410251130/tools/bin/../lib/gcc/arm-none-eabi/12.3.1/../../../../arm-none-eabi/lib/thumb/v7e-m+fp/hard\libm.a(libm_a-sf_finite.o)
                0x08005b6c                finitef
 .text.fmaxf    0x08005b80       0x3a C:/ST/STM32CubeIDE_1.16.1/STM32CubeIDE/plugins/com.st.stm32cube.ide.mcu.externaltools.gnu-tools-for-stm32.12.3.rel1.win32_1.1.0.202410251130/tools/bin/../lib/gcc/arm-none-eabi/12.3.1/../../../../arm-none-eabi/lib/thumb/v7e-m+fp/hard\libm.a(libm_a-sf_fmax.o)
                0x08005b80                fmaxf
 .text.fminf    0x08005bba       0x3a C:/ST/STM32CubeIDE_1.16.1/STM32CubeIDE/plugins/com.st.stm32cube.ide.mcu.externaltools.gnu-tools-for-stm32.12.3.rel1.win32_1.1.0.202410251130/tools/bin/../lib/gcc/arm-none-eabi/12.3.1/../../../../arm-none-eabi/lib/thumb/v7e-m+fp/hard\libm.a(libm_a-sf_fmin.o)
                0x08005bba                fminf
 .text.__fpclassifyf
                0x08005bf4       0x38 C:/ST/STM32CubeIDE_1.16.1/STM32CubeIDE/plugins/com.st.stm32cube.ide.mcu.externaltools.gnu-tools-for-stm32.12.3.rel1.win32_1.1.0.202410251130/tools/bin/../lib/gcc/arm-none-eabi/12.3.1/../../../../arm-none-eabi/lib/thumb/v7e-m+fp/hard\libm.a(libm_a-sf_fpclassify.o)
                0x08005bf4                __fpclassifyf
 .text.__ieee754_sqrtf
                0x08005c2c        0x6 C:/ST/STM32CubeIDE_1.16.1/STM32CubeIDE/plugins/com.st.stm32cube.ide.mcu.externaltools.gnu-tools-for-stm32.12.3.rel1.win32_1.1.0.202410251130/tools/bin/../lib/gcc/arm-none-eabi/12.3.1/../../../../arm-none-eabi/lib/thumb/v7e-m+fp/hard\libm.a(libm_a-ef_sqrt.o)
                0x08005c2c                __ieee754_sqrtf
 *fill*         0x08005c32        0x2 
 .text.__ieee754_expf
                0x08005c34      0x19c C:/ST/STM32CubeIDE_1.16.1/STM32CubeIDE/plugins/com.st.stm32cube.ide.mcu.externaltools.gnu-tools-for-stm32.12.3.rel1.win32_1.1.0.202410251130/tools/bin/../lib/gcc/arm-none-eabi/12.3.1/../../../../arm-none-eabi/lib/thumb/v7e-m+fp/hard\libm.a(libm_a-ef_exp.o)
                0x08005c34                __ieee754_expf
 .text.with_errnof
                0x08005dd0       0x1c C:/ST/STM32CubeIDE_1.16.1/STM32CubeIDE/plugins/com.st.stm32cube.ide.mcu.externaltools.gnu-tools-for-stm32.12.3.rel1.win32_1.1.0.202410251130/tools/bin/../lib/gcc/arm-none-eabi/12.3.1/../../../../arm-none-eabi/lib/thumb/v7e-m+fp/hard\libm.a(libm_a-math_errf.o)
 .text.xflowf   0x08005dec       0x16 C:/ST/STM32CubeIDE_1.16.1/STM32CubeIDE/plugins/com.st.stm32cube.ide.mcu.externaltools.gnu-tools-for-stm32.12.3.rel1.win32_1.1.0.202410251130/tools/bin/../lib/gcc/arm-none-eabi/12.3.1/../../../../arm-none-eabi/lib/thumb/v7e-m+fp/hard\libm.a(libm_a-math_errf.o)
 *fill*         0x08005e02        0x2 
 .text.__math_uflowf
                0x08005e04        0xc C:/ST/STM32CubeIDE_1.16.1/STM32CubeIDE/plugins/com.st.stm32cube.ide.mcu.externaltools.gnu-tools-for-stm32.12.3.rel1.win32_1.1.0.202410251130/tools/bin/../lib/gcc/arm-none-eabi/12.3.1/../../../../arm-none-eabi/lib/thumb/v7e-m+fp/hard\libm.a(libm_a-math_errf.o)
                0x08005e04                __math_uflowf
 .text.__math_oflowf
                0x08005e10        0xc C:/ST/STM32CubeIDE_1.16.1/STM32CubeIDE/plugins/com.st.stm32cube.ide.mcu.externaltools.gnu-tools-for-stm32.12.3.rel1.win32_1.1.0.202410251130/tools/bin/../lib/gcc/arm-none-eabi/12.3.1/../../../../arm-none-eabi/lib/thumb/v7e-m+fp/hard\libm.a(libm_a-math_errf.o)
                0x08005e10                __math_oflowf
 *(.glue_7)
 .glue_7        0x08005e1c        0x0 linker stubs
 *(.glue_7t)
 .glue_7t       0x08005e1c        0x0 linker stubs
 *(.eh_frame)
 .eh_frame      0x08005e1c        0x0 C:/ST/STM32CubeIDE_1.16.1/STM32CubeIDE/plugins/com.st.stm32cube.ide.mcu.externaltools.gnu-tools-for-stm32.12.3.rel1.win32_1.1.0.202410251130/tools/bin/../lib/gcc/arm-none-eabi/12.3.1/thumb/v7e-m+fp/hard/crtbegin.o
 *(.init)
 .init          0x08005e1c        0x4 C:/ST/STM32CubeIDE_1.16.1/STM32CubeIDE/plugins/com.st.stm32cube.ide.mcu.externaltools.gnu-tools-for-stm32.12.3.rel1.win32_1.1.0.202410251130/tools/bin/../lib/gcc/arm-none-eabi/12.3.1/thumb/v7e-m+fp/hard/crti.o
                0x08005e1c                _init
 .init          0x08005e20        0x8 C:/ST/STM32CubeIDE_1.16.1/STM32CubeIDE/plugins/com.st.stm32cube.ide.mcu.externaltools.gnu-tools-for-stm32.12.3.rel1.win32_1.1.0.202410251130/tools/bin/../lib/gcc/arm-none-eabi/12.3.1/thumb/v7e-m+fp/hard/crtn.o
 *(.fini)
 .fini          0x08005e28        0x4 C:/ST/STM32CubeIDE_1.16.1/STM32CubeIDE/plugins/com.st.stm32cube.ide.mcu.externaltools.gnu-tools-for-stm32.12.3.rel1.win32_1.1.0.202410251130/tools/bin/../lib/gcc/arm-none-eabi/12.3.1/thumb/v7e-m+fp/hard/crti.o
                0x08005e28                _fini
 .fini          0x08005e2c        0x8 C:/ST/STM32CubeIDE_1.16.1/STM32CubeIDE/plugins/com.st.stm32cube.ide.mcu.externaltools.gnu-tools-for-stm32.12.3.rel1.win32_1.1.0.202410251130/tools/bin/../lib/gcc/arm-none-eabi/12.3.1/thumb/v7e-m+fp/hard/crtn.o
                0x08005e34                        . = ALIGN (0x4)
                0x08005e34                        _etext = .

.vfp11_veneer   0x08005e34        0x0
 .vfp11_veneer  0x08005e34        0x0 linker stubs

.v4_bx          0x08005e34        0x0
 .v4_bx         0x08005e34        0x0 linker stubs

.iplt           0x08005e34        0x0
 .iplt          0x08005e34        0x0 C:/ST/STM32CubeIDE_1.16.1/STM32CubeIDE/plugins/com.st.stm32cube.ide.mcu.externaltools.gnu-tools-for-stm32.12.3.rel1.win32_1.1.0.202410251130/tools/bin/../lib/gcc/arm-none-eabi/12.3.1/thumb/v7e-m+fp/hard/crtbegin.o

.rodata         0x08005e34    0x2cb80
                0x08005e34                        . = ALIGN (0x4)
 *(.rodata)
 *(.rodata*)
 .rodata.tx_buf
                0x08005e34        0xf ./Core/Src/ads1299.o
 *fill*         0x08005e43        0x1 
 .rodata.knowledge
                0x08005e44    0x2cb10 ./Core/Src/main.o
                0x08005e44                knowledge
 .rodata.AHBPrescTable
                0x08032954       0x10 ./Core/Src/system_stm32l4xx.o
                0x08032954                AHBPrescTable
 .rodata.APBPrescTable
                0x08032964        0x8 ./Core/Src/system_stm32l4xx.o
                0x08032964                APBPrescTable
 .rodata.MSIRangeTable
                0x0803296c       0x30 ./Core/Src/system_stm32l4xx.o
                0x0803296c                MSIRangeTable
 .rodata.ln2LO  0x0803299c        0x8 C:/ST/STM32CubeIDE_1.16.1/STM32CubeIDE/plugins/com.st.stm32cube.ide.mcu.externaltools.gnu-tools-for-stm32.12.3.rel1.win32_1.1.0.202410251130/tools/bin/../lib/gcc/arm-none-eabi/12.3.1/../../../../arm-none-eabi/lib/thumb/v7e-m+fp/hard\libm.a(libm_a-ef_exp.o)
 .rodata.ln2HI  0x080329a4        0x8 C:/ST/STM32CubeIDE_1.16.1/STM32CubeIDE/plugins/com.st.stm32cube.ide.mcu.externaltools.gnu-tools-for-stm32.12.3.rel1.win32_1.1.0.202410251130/tools/bin/../lib/gcc/arm-none-eabi/12.3.1/../../../../arm-none-eabi/lib/thumb/v7e-m+fp/hard\libm.a(libm_a-ef_exp.o)
 .rodata.halF   0x080329ac        0x8 C:/ST/STM32CubeIDE_1.16.1/STM32CubeIDE/plugins/com.st.stm32cube.ide.mcu.externaltools.gnu-tools-for-stm32.12.3.rel1.win32_1.1.0.202410251130/tools/bin/../lib/gcc/arm-none-eabi/12.3.1/../../../../arm-none-eabi/lib/thumb/v7e-m+fp/hard\libm.a(libm_a-ef_exp.o)
                0x080329b4                        . = ALIGN (0x4)

.ARM.extab      0x080329b4        0x0
                0x080329b4                        . = ALIGN (0x4)
 *(.ARM.extab* .gnu.linkonce.armextab.*)
                0x080329b4                        . = ALIGN (0x4)

.ARM            0x080329b4        0x8
                0x080329b4                        . = ALIGN (0x4)
                0x080329b4                        __exidx_start = .
 *(.ARM.exidx*)
 .ARM.exidx     0x080329b4        0x8 C:/ST/STM32CubeIDE_1.16.1/STM32CubeIDE/plugins/com.st.stm32cube.ide.mcu.externaltools.gnu-tools-for-stm32.12.3.rel1.win32_1.1.0.202410251130/tools/bin/../lib/gcc/arm-none-eabi/12.3.1/thumb/v7e-m+fp/hard\libgcc.a(_udivmoddi4.o)
                0x080329bc                        __exidx_end = .
                0x080329bc                        . = ALIGN (0x4)

.preinit_array  0x080329bc        0x0
                0x080329bc                        . = ALIGN (0x4)
                0x080329bc                        PROVIDE (__preinit_array_start = .)
 *(.preinit_array*)
                0x080329bc                        PROVIDE (__preinit_array_end = .)
                0x080329bc                        . = ALIGN (0x4)

.init_array     0x080329bc        0x4
                0x080329bc                        . = ALIGN (0x4)
                0x080329bc                        PROVIDE (__init_array_start = .)
 *(SORT_BY_NAME(.init_array.*))
 *(.init_array*)
 .init_array    0x080329bc        0x4 C:/ST/STM32CubeIDE_1.16.1/STM32CubeIDE/plugins/com.st.stm32cube.ide.mcu.externaltools.gnu-tools-for-stm32.12.3.rel1.win32_1.1.0.202410251130/tools/bin/../lib/gcc/arm-none-eabi/12.3.1/thumb/v7e-m+fp/hard/crtbegin.o
                0x080329c0                        PROVIDE (__init_array_end = .)
                0x080329c0                        . = ALIGN (0x4)

.fini_array     0x080329c0        0x4
                0x080329c0                        . = ALIGN (0x4)
                [!provide]                        PROVIDE (__fini_array_start = .)
 *(SORT_BY_NAME(.fini_array.*))
 *(.fini_array*)
 .fini_array    0x080329c0        0x4 C:/ST/STM32CubeIDE_1.16.1/STM32CubeIDE/plugins/com.st.stm32cube.ide.mcu.externaltools.gnu-tools-for-stm32.12.3.rel1.win32_1.1.0.202410251130/tools/bin/../lib/gcc/arm-none-eabi/12.3.1/thumb/v7e-m+fp/hard/crtbegin.o
                [!provide]                        PROVIDE (__fini_array_end = .)
                0x080329c4                        . = ALIGN (0x4)
                0x080329c4                        _sidata = LOADADDR (.data)

.rel.dyn        0x080329c4        0x0
 .rel.iplt      0x080329c4        0x0 C:/ST/STM32CubeIDE_1.16.1/STM32CubeIDE/plugins/com.st.stm32cube.ide.mcu.externaltools.gnu-tools-for-stm32.12.3.rel1.win32_1.1.0.202410251130/tools/bin/../lib/gcc/arm-none-eabi/12.3.1/thumb/v7e-m+fp/hard/crtbegin.o

.data           0x20000000       0x5c load address 0x080329c4
                0x20000000                        . = ALIGN (0x4)
                0x20000000                        _sdata = .
 *(.data)
 *(.data*)
 .data.SystemCoreClock
                0x20000000        0x4 ./Core/Src/system_stm32l4xx.o
                0x20000000                SystemCoreClock
 .data.uwTickPrio
                0x20000004        0x4 ./Drivers/STM32L4xx_HAL_Driver/Src/stm32l4xx_hal.o
                0x20000004                uwTickPrio
 .data.uwTickFreq
                0x20000008        0x1 ./Drivers/STM32L4xx_HAL_Driver/Src/stm32l4xx_hal.o
                0x20000008                uwTickFreq
 .data.funccclassifier8
                0x20000009        0x1 C:\Users\pears\OneDrive\Programming_Workspaces\STM32CubeIDE_TEMP\HANDS-EMG-BETTER\Middleware\NanoEdgeAI\Lib\libneai.a(NanoEdgeAI.o)
 *fill*         0x2000000a        0x2 
 .data._impure_ptr
                0x2000000c        0x4 C:/ST/STM32CubeIDE_1.16.1/STM32CubeIDE/plugins/com.st.stm32cube.ide.mcu.externaltools.gnu-tools-for-stm32.12.3.rel1.win32_1.1.0.202410251130/tools/bin/../lib/gcc/arm-none-eabi/12.3.1/../../../../arm-none-eabi/lib/thumb/v7e-m+fp/hard\libc_nano.a(libc_a-impure.o)
                0x2000000c                _impure_ptr
 .data._impure_data
                0x20000010       0x4c C:/ST/STM32CubeIDE_1.16.1/STM32CubeIDE/plugins/com.st.stm32cube.ide.mcu.externaltools.gnu-tools-for-stm32.12.3.rel1.win32_1.1.0.202410251130/tools/bin/../lib/gcc/arm-none-eabi/12.3.1/../../../../arm-none-eabi/lib/thumb/v7e-m+fp/hard\libc_nano.a(libc_a-impure.o)
                0x20000010                _impure_data
 *(.RamFunc)
 *(.RamFunc*)
                0x2000005c                        . = ALIGN (0x4)
                0x2000005c                        _edata = .

.igot.plt       0x2000005c        0x0 load address 0x08032a20
 .igot.plt      0x2000005c        0x0 C:/ST/STM32CubeIDE_1.16.1/STM32CubeIDE/plugins/com.st.stm32cube.ide.mcu.externaltools.gnu-tools-for-stm32.12.3.rel1.win32_1.1.0.202410251130/tools/bin/../lib/gcc/arm-none-eabi/12.3.1/thumb/v7e-m+fp/hard/crtbegin.o
                0x2000005c                        . = ALIGN (0x4)

.bss            0x2000005c     0x6f30 load address 0x08032a20
                0x2000005c                        _sbss = .
                0x2000005c                        __bss_start__ = _sbss
 *(.bss)
 .bss           0x2000005c       0x1c C:/ST/STM32CubeIDE_1.16.1/STM32CubeIDE/plugins/com.st.stm32cube.ide.mcu.externaltools.gnu-tools-for-stm32.12.3.rel1.win32_1.1.0.202410251130/tools/bin/../lib/gcc/arm-none-eabi/12.3.1/thumb/v7e-m+fp/hard/crtbegin.o
 *(.bss*)
 .bss.RX_BUFF   0x20000078        0xf ./Core/Src/ads1299.o
                0x20000078                RX_BUFF
 *fill*         0x20000087        0x1 
 .bss.hspi1     0x20000088       0x64 ./Core/Src/main.o
                0x20000088                hspi1
 .bss.huart2    0x200000ec       0x88 ./Core/Src/main.o
                0x200000ec                huart2
 .bss.ml_buffer
                0x20000174     0x4000 ./Core/Src/main.o
                0x20000174                ml_buffer
 .bss.output_class_buffer
                0x20004174       0x10 ./Core/Src/main.o
                0x20004174                output_class_buffer
 .bss.ml_index  0x20004184        0x2 ./Core/Src/main.o
                0x20004184                ml_index
 .bss.ml_collecting
                0x20004186        0x1 ./Core/Src/main.o
                0x20004186                ml_collecting
 *fill*         0x20004187        0x1 
 .bss.ml_class  0x20004188        0x4 ./Core/Src/main.o
                0x20004188                ml_class
 .bss.intensity_initialized
                0x2000418c        0x1 ./Core/Src/main.o
 *fill*         0x2000418d        0x3 
 .bss.just_triggered
                0x20004190        0x4 ./Core/Src/main.o
                0x20004190                just_triggered
 .bss.ch1_buffer
                0x20004194       0x28 ./Core/Src/main.o
                0x20004194                ch1_buffer
 .bss.ch2_buffer
                0x200041bc       0x28 ./Core/Src/main.o
                0x200041bc                ch2_buffer
 .bss.ch3_buffer
                0x200041e4       0x28 ./Core/Src/main.o
                0x200041e4                ch3_buffer
 .bss.ch4_buffer
                0x2000420c       0x28 ./Core/Src/main.o
                0x2000420c                ch4_buffer
 .bss.ch1_I1    0x20004234        0x4 ./Core/Src/main.o
                0x20004234                ch1_I1
 .bss.ch1_I2    0x20004238        0x4 ./Core/Src/main.o
                0x20004238                ch1_I2
 .bss.ch2_I1    0x2000423c        0x4 ./Core/Src/main.o
                0x2000423c                ch2_I1
 .bss.ch2_I2    0x20004240        0x4 ./Core/Src/main.o
                0x20004240                ch2_I2
 .bss.ch3_I1    0x20004244        0x4 ./Core/Src/main.o
                0x20004244                ch3_I1
 .bss.ch3_I2    0x20004248        0x4 ./Core/Src/main.o
                0x20004248                ch3_I2
 .bss.ch4_I1    0x2000424c        0x4 ./Core/Src/main.o
                0x2000424c                ch4_I1
 .bss.ch4_I2    0x20004250        0x4 ./Core/Src/main.o
                0x20004250                ch4_I2
 .bss.intensity_counter
                0x20004254        0x2 ./Core/Src/main.o
                0x20004254                intensity_counter
 *fill*         0x20004256        0x2 
 .bss.uwTick    0x20004258        0x4 ./Drivers/STM32L4xx_HAL_Driver/Src/stm32l4xx_hal.o
                0x20004258                uwTick
 .bss.varcclassifier91
                0x2000425c        0x4 C:\Users\pears\OneDrive\Programming_Workspaces\STM32CubeIDE_TEMP\HANDS-EMG-BETTER\Middleware\NanoEdgeAI\Lib\libneai.a(NanoEdgeAI.o)
 .bss.varcclassifier90
                0x20004260        0x4 C:\Users\pears\OneDrive\Programming_Workspaces\STM32CubeIDE_TEMP\HANDS-EMG-BETTER\Middleware\NanoEdgeAI\Lib\libneai.a(NanoEdgeAI.o)
 .bss.varcclassifier89
                0x20004264        0x4 C:\Users\pears\OneDrive\Programming_Workspaces\STM32CubeIDE_TEMP\HANDS-EMG-BETTER\Middleware\NanoEdgeAI\Lib\libneai.a(NanoEdgeAI.o)
 .bss.varcclassifier88
                0x20004268        0x4 C:\Users\pears\OneDrive\Programming_Workspaces\STM32CubeIDE_TEMP\HANDS-EMG-BETTER\Middleware\NanoEdgeAI\Lib\libneai.a(NanoEdgeAI.o)
 .bss.varcclassifier87
                0x2000426c        0x4 C:\Users\pears\OneDrive\Programming_Workspaces\STM32CubeIDE_TEMP\HANDS-EMG-BETTER\Middleware\NanoEdgeAI\Lib\libneai.a(NanoEdgeAI.o)
 .bss.varcclassifier85
                0x20004270        0x4 C:\Users\pears\OneDrive\Programming_Workspaces\STM32CubeIDE_TEMP\HANDS-EMG-BETTER\Middleware\NanoEdgeAI\Lib\libneai.a(NanoEdgeAI.o)
 .bss.funccclassifier28
                0x20004274        0x2 C:\Users\pears\OneDrive\Programming_Workspaces\STM32CubeIDE_TEMP\HANDS-EMG-BETTER\Middleware\NanoEdgeAI\Lib\libneai.a(NanoEdgeAI.o)
 .bss.funccclassifier27
                0x20004276        0x2 C:\Users\pears\OneDrive\Programming_Workspaces\STM32CubeIDE_TEMP\HANDS-EMG-BETTER\Middleware\NanoEdgeAI\Lib\libneai.a(NanoEdgeAI.o)
 .bss.funccclassifier26
                0x20004278        0x4 C:\Users\pears\OneDrive\Programming_Workspaces\STM32CubeIDE_TEMP\HANDS-EMG-BETTER\Middleware\NanoEdgeAI\Lib\libneai.a(NanoEdgeAI.o)
 .bss.funccclassifier25
                0x2000427c        0x4 C:\Users\pears\OneDrive\Programming_Workspaces\STM32CubeIDE_TEMP\HANDS-EMG-BETTER\Middleware\NanoEdgeAI\Lib\libneai.a(NanoEdgeAI.o)
 .bss.funccclassifier23
                0x20004280      0x800 C:\Users\pears\OneDrive\Programming_Workspaces\STM32CubeIDE_TEMP\HANDS-EMG-BETTER\Middleware\NanoEdgeAI\Lib\libneai.a(NanoEdgeAI.o)
 .bss.funccclassifier22
                0x20004a80     0x1000 C:\Users\pears\OneDrive\Programming_Workspaces\STM32CubeIDE_TEMP\HANDS-EMG-BETTER\Middleware\NanoEdgeAI\Lib\libneai.a(NanoEdgeAI.o)
 .bss.funccclassifier21
                0x20005a80     0x1000 C:\Users\pears\OneDrive\Programming_Workspaces\STM32CubeIDE_TEMP\HANDS-EMG-BETTER\Middleware\NanoEdgeAI\Lib\libneai.a(NanoEdgeAI.o)
 .bss.funccclassifier2
                0x20006a80      0x3d0 C:\Users\pears\OneDrive\Programming_Workspaces\STM32CubeIDE_TEMP\HANDS-EMG-BETTER\Middleware\NanoEdgeAI\Lib\libneai.a(NanoEdgeAI.o)
 .bss.__sf      0x20006e50      0x138 C:/ST/STM32CubeIDE_1.16.1/STM32CubeIDE/plugins/com.st.stm32cube.ide.mcu.externaltools.gnu-tools-for-stm32.12.3.rel1.win32_1.1.0.202410251130/tools/bin/../lib/gcc/arm-none-eabi/12.3.1/../../../../arm-none-eabi/lib/thumb/v7e-m+fp/hard\libc_nano.a(libc_a-findfp.o)
                0x20006e50                __sf
 .bss.__stdio_exit_handler
                0x20006f88        0x4 C:/ST/STM32CubeIDE_1.16.1/STM32CubeIDE/plugins/com.st.stm32cube.ide.mcu.externaltools.gnu-tools-for-stm32.12.3.rel1.win32_1.1.0.202410251130/tools/bin/../lib/gcc/arm-none-eabi/12.3.1/../../../../arm-none-eabi/lib/thumb/v7e-m+fp/hard\libc_nano.a(libc_a-findfp.o)
                0x20006f88                __stdio_exit_handler
 *(COMMON)
                0x20006f8c                        . = ALIGN (0x4)
                0x20006f8c                        _ebss = .
                0x20006f8c                        __bss_end__ = _ebss

._user_heap_stack
                0x20006f8c      0x604 load address 0x08032a20
                0x20006f90                        . = ALIGN (0x8)
 *fill*         0x20006f8c        0x4 
                [!provide]                        PROVIDE (end = .)
                0x20006f90                        PROVIDE (_end = .)
                0x20007190                        . = (. + _Min_Heap_Size)
 *fill*         0x20006f90      0x200 
                0x20007590                        . = (. + _Min_Stack_Size)
 *fill*         0x20007190      0x400 
                0x20007590                        . = ALIGN (0x8)

/DISCARD/
 libc.a(*)
 libm.a(*)
 libgcc.a(*)

.ARM.attributes
                0x00000000       0x30
 *(.ARM.attributes)
 .ARM.attributes
                0x00000000       0x22 C:/ST/STM32CubeIDE_1.16.1/STM32CubeIDE/plugins/com.st.stm32cube.ide.mcu.externaltools.gnu-tools-for-stm32.12.3.rel1.win32_1.1.0.202410251130/tools/bin/../lib/gcc/arm-none-eabi/12.3.1/thumb/v7e-m+fp/hard/crti.o
 .ARM.attributes
                0x00000022       0x34 C:/ST/STM32CubeIDE_1.16.1/STM32CubeIDE/plugins/com.st.stm32cube.ide.mcu.externaltools.gnu-tools-for-stm32.12.3.rel1.win32_1.1.0.202410251130/tools/bin/../lib/gcc/arm-none-eabi/12.3.1/thumb/v7e-m+fp/hard/crtbegin.o
 .ARM.attributes
                0x00000056       0x34 ./Core/Src/ads1299.o
 .ARM.attributes
                0x0000008a       0x34 ./Core/Src/main.o
 .ARM.attributes
                0x000000be       0x34 ./Core/Src/stm32l4xx_hal_msp.o
 .ARM.attributes
                0x000000f2       0x34 ./Core/Src/stm32l4xx_it.o
 .ARM.attributes
                0x00000126       0x34 ./Core/Src/syscalls.o
 .ARM.attributes
                0x0000015a       0x34 ./Core/Src/system_stm32l4xx.o
 .ARM.attributes
                0x0000018e       0x21 ./Core/Startup/startup_stm32l496rgtx.o
 .ARM.attributes
                0x000001af       0x34 ./Drivers/STM32L4xx_HAL_Driver/Src/stm32l4xx_hal.o
 .ARM.attributes
                0x000001e3       0x34 ./Drivers/STM32L4xx_HAL_Driver/Src/stm32l4xx_hal_cortex.o
 .ARM.attributes
                0x00000217       0x34 ./Drivers/STM32L4xx_HAL_Driver/Src/stm32l4xx_hal_dma.o
 .ARM.attributes
                0x0000024b       0x34 ./Drivers/STM32L4xx_HAL_Driver/Src/stm32l4xx_hal_gpio.o
 .ARM.attributes
                0x0000027f       0x34 ./Drivers/STM32L4xx_HAL_Driver/Src/stm32l4xx_hal_pwr_ex.o
 .ARM.attributes
                0x000002b3       0x34 ./Drivers/STM32L4xx_HAL_Driver/Src/stm32l4xx_hal_rcc.o
 .ARM.attributes
                0x000002e7       0x34 ./Drivers/STM32L4xx_HAL_Driver/Src/stm32l4xx_hal_rcc_ex.o
 .ARM.attributes
                0x0000031b       0x34 ./Drivers/STM32L4xx_HAL_Driver/Src/stm32l4xx_hal_spi.o
 .ARM.attributes
                0x0000034f       0x34 ./Drivers/STM32L4xx_HAL_Driver/Src/stm32l4xx_hal_uart.o
 .ARM.attributes
                0x00000383       0x34 C:\Users\pears\OneDrive\Programming_Workspaces\STM32CubeIDE_TEMP\HANDS-EMG-BETTER\Middleware\NanoEdgeAI\Lib\libneai.a(NanoEdgeAI.o)
 .ARM.attributes
                0x000003b7       0x34 C:/ST/STM32CubeIDE_1.16.1/STM32CubeIDE/plugins/com.st.stm32cube.ide.mcu.externaltools.gnu-tools-for-stm32.12.3.rel1.win32_1.1.0.202410251130/tools/bin/../lib/gcc/arm-none-eabi/12.3.1/../../../../arm-none-eabi/lib/thumb/v7e-m+fp/hard\libc_nano.a(libc_a-exit.o)
 .ARM.attributes
                0x000003eb       0x34 C:/ST/STM32CubeIDE_1.16.1/STM32CubeIDE/plugins/com.st.stm32cube.ide.mcu.externaltools.gnu-tools-for-stm32.12.3.rel1.win32_1.1.0.202410251130/tools/bin/../lib/gcc/arm-none-eabi/12.3.1/../../../../arm-none-eabi/lib/thumb/v7e-m+fp/hard\libc_nano.a(libc_a-findfp.o)
 .ARM.attributes
                0x0000041f       0x34 C:/ST/STM32CubeIDE_1.16.1/STM32CubeIDE/plugins/com.st.stm32cube.ide.mcu.externaltools.gnu-tools-for-stm32.12.3.rel1.win32_1.1.0.202410251130/tools/bin/../lib/gcc/arm-none-eabi/12.3.1/../../../../arm-none-eabi/lib/thumb/v7e-m+fp/hard\libc_nano.a(libc_a-memset.o)
 .ARM.attributes
                0x00000453       0x34 C:/ST/STM32CubeIDE_1.16.1/STM32CubeIDE/plugins/com.st.stm32cube.ide.mcu.externaltools.gnu-tools-for-stm32.12.3.rel1.win32_1.1.0.202410251130/tools/bin/../lib/gcc/arm-none-eabi/12.3.1/../../../../arm-none-eabi/lib/thumb/v7e-m+fp/hard\libc_nano.a(libc_a-impure.o)
 .ARM.attributes
                0x00000487       0x34 C:/ST/STM32CubeIDE_1.16.1/STM32CubeIDE/plugins/com.st.stm32cube.ide.mcu.externaltools.gnu-tools-for-stm32.12.3.rel1.win32_1.1.0.202410251130/tools/bin/../lib/gcc/arm-none-eabi/12.3.1/../../../../arm-none-eabi/lib/thumb/v7e-m+fp/hard\libc_nano.a(libc_a-errno.o)
 .ARM.attributes
                0x000004bb       0x34 C:/ST/STM32CubeIDE_1.16.1/STM32CubeIDE/plugins/com.st.stm32cube.ide.mcu.externaltools.gnu-tools-for-stm32.12.3.rel1.win32_1.1.0.202410251130/tools/bin/../lib/gcc/arm-none-eabi/12.3.1/../../../../arm-none-eabi/lib/thumb/v7e-m+fp/hard\libc_nano.a(libc_a-init.o)
 .ARM.attributes
                0x000004ef       0x34 C:/ST/STM32CubeIDE_1.16.1/STM32CubeIDE/plugins/com.st.stm32cube.ide.mcu.externaltools.gnu-tools-for-stm32.12.3.rel1.win32_1.1.0.202410251130/tools/bin/../lib/gcc/arm-none-eabi/12.3.1/../../../../arm-none-eabi/lib/thumb/v7e-m+fp/hard\libc_nano.a(libc_a-memcpy-stub.o)
 .ARM.attributes
                0x00000523       0x34 C:/ST/STM32CubeIDE_1.16.1/STM32CubeIDE/plugins/com.st.stm32cube.ide.mcu.externaltools.gnu-tools-for-stm32.12.3.rel1.win32_1.1.0.202410251130/tools/bin/../lib/gcc/arm-none-eabi/12.3.1/../../../../arm-none-eabi/lib/thumb/v7e-m+fp/hard\libm.a(libm_a-wf_exp.o)
 .ARM.attributes
                0x00000557       0x34 C:/ST/STM32CubeIDE_1.16.1/STM32CubeIDE/plugins/com.st.stm32cube.ide.mcu.externaltools.gnu-tools-for-stm32.12.3.rel1.win32_1.1.0.202410251130/tools/bin/../lib/gcc/arm-none-eabi/12.3.1/../../../../arm-none-eabi/lib/thumb/v7e-m+fp/hard\libm.a(libm_a-wf_sqrt.o)
 .ARM.attributes
                0x0000058b       0x34 C:/ST/STM32CubeIDE_1.16.1/STM32CubeIDE/plugins/com.st.stm32cube.ide.mcu.externaltools.gnu-tools-for-stm32.12.3.rel1.win32_1.1.0.202410251130/tools/bin/../lib/gcc/arm-none-eabi/12.3.1/../../../../arm-none-eabi/lib/thumb/v7e-m+fp/hard\libm.a(libm_a-sf_finite.o)
 .ARM.attributes
                0x000005bf       0x34 C:/ST/STM32CubeIDE_1.16.1/STM32CubeIDE/plugins/com.st.stm32cube.ide.mcu.externaltools.gnu-tools-for-stm32.12.3.rel1.win32_1.1.0.202410251130/tools/bin/../lib/gcc/arm-none-eabi/12.3.1/../../../../arm-none-eabi/lib/thumb/v7e-m+fp/hard\libm.a(libm_a-sf_fmax.o)
 .ARM.attributes
                0x000005f3       0x34 C:/ST/STM32CubeIDE_1.16.1/STM32CubeIDE/plugins/com.st.stm32cube.ide.mcu.externaltools.gnu-tools-for-stm32.12.3.rel1.win32_1.1.0.202410251130/tools/bin/../lib/gcc/arm-none-eabi/12.3.1/../../../../arm-none-eabi/lib/thumb/v7e-m+fp/hard\libm.a(libm_a-sf_fmin.o)
 .ARM.attributes
                0x00000627       0x34 C:/ST/STM32CubeIDE_1.16.1/STM32CubeIDE/plugins/com.st.stm32cube.ide.mcu.externaltools.gnu-tools-for-stm32.12.3.rel1.win32_1.1.0.202410251130/tools/bin/../lib/gcc/arm-none-eabi/12.3.1/../../../../arm-none-eabi/lib/thumb/v7e-m+fp/hard\libm.a(libm_a-sf_fpclassify.o)
 .ARM.attributes
                0x0000065b       0x34 C:/ST/STM32CubeIDE_1.16.1/STM32CubeIDE/plugins/com.st.stm32cube.ide.mcu.externaltools.gnu-tools-for-stm32.12.3.rel1.win32_1.1.0.202410251130/tools/bin/../lib/gcc/arm-none-eabi/12.3.1/../../../../arm-none-eabi/lib/thumb/v7e-m+fp/hard\libm.a(libm_a-ef_sqrt.o)
 .ARM.attributes
                0x0000068f       0x34 C:/ST/STM32CubeIDE_1.16.1/STM32CubeIDE/plugins/com.st.stm32cube.ide.mcu.externaltools.gnu-tools-for-stm32.12.3.rel1.win32_1.1.0.202410251130/tools/bin/../lib/gcc/arm-none-eabi/12.3.1/../../../../arm-none-eabi/lib/thumb/v7e-m+fp/hard\libm.a(libm_a-ef_exp.o)
 .ARM.attributes
                0x000006c3       0x34 C:/ST/STM32CubeIDE_1.16.1/STM32CubeIDE/plugins/com.st.stm32cube.ide.mcu.externaltools.gnu-tools-for-stm32.12.3.rel1.win32_1.1.0.202410251130/tools/bin/../lib/gcc/arm-none-eabi/12.3.1/../../../../arm-none-eabi/lib/thumb/v7e-m+fp/hard\libm.a(libm_a-math_errf.o)
 .ARM.attributes
                0x000006f7       0x22 C:/ST/STM32CubeIDE_1.16.1/STM32CubeIDE/plugins/com.st.stm32cube.ide.mcu.externaltools.gnu-tools-for-stm32.12.3.rel1.win32_1.1.0.202410251130/tools/bin/../lib/gcc/arm-none-eabi/12.3.1/thumb/v7e-m+fp/hard\libgcc.a(_arm_addsubdf3.o)
 .ARM.attributes
                0x00000719       0x22 C:/ST/STM32CubeIDE_1.16.1/STM32CubeIDE/plugins/com.st.stm32cube.ide.mcu.externaltools.gnu-tools-for-stm32.12.3.rel1.win32_1.1.0.202410251130/tools/bin/../lib/gcc/arm-none-eabi/12.3.1/thumb/v7e-m+fp/hard\libgcc.a(_arm_muldivdf3.o)
 .ARM.attributes
                0x0000073b       0x22 C:/ST/STM32CubeIDE_1.16.1/STM32CubeIDE/plugins/com.st.stm32cube.ide.mcu.externaltools.gnu-tools-for-stm32.12.3.rel1.win32_1.1.0.202410251130/tools/bin/../lib/gcc/arm-none-eabi/12.3.1/thumb/v7e-m+fp/hard\libgcc.a(_arm_truncdfsf2.o)
 .ARM.attributes
                0x0000075d       0x22 C:/ST/STM32CubeIDE_1.16.1/STM32CubeIDE/plugins/com.st.stm32cube.ide.mcu.externaltools.gnu-tools-for-stm32.12.3.rel1.win32_1.1.0.202410251130/tools/bin/../lib/gcc/arm-none-eabi/12.3.1/thumb/v7e-m+fp/hard\libgcc.a(_aeabi_uldivmod.o)
 .ARM.attributes
                0x0000077f       0x34 C:/ST/STM32CubeIDE_1.16.1/STM32CubeIDE/plugins/com.st.stm32cube.ide.mcu.externaltools.gnu-tools-for-stm32.12.3.rel1.win32_1.1.0.202410251130/tools/bin/../lib/gcc/arm-none-eabi/12.3.1/thumb/v7e-m+fp/hard\libgcc.a(_udivmoddi4.o)
 .ARM.attributes
                0x000007b3       0x22 C:/ST/STM32CubeIDE_1.16.1/STM32CubeIDE/plugins/com.st.stm32cube.ide.mcu.externaltools.gnu-tools-for-stm32.12.3.rel1.win32_1.1.0.202410251130/tools/bin/../lib/gcc/arm-none-eabi/12.3.1/thumb/v7e-m+fp/hard\libgcc.a(_dvmd_tls.o)
 .ARM.attributes
                0x000007d5       0x22 C:/ST/STM32CubeIDE_1.16.1/STM32CubeIDE/plugins/com.st.stm32cube.ide.mcu.externaltools.gnu-tools-for-stm32.12.3.rel1.win32_1.1.0.202410251130/tools/bin/../lib/gcc/arm-none-eabi/12.3.1/thumb/v7e-m+fp/hard/crtn.o
OUTPUT(HANDS-EMG-FW.elf elf32-littlearm)
LOAD linker stubs
LOAD C:/ST/STM32CubeIDE_1.16.1/STM32CubeIDE/plugins/com.st.stm32cube.ide.mcu.externaltools.gnu-tools-for-stm32.12.3.rel1.win32_1.1.0.202410251130/tools/bin/../lib/gcc/arm-none-eabi/12.3.1/../../../../arm-none-eabi/lib/thumb/v7e-m+fp/hard\libc.a
LOAD C:/ST/STM32CubeIDE_1.16.1/STM32CubeIDE/plugins/com.st.stm32cube.ide.mcu.externaltools.gnu-tools-for-stm32.12.3.rel1.win32_1.1.0.202410251130/tools/bin/../lib/gcc/arm-none-eabi/12.3.1/../../../../arm-none-eabi/lib/thumb/v7e-m+fp/hard\libm.a
LOAD C:/ST/STM32CubeIDE_1.16.1/STM32CubeIDE/plugins/com.st.stm32cube.ide.mcu.externaltools.gnu-tools-for-stm32.12.3.rel1.win32_1.1.0.202410251130/tools/bin/../lib/gcc/arm-none-eabi/12.3.1/thumb/v7e-m+fp/hard\libgcc.a

.debug_info     0x00000000     0xe5a0
 .debug_info    0x00000000      0x946 ./Core/Src/ads1299.o
 .debug_info    0x00000946     0x17a0 ./Core/Src/main.o
 .debug_info    0x000020e6     0x12f9 ./Core/Src/stm32l4xx_hal_msp.o
 .debug_info    0x000033df      0x65c ./Core/Src/stm32l4xx_it.o
 .debug_info    0x00003a3b      0x6a3 ./Core/Src/syscalls.o
 .debug_info    0x000040de      0x5cd ./Core/Src/system_stm32l4xx.o
 .debug_info    0x000046ab       0x30 ./Core/Startup/startup_stm32l496rgtx.o
 .debug_info    0x000046db      0xb4b ./Drivers/STM32L4xx_HAL_Driver/Src/stm32l4xx_hal.o
 .debug_info    0x00005226      0xdb7 ./Drivers/STM32L4xx_HAL_Driver/Src/stm32l4xx_hal_cortex.o
 .debug_info    0x00005fdd      0x6f4 ./Drivers/STM32L4xx_HAL_Driver/Src/stm32l4xx_hal_dma.o
 .debug_info    0x000066d1      0x76f ./Drivers/STM32L4xx_HAL_Driver/Src/stm32l4xx_hal_gpio.o
 .debug_info    0x00006e40      0x996 ./Drivers/STM32L4xx_HAL_Driver/Src/stm32l4xx_hal_pwr_ex.o
 .debug_info    0x000077d6      0xc3b ./Drivers/STM32L4xx_HAL_Driver/Src/stm32l4xx_hal_rcc.o
 .debug_info    0x00008411     0x10c1 ./Drivers/STM32L4xx_HAL_Driver/Src/stm32l4xx_hal_rcc_ex.o
 .debug_info    0x000094d2     0x1549 ./Drivers/STM32L4xx_HAL_Driver/Src/stm32l4xx_hal_spi.o
 .debug_info    0x0000aa1b     0x3b85 ./Drivers/STM32L4xx_HAL_Driver/Src/stm32l4xx_hal_uart.o

.debug_abbrev   0x00000000     0x20fa
 .debug_abbrev  0x00000000      0x1e7 ./Core/Src/ads1299.o
 .debug_abbrev  0x000001e7      0x31b ./Core/Src/main.o
 .debug_abbrev  0x00000502      0x1d9 ./Core/Src/stm32l4xx_hal_msp.o
 .debug_abbrev  0x000006db      0x187 ./Core/Src/stm32l4xx_it.o
 .debug_abbrev  0x00000862      0x1b6 ./Core/Src/syscalls.o
 .debug_abbrev  0x00000a18      0x11a ./Core/Src/system_stm32l4xx.o
 .debug_abbrev  0x00000b32       0x24 ./Core/Startup/startup_stm32l496rgtx.o
 .debug_abbrev  0x00000b56      0x242 ./Drivers/STM32L4xx_HAL_Driver/Src/stm32l4xx_hal.o
 .debug_abbrev  0x00000d98      0x31c ./Drivers/STM32L4xx_HAL_Driver/Src/stm32l4xx_hal_cortex.o
 .debug_abbrev  0x000010b4      0x1e4 ./Drivers/STM32L4xx_HAL_Driver/Src/stm32l4xx_hal_dma.o
 .debug_abbrev  0x00001298      0x1cb ./Drivers/STM32L4xx_HAL_Driver/Src/stm32l4xx_hal_gpio.o
 .debug_abbrev  0x00001463      0x1f9 ./Drivers/STM32L4xx_HAL_Driver/Src/stm32l4xx_hal_pwr_ex.o
 .debug_abbrev  0x0000165c      0x2cb ./Drivers/STM32L4xx_HAL_Driver/Src/stm32l4xx_hal_rcc.o
 .debug_abbrev  0x00001927      0x2a3 ./Drivers/STM32L4xx_HAL_Driver/Src/stm32l4xx_hal_rcc_ex.o
 .debug_abbrev  0x00001bca      0x260 ./Drivers/STM32L4xx_HAL_Driver/Src/stm32l4xx_hal_spi.o
 .debug_abbrev  0x00001e2a      0x2d0 ./Drivers/STM32L4xx_HAL_Driver/Src/stm32l4xx_hal_uart.o

.debug_aranges  0x00000000      0xc68
 .debug_aranges
                0x00000000       0x50 ./Core/Src/ads1299.o
 .debug_aranges
                0x00000050       0x58 ./Core/Src/main.o
 .debug_aranges
                0x000000a8       0x40 ./Core/Src/stm32l4xx_hal_msp.o
 .debug_aranges
                0x000000e8       0x70 ./Core/Src/stm32l4xx_it.o
 .debug_aranges
                0x00000158       0xa8 ./Core/Src/syscalls.o
 .debug_aranges
                0x00000200       0x28 ./Core/Src/system_stm32l4xx.o
 .debug_aranges
                0x00000228       0x28 ./Core/Startup/startup_stm32l496rgtx.o
 .debug_aranges
                0x00000250      0x130 ./Drivers/STM32L4xx_HAL_Driver/Src/stm32l4xx_hal.o
 .debug_aranges
                0x00000380      0x128 ./Drivers/STM32L4xx_HAL_Driver/Src/stm32l4xx_hal_cortex.o
 .debug_aranges
                0x000004a8       0x80 ./Drivers/STM32L4xx_HAL_Driver/Src/stm32l4xx_hal_dma.o
 .debug_aranges
                0x00000528       0x58 ./Drivers/STM32L4xx_HAL_Driver/Src/stm32l4xx_hal_gpio.o
 .debug_aranges
                0x00000580      0x150 ./Drivers/STM32L4xx_HAL_Driver/Src/stm32l4xx_hal_pwr_ex.o
 .debug_aranges
                0x000006d0       0x90 ./Drivers/STM32L4xx_HAL_Driver/Src/stm32l4xx_hal_rcc.o
 .debug_aranges
                0x00000760      0x108 ./Drivers/STM32L4xx_HAL_Driver/Src/stm32l4xx_hal_rcc_ex.o
 .debug_aranges
                0x00000868      0x1d8 ./Drivers/STM32L4xx_HAL_Driver/Src/stm32l4xx_hal_spi.o
 .debug_aranges
                0x00000a40      0x228 ./Drivers/STM32L4xx_HAL_Driver/Src/stm32l4xx_hal_uart.o

.debug_rnglists
                0x00000000      0x987
 .debug_rnglists
                0x00000000       0x38 ./Core/Src/ads1299.o
 .debug_rnglists
                0x00000038       0x40 ./Core/Src/main.o
 .debug_rnglists
                0x00000078       0x2d ./Core/Src/stm32l4xx_hal_msp.o
 .debug_rnglists
                0x000000a5       0x4f ./Core/Src/stm32l4xx_it.o
 .debug_rnglists
                0x000000f4       0x79 ./Core/Src/syscalls.o
 .debug_rnglists
                0x0000016d       0x1a ./Core/Src/system_stm32l4xx.o
 .debug_rnglists
                0x00000187       0x19 ./Core/Startup/startup_stm32l496rgtx.o
 .debug_rnglists
                0x000001a0       0xdf ./Drivers/STM32L4xx_HAL_Driver/Src/stm32l4xx_hal.o
 .debug_rnglists
                0x0000027f       0xda ./Drivers/STM32L4xx_HAL_Driver/Src/stm32l4xx_hal_cortex.o
 .debug_rnglists
                0x00000359       0x64 ./Drivers/STM32L4xx_HAL_Driver/Src/stm32l4xx_hal_dma.o
 .debug_rnglists
                0x000003bd       0x3f ./Drivers/STM32L4xx_HAL_Driver/Src/stm32l4xx_hal_gpio.o
 .debug_rnglists
                0x000003fc       0xfd ./Drivers/STM32L4xx_HAL_Driver/Src/stm32l4xx_hal_pwr_ex.o
 .debug_rnglists
                0x000004f9       0x6d ./Drivers/STM32L4xx_HAL_Driver/Src/stm32l4xx_hal_rcc.o
 .debug_rnglists
                0x00000566       0xce ./Drivers/STM32L4xx_HAL_Driver/Src/stm32l4xx_hal_rcc_ex.o
 .debug_rnglists
                0x00000634      0x178 ./Drivers/STM32L4xx_HAL_Driver/Src/stm32l4xx_hal_spi.o
 .debug_rnglists
                0x000007ac      0x1db ./Drivers/STM32L4xx_HAL_Driver/Src/stm32l4xx_hal_uart.o

.debug_macro    0x00000000    0x29b48
 .debug_macro   0x00000000      0x1d9 ./Core/Src/ads1299.o
 .debug_macro   0x000001d9      0xab4 ./Core/Src/ads1299.o
 .debug_macro   0x00000c8d       0x22 ./Core/Src/ads1299.o
 .debug_macro   0x00000caf       0x8e ./Core/Src/ads1299.o
 .debug_macro   0x00000d3d       0x51 ./Core/Src/ads1299.o
 .debug_macro   0x00000d8e      0x103 ./Core/Src/ads1299.o
 .debug_macro   0x00000e91       0x6a ./Core/Src/ads1299.o
 .debug_macro   0x00000efb      0x1df ./Core/Src/ads1299.o
 .debug_macro   0x000010da      0x1a7 ./Core/Src/ads1299.o
 .debug_macro   0x00001281       0x2e ./Core/Src/ads1299.o
 .debug_macro   0x000012af       0x28 ./Core/Src/ads1299.o
 .debug_macro   0x000012d7       0x1c ./Core/Src/ads1299.o
 .debug_macro   0x000012f3       0x22 ./Core/Src/ads1299.o
 .debug_macro   0x00001315       0xfb ./Core/Src/ads1299.o
 .debug_macro   0x00001410     0x1011 ./Core/Src/ads1299.o
 .debug_macro   0x00002421      0x11f ./Core/Src/ads1299.o
 .debug_macro   0x00002540    0x1c1e2 ./Core/Src/ads1299.o
 .debug_macro   0x0001e722       0x6d ./Core/Src/ads1299.o
 .debug_macro   0x0001e78f     0x38fb ./Core/Src/ads1299.o
 .debug_macro   0x0002208a      0x189 ./Core/Src/ads1299.o
 .debug_macro   0x00022213       0x5c ./Core/Src/ads1299.o
 .debug_macro   0x0002226f     0x187d ./Core/Src/ads1299.o
 .debug_macro   0x00023aec      0x773 ./Core/Src/ads1299.o
 .debug_macro   0x0002425f      0x1b9 ./Core/Src/ads1299.o
 .debug_macro   0x00024418      0x202 ./Core/Src/ads1299.o
 .debug_macro   0x0002461a      0x26b ./Core/Src/ads1299.o
 .debug_macro   0x00024885      0x23d ./Core/Src/ads1299.o
 .debug_macro   0x00024ac2      0x241 ./Core/Src/ads1299.o
 .debug_macro   0x00024d03      0x3ad ./Core/Src/ads1299.o
 .debug_macro   0x000250b0       0xe4 ./Core/Src/ads1299.o
 .debug_macro   0x00025194      0x122 ./Core/Src/ads1299.o
 .debug_macro   0x000252b6      0x3ef ./Core/Src/ads1299.o
 .debug_macro   0x000256a5      0x2fe ./Core/Src/ads1299.o
 .debug_macro   0x000259a3      0x5cf ./Core/Src/ads1299.o
 .debug_macro   0x00025f72       0x44 ./Core/Src/ads1299.o
 .debug_macro   0x00025fb6      0x433 ./Core/Src/ads1299.o
 .debug_macro   0x000263e9       0x4c ./Core/Src/ads1299.o
 .debug_macro   0x00026435      0x5a4 ./Core/Src/ads1299.o
 .debug_macro   0x000269d9      0x30e ./Core/Src/main.o
 .debug_macro   0x00026ce7       0x46 ./Core/Src/main.o
 .debug_macro   0x00026d2d       0x2a ./Core/Src/main.o
 .debug_macro   0x00026d57       0x61 ./Core/Src/main.o
 .debug_macro   0x00026db8       0x43 ./Core/Src/main.o
 .debug_macro   0x00026dfb       0x34 ./Core/Src/main.o
 .debug_macro   0x00026e2f       0x16 ./Core/Src/main.o
 .debug_macro   0x00026e45       0x35 ./Core/Src/main.o
 .debug_macro   0x00026e7a       0x16 ./Core/Src/main.o
 .debug_macro   0x00026e90       0x43 ./Core/Src/main.o
 .debug_macro   0x00026ed3       0x34 ./Core/Src/main.o
 .debug_macro   0x00026f07       0x10 ./Core/Src/main.o
 .debug_macro   0x00026f17       0x58 ./Core/Src/main.o
 .debug_macro   0x00026f6f       0x8e ./Core/Src/main.o
 .debug_macro   0x00026ffd       0x1c ./Core/Src/main.o
 .debug_macro   0x00027019      0x177 ./Core/Src/main.o
 .debug_macro   0x00027190      0x369 ./Core/Src/main.o
 .debug_macro   0x000274f9       0x16 ./Core/Src/main.o
 .debug_macro   0x0002750f       0x29 ./Core/Src/main.o
 .debug_macro   0x00027538      0x19b ./Core/Src/main.o
 .debug_macro   0x000276d3       0x22 ./Core/Src/main.o
 .debug_macro   0x000276f5       0x28 ./Core/Src/main.o
 .debug_macro   0x0002771d      0x1d0 ./Core/Src/stm32l4xx_hal_msp.o
 .debug_macro   0x000278ed      0x1da ./Core/Src/stm32l4xx_it.o
 .debug_macro   0x00027ac7      0x274 ./Core/Src/syscalls.o
 .debug_macro   0x00027d3b       0x5b ./Core/Src/syscalls.o
 .debug_macro   0x00027d96       0x94 ./Core/Src/syscalls.o
 .debug_macro   0x00027e2a       0x57 ./Core/Src/syscalls.o
 .debug_macro   0x00027e81       0x10 ./Core/Src/syscalls.o
 .debug_macro   0x00027e91       0x10 ./Core/Src/syscalls.o
 .debug_macro   0x00027ea1       0x10 ./Core/Src/syscalls.o
 .debug_macro   0x00027eb1       0x10 ./Core/Src/syscalls.o
 .debug_macro   0x00027ec1       0x1c ./Core/Src/syscalls.o
 .debug_macro   0x00027edd       0x52 ./Core/Src/syscalls.o
 .debug_macro   0x00027f2f       0x22 ./Core/Src/syscalls.o
 .debug_macro   0x00027f51       0x10 ./Core/Src/syscalls.o
 .debug_macro   0x00027f61       0x52 ./Core/Src/syscalls.o
 .debug_macro   0x00027fb3       0xcf ./Core/Src/syscalls.o
 .debug_macro   0x00028082       0x1c ./Core/Src/syscalls.o
 .debug_macro   0x0002809e       0x3d ./Core/Src/syscalls.o
 .debug_macro   0x000280db       0x35 ./Core/Src/syscalls.o
 .debug_macro   0x00028110      0x12c ./Core/Src/syscalls.o
 .debug_macro   0x0002823c       0x10 ./Core/Src/syscalls.o
 .debug_macro   0x0002824c      0x242 ./Core/Src/syscalls.o
 .debug_macro   0x0002848e       0x1c ./Core/Src/syscalls.o
 .debug_macro   0x000284aa       0x10 ./Core/Src/syscalls.o
 .debug_macro   0x000284ba       0x10 ./Core/Src/syscalls.o
 .debug_macro   0x000284ca       0x16 ./Core/Src/syscalls.o
 .debug_macro   0x000284e0      0x146 ./Core/Src/syscalls.o
 .debug_macro   0x00028626      0x18a ./Core/Src/syscalls.o
 .debug_macro   0x000287b0       0x16 ./Core/Src/syscalls.o
 .debug_macro   0x000287c6       0xce ./Core/Src/syscalls.o
 .debug_macro   0x00028894      0x1c1 ./Core/Src/system_stm32l4xx.o
 .debug_macro   0x00028a55      0x20f ./Drivers/STM32L4xx_HAL_Driver/Src/stm32l4xx_hal.o
 .debug_macro   0x00028c64      0x1c1 ./Drivers/STM32L4xx_HAL_Driver/Src/stm32l4xx_hal_cortex.o
 .debug_macro   0x00028e25      0x1c1 ./Drivers/STM32L4xx_HAL_Driver/Src/stm32l4xx_hal_dma.o
 .debug_macro   0x00028fe6      0x1c8 ./Drivers/STM32L4xx_HAL_Driver/Src/stm32l4xx_hal_gpio.o
 .debug_macro   0x000291ae      0x1eb ./Drivers/STM32L4xx_HAL_Driver/Src/stm32l4xx_hal_pwr_ex.o
 .debug_macro   0x00029399      0x203 ./Drivers/STM32L4xx_HAL_Driver/Src/stm32l4xx_hal_rcc.o
 .debug_macro   0x0002959c      0x1f7 ./Drivers/STM32L4xx_HAL_Driver/Src/stm32l4xx_hal_rcc_ex.o
 .debug_macro   0x00029793      0x1c9 ./Drivers/STM32L4xx_HAL_Driver/Src/stm32l4xx_hal_spi.o
 .debug_macro   0x0002995c      0x1ec ./Drivers/STM32L4xx_HAL_Driver/Src/stm32l4xx_hal_uart.o

.debug_line     0x00000000     0xefcd
 .debug_line    0x00000000      0x85b ./Core/Src/ads1299.o
 .debug_line    0x0000085b      0xe24 ./Core/Src/main.o
 .debug_line    0x0000167f      0x7f6 ./Core/Src/stm32l4xx_hal_msp.o
 .debug_line    0x00001e75      0x83a ./Core/Src/stm32l4xx_it.o
 .debug_line    0x000026af      0x8a8 ./Core/Src/syscalls.o
 .debug_line    0x00002f57      0x7e2 ./Core/Src/system_stm32l4xx.o
 .debug_line    0x00003739       0x7a ./Core/Startup/startup_stm32l496rgtx.o
 .debug_line    0x000037b3      0xb3d ./Drivers/STM32L4xx_HAL_Driver/Src/stm32l4xx_hal.o
 .debug_line    0x000042f0      0xd06 ./Drivers/STM32L4xx_HAL_Driver/Src/stm32l4xx_hal_cortex.o
 .debug_line    0x00004ff6      0xd42 ./Drivers/STM32L4xx_HAL_Driver/Src/stm32l4xx_hal_dma.o
 .debug_line    0x00005d38      0xbb1 ./Drivers/STM32L4xx_HAL_Driver/Src/stm32l4xx_hal_gpio.o
 .debug_line    0x000068e9      0xd09 ./Drivers/STM32L4xx_HAL_Driver/Src/stm32l4xx_hal_pwr_ex.o
 .debug_line    0x000075f2      0xffe ./Drivers/STM32L4xx_HAL_Driver/Src/stm32l4xx_hal_rcc.o
 .debug_line    0x000085f0     0x177b ./Drivers/STM32L4xx_HAL_Driver/Src/stm32l4xx_hal_rcc_ex.o
 .debug_line    0x00009d6b     0x2013 ./Drivers/STM32L4xx_HAL_Driver/Src/stm32l4xx_hal_spi.o
 .debug_line    0x0000bd7e     0x324f ./Drivers/STM32L4xx_HAL_Driver/Src/stm32l4xx_hal_uart.o

.debug_str      0x00000000    0xfc7f2
 .debug_str     0x00000000    0xf2c28 ./Core/Src/ads1299.o
                              0xf2f4e (size before relaxing)
 .debug_str     0x000f2c28     0x47db ./Core/Src/main.o
                              0xf772f (size before relaxing)
 .debug_str     0x000f7403      0x323 ./Core/Src/stm32l4xx_hal_msp.o
                              0xf1ba4 (size before relaxing)
 .debug_str     0x000f7726      0x118 ./Core/Src/stm32l4xx_it.o
                              0xf0ffa (size before relaxing)
 .debug_str     0x000f783e     0x25f3 ./Core/Src/syscalls.o
                               0x98d1 (size before relaxing)
 .debug_str     0x000f9e31       0xf2 ./Core/Src/system_stm32l4xx.o
                              0xf0bfc (size before relaxing)
 .debug_str     0x000f9f23       0x44 ./Core/Startup/startup_stm32l496rgtx.o
                                 0x9c (size before relaxing)
 .debug_str     0x000f9f67      0x637 ./Drivers/STM32L4xx_HAL_Driver/Src/stm32l4xx_hal.o
                              0xf1804 (size before relaxing)
 .debug_str     0x000fa59e      0x34b ./Drivers/STM32L4xx_HAL_Driver/Src/stm32l4xx_hal_cortex.o
                              0xf14d7 (size before relaxing)
 .debug_str     0x000fa8e9      0x258 ./Drivers/STM32L4xx_HAL_Driver/Src/stm32l4xx_hal_dma.o
                              0xf0e59 (size before relaxing)
 .debug_str     0x000fab41       0xea ./Drivers/STM32L4xx_HAL_Driver/Src/stm32l4xx_hal_gpio.o
                              0xf0d76 (size before relaxing)
 .debug_str     0x000fac2b      0x4e4 ./Drivers/STM32L4xx_HAL_Driver/Src/stm32l4xx_hal_pwr_ex.o
                              0xf114b (size before relaxing)
 .debug_str     0x000fb10f      0x3ac ./Drivers/STM32L4xx_HAL_Driver/Src/stm32l4xx_hal_rcc.o
                              0xf1249 (size before relaxing)
 .debug_str     0x000fb4bb      0x59a ./Drivers/STM32L4xx_HAL_Driver/Src/stm32l4xx_hal_rcc_ex.o
                              0xf15e4 (size before relaxing)
 .debug_str     0x000fba55      0x51a ./Drivers/STM32L4xx_HAL_Driver/Src/stm32l4xx_hal_spi.o
                              0xf140a (size before relaxing)
 .debug_str     0x000fbf6f      0x883 ./Drivers/STM32L4xx_HAL_Driver/Src/stm32l4xx_hal_uart.o
                              0xf1954 (size before relaxing)

.comment        0x00000000       0x87
 .comment       0x00000000       0x43 ./Core/Src/ads1299.o
                                 0x44 (size before relaxing)
 .comment       0x00000043       0x44 ./Core/Src/main.o
 .comment       0x00000043       0x44 ./Core/Src/stm32l4xx_hal_msp.o
 .comment       0x00000043       0x44 ./Core/Src/stm32l4xx_it.o
 .comment       0x00000043       0x44 ./Core/Src/syscalls.o
 .comment       0x00000043       0x44 ./Core/Src/system_stm32l4xx.o
 .comment       0x00000043       0x44 ./Drivers/STM32L4xx_HAL_Driver/Src/stm32l4xx_hal.o
 .comment       0x00000043       0x44 ./Drivers/STM32L4xx_HAL_Driver/Src/stm32l4xx_hal_cortex.o
 .comment       0x00000043       0x44 ./Drivers/STM32L4xx_HAL_Driver/Src/stm32l4xx_hal_dma.o
 .comment       0x00000043       0x44 ./Drivers/STM32L4xx_HAL_Driver/Src/stm32l4xx_hal_gpio.o
 .comment       0x00000043       0x44 ./Drivers/STM32L4xx_HAL_Driver/Src/stm32l4xx_hal_pwr_ex.o
 .comment       0x00000043       0x44 ./Drivers/STM32L4xx_HAL_Driver/Src/stm32l4xx_hal_rcc.o
 .comment       0x00000043       0x44 ./Drivers/STM32L4xx_HAL_Driver/Src/stm32l4xx_hal_rcc_ex.o
 .comment       0x00000043       0x44 ./Drivers/STM32L4xx_HAL_Driver/Src/stm32l4xx_hal_spi.o
 .comment       0x00000043       0x44 ./Drivers/STM32L4xx_HAL_Driver/Src/stm32l4xx_hal_uart.o
 .comment       0x00000043       0x44 C:\Users\pears\OneDrive\Programming_Workspaces\STM32CubeIDE_TEMP\HANDS-EMG-BETTER\Middleware\NanoEdgeAI\Lib\libneai.a(NanoEdgeAI.o)
                                 0x45 (size before relaxing)

.debug_frame    0x00000000     0x3760
 .debug_frame   0x00000000      0x10c ./Core/Src/ads1299.o
 .debug_frame   0x0000010c      0x114 ./Core/Src/main.o
 .debug_frame   0x00000220       0xcc ./Core/Src/stm32l4xx_hal_msp.o
 .debug_frame   0x000002ec      0x13c ./Core/Src/stm32l4xx_it.o
 .debug_frame   0x00000428      0x2ac ./Core/Src/syscalls.o
 .debug_frame   0x000006d4       0x58 ./Core/Src/system_stm32l4xx.o
 .debug_frame   0x0000072c      0x498 ./Drivers/STM32L4xx_HAL_Driver/Src/stm32l4xx_hal.o
 .debug_frame   0x00000bc4      0x4e8 ./Drivers/STM32L4xx_HAL_Driver/Src/stm32l4xx_hal_cortex.o
 .debug_frame   0x000010ac      0x204 ./Drivers/STM32L4xx_HAL_Driver/Src/stm32l4xx_hal_dma.o
 .debug_frame   0x000012b0      0x14c ./Drivers/STM32L4xx_HAL_Driver/Src/stm32l4xx_hal_gpio.o
 .debug_frame   0x000013fc      0x544 ./Drivers/STM32L4xx_HAL_Driver/Src/stm32l4xx_hal_pwr_ex.o
 .debug_frame   0x00001940      0x21c ./Drivers/STM32L4xx_HAL_Driver/Src/stm32l4xx_hal_rcc.o
 .debug_frame   0x00001b5c      0x43c ./Drivers/STM32L4xx_HAL_Driver/Src/stm32l4xx_hal_rcc_ex.o
 .debug_frame   0x00001f98      0x860 ./Drivers/STM32L4xx_HAL_Driver/Src/stm32l4xx_hal_spi.o
 .debug_frame   0x000027f8      0x9f4 ./Drivers/STM32L4xx_HAL_Driver/Src/stm32l4xx_hal_uart.o
 .debug_frame   0x000031ec       0x28 C:/ST/STM32CubeIDE_1.16.1/STM32CubeIDE/plugins/com.st.stm32cube.ide.mcu.externaltools.gnu-tools-for-stm32.12.3.rel1.win32_1.1.0.202410251130/tools/bin/../lib/gcc/arm-none-eabi/12.3.1/../../../../arm-none-eabi/lib/thumb/v7e-m+fp/hard\libc_nano.a(libc_a-exit.o)
 .debug_frame   0x00003214      0x144 C:/ST/STM32CubeIDE_1.16.1/STM32CubeIDE/plugins/com.st.stm32cube.ide.mcu.externaltools.gnu-tools-for-stm32.12.3.rel1.win32_1.1.0.202410251130/tools/bin/../lib/gcc/arm-none-eabi/12.3.1/../../../../arm-none-eabi/lib/thumb/v7e-m+fp/hard\libc_nano.a(libc_a-findfp.o)
 .debug_frame   0x00003358       0x20 C:/ST/STM32CubeIDE_1.16.1/STM32CubeIDE/plugins/com.st.stm32cube.ide.mcu.externaltools.gnu-tools-for-stm32.12.3.rel1.win32_1.1.0.202410251130/tools/bin/../lib/gcc/arm-none-eabi/12.3.1/../../../../arm-none-eabi/lib/thumb/v7e-m+fp/hard\libc_nano.a(libc_a-memset.o)
 .debug_frame   0x00003378       0x20 C:/ST/STM32CubeIDE_1.16.1/STM32CubeIDE/plugins/com.st.stm32cube.ide.mcu.externaltools.gnu-tools-for-stm32.12.3.rel1.win32_1.1.0.202410251130/tools/bin/../lib/gcc/arm-none-eabi/12.3.1/../../../../arm-none-eabi/lib/thumb/v7e-m+fp/hard\libc_nano.a(libc_a-errno.o)
 .debug_frame   0x00003398       0x2c C:/ST/STM32CubeIDE_1.16.1/STM32CubeIDE/plugins/com.st.stm32cube.ide.mcu.externaltools.gnu-tools-for-stm32.12.3.rel1.win32_1.1.0.202410251130/tools/bin/../lib/gcc/arm-none-eabi/12.3.1/../../../../arm-none-eabi/lib/thumb/v7e-m+fp/hard\libc_nano.a(libc_a-init.o)
 .debug_frame   0x000033c4       0x28 C:/ST/STM32CubeIDE_1.16.1/STM32CubeIDE/plugins/com.st.stm32cube.ide.mcu.externaltools.gnu-tools-for-stm32.12.3.rel1.win32_1.1.0.202410251130/tools/bin/../lib/gcc/arm-none-eabi/12.3.1/../../../../arm-none-eabi/lib/thumb/v7e-m+fp/hard\libc_nano.a(libc_a-memcpy-stub.o)
 .debug_frame   0x000033ec       0x3c C:/ST/STM32CubeIDE_1.16.1/STM32CubeIDE/plugins/com.st.stm32cube.ide.mcu.externaltools.gnu-tools-for-stm32.12.3.rel1.win32_1.1.0.202410251130/tools/bin/../lib/gcc/arm-none-eabi/12.3.1/../../../../arm-none-eabi/lib/thumb/v7e-m+fp/hard\libm.a(libm_a-wf_exp.o)
 .debug_frame   0x00003428       0x38 C:/ST/STM32CubeIDE_1.16.1/STM32CubeIDE/plugins/com.st.stm32cube.ide.mcu.externaltools.gnu-tools-for-stm32.12.3.rel1.win32_1.1.0.202410251130/tools/bin/../lib/gcc/arm-none-eabi/12.3.1/../../../../arm-none-eabi/lib/thumb/v7e-m+fp/hard\libm.a(libm_a-wf_sqrt.o)
 .debug_frame   0x00003460       0x20 C:/ST/STM32CubeIDE_1.16.1/STM32CubeIDE/plugins/com.st.stm32cube.ide.mcu.externaltools.gnu-tools-for-stm32.12.3.rel1.win32_1.1.0.202410251130/tools/bin/../lib/gcc/arm-none-eabi/12.3.1/../../../../arm-none-eabi/lib/thumb/v7e-m+fp/hard\libm.a(libm_a-sf_finite.o)
 .debug_frame   0x00003480       0x3c C:/ST/STM32CubeIDE_1.16.1/STM32CubeIDE/plugins/com.st.stm32cube.ide.mcu.externaltools.gnu-tools-for-stm32.12.3.rel1.win32_1.1.0.202410251130/tools/bin/../lib/gcc/arm-none-eabi/12.3.1/../../../../arm-none-eabi/lib/thumb/v7e-m+fp/hard\libm.a(libm_a-sf_fmax.o)
 .debug_frame   0x000034bc       0x3c C:/ST/STM32CubeIDE_1.16.1/STM32CubeIDE/plugins/com.st.stm32cube.ide.mcu.externaltools.gnu-tools-for-stm32.12.3.rel1.win32_1.1.0.202410251130/tools/bin/../lib/gcc/arm-none-eabi/12.3.1/../../../../arm-none-eabi/lib/thumb/v7e-m+fp/hard\libm.a(libm_a-sf_fmin.o)
 .debug_frame   0x000034f8       0x20 C:/ST/STM32CubeIDE_1.16.1/STM32CubeIDE/plugins/com.st.stm32cube.ide.mcu.externaltools.gnu-tools-for-stm32.12.3.rel1.win32_1.1.0.202410251130/tools/bin/../lib/gcc/arm-none-eabi/12.3.1/../../../../arm-none-eabi/lib/thumb/v7e-m+fp/hard\libm.a(libm_a-sf_fpclassify.o)
 .debug_frame   0x00003518       0x20 C:/ST/STM32CubeIDE_1.16.1/STM32CubeIDE/plugins/com.st.stm32cube.ide.mcu.externaltools.gnu-tools-for-stm32.12.3.rel1.win32_1.1.0.202410251130/tools/bin/../lib/gcc/arm-none-eabi/12.3.1/../../../../arm-none-eabi/lib/thumb/v7e-m+fp/hard\libm.a(libm_a-ef_sqrt.o)
 .debug_frame   0x00003538       0x20 C:/ST/STM32CubeIDE_1.16.1/STM32CubeIDE/plugins/com.st.stm32cube.ide.mcu.externaltools.gnu-tools-for-stm32.12.3.rel1.win32_1.1.0.202410251130/tools/bin/../lib/gcc/arm-none-eabi/12.3.1/../../../../arm-none-eabi/lib/thumb/v7e-m+fp/hard\libm.a(libm_a-ef_exp.o)
 .debug_frame   0x00003558       0x88 C:/ST/STM32CubeIDE_1.16.1/STM32CubeIDE/plugins/com.st.stm32cube.ide.mcu.externaltools.gnu-tools-for-stm32.12.3.rel1.win32_1.1.0.202410251130/tools/bin/../lib/gcc/arm-none-eabi/12.3.1/../../../../arm-none-eabi/lib/thumb/v7e-m+fp/hard\libm.a(libm_a-math_errf.o)
 .debug_frame   0x000035e0       0xac C:/ST/STM32CubeIDE_1.16.1/STM32CubeIDE/plugins/com.st.stm32cube.ide.mcu.externaltools.gnu-tools-for-stm32.12.3.rel1.win32_1.1.0.202410251130/tools/bin/../lib/gcc/arm-none-eabi/12.3.1/thumb/v7e-m+fp/hard\libgcc.a(_arm_addsubdf3.o)
 .debug_frame   0x0000368c       0x50 C:/ST/STM32CubeIDE_1.16.1/STM32CubeIDE/plugins/com.st.stm32cube.ide.mcu.externaltools.gnu-tools-for-stm32.12.3.rel1.win32_1.1.0.202410251130/tools/bin/../lib/gcc/arm-none-eabi/12.3.1/thumb/v7e-m+fp/hard\libgcc.a(_arm_muldivdf3.o)
 .debug_frame   0x000036dc       0x24 C:/ST/STM32CubeIDE_1.16.1/STM32CubeIDE/plugins/com.st.stm32cube.ide.mcu.externaltools.gnu-tools-for-stm32.12.3.rel1.win32_1.1.0.202410251130/tools/bin/../lib/gcc/arm-none-eabi/12.3.1/thumb/v7e-m+fp/hard\libgcc.a(_arm_truncdfsf2.o)
 .debug_frame   0x00003700       0x2c C:/ST/STM32CubeIDE_1.16.1/STM32CubeIDE/plugins/com.st.stm32cube.ide.mcu.externaltools.gnu-tools-for-stm32.12.3.rel1.win32_1.1.0.202410251130/tools/bin/../lib/gcc/arm-none-eabi/12.3.1/thumb/v7e-m+fp/hard\libgcc.a(_aeabi_uldivmod.o)
 .debug_frame   0x0000372c       0x34 C:/ST/STM32CubeIDE_1.16.1/STM32CubeIDE/plugins/com.st.stm32cube.ide.mcu.externaltools.gnu-tools-for-stm32.12.3.rel1.win32_1.1.0.202410251130/tools/bin/../lib/gcc/arm-none-eabi/12.3.1/thumb/v7e-m+fp/hard\libgcc.a(_udivmoddi4.o)

.debug_line_str
                0x00000000       0x80
 .debug_line_str
                0x00000000       0x80 ./Core/Startup/startup_stm32l496rgtx.o
