Archive member included to satisfy reference by file (symbol)

../Middlewares/ST/AI/Lib\NetworkRuntime1000_CM4_GCC.a(ai_platform.o)
                              ./X-CUBE-AI/App/emgclassifier.o (ai_buffer_array_item_set_address)
../Middlewares/ST/AI/Lib\NetworkRuntime1000_CM4_GCC.a(ai_platform_interface.o)
                              ./X-CUBE-AI/App/emgclassifier.o (ai_platform_get_weights_map)
../Middlewares/ST/AI/Lib\NetworkRuntime1000_CM4_GCC.a(core_common.o)
                              ../Middlewares/ST/AI/Lib\NetworkRuntime1000_CM4_GCC.a(ai_platform_interface.o) (core_init)
../Middlewares/ST/AI/Lib\NetworkRuntime1000_CM4_GCC.a(core_mem_manager.o)
                              ../Middlewares/ST/AI/Lib\NetworkRuntime1000_CM4_GCC.a(ai_platform_interface.o) (core_mem_alloc)
../Middlewares/ST/AI/Lib\NetworkRuntime1000_CM4_GCC.a(layers.o)
                              ../Middlewares/ST/AI/Lib\NetworkRuntime1000_CM4_GCC.a(ai_platform_interface.o) (ai_check_custom_types)
../Middlewares/ST/AI/Lib\NetworkRuntime1000_CM4_GCC.a(layers_conv2d_generic_float.o)
                              ./X-CUBE-AI/App/emgclassifier.o (forward_dense)
../Middlewares/ST/AI/Lib\NetworkRuntime1000_CM4_GCC.a(layers_nl_generic_float.o)
                              ./X-CUBE-AI/App/emgclassifier.o (forward_relu)
../Middlewares/ST/AI/Lib\NetworkRuntime1000_CM4_GCC.a(layers_conv2d_integer_scratch.o)
                              ../Middlewares/ST/AI/Lib\NetworkRuntime1000_CM4_GCC.a(layers.o) (get_conv2d_scratch_size)
../Middlewares/ST/AI/Lib\NetworkRuntime1000_CM4_GCC.a(forward_lite_conv2d_if32of32wf32.o)
                              ../Middlewares/ST/AI/Lib\NetworkRuntime1000_CM4_GCC.a(layers_conv2d_generic_float.o) (forward_lite_conv2d_if32of32wf32)
../Middlewares/ST/AI/Lib\NetworkRuntime1000_CM4_GCC.a(lite_nl_softmax_if32of32.o)
                              ../Middlewares/ST/AI/Lib\NetworkRuntime1000_CM4_GCC.a(layers_nl_generic_float.o) (forward_lite_nl_softmax_if32of32_kernel)
../Middlewares/ST/AI/Lib\NetworkRuntime1000_CM4_GCC.a(lite_nl_relu_if32of32.o)
                              ../Middlewares/ST/AI/Lib\NetworkRuntime1000_CM4_GCC.a(layers_nl_generic_float.o) (forward_lite_nl_prelu_if32of32_kernel)
../Middlewares/ST/AI/Lib\NetworkRuntime1000_CM4_GCC.a(lite_dense_if32.o)
                              ../Middlewares/ST/AI/Lib\NetworkRuntime1000_CM4_GCC.a(layers_conv2d_generic_float.o) (lite_decompress_ilutof32)
../Middlewares/ST/AI/Lib\NetworkRuntime1000_CM4_GCC.a(lite_nl_generic_float.o)
                              ../Middlewares/ST/AI/Lib\NetworkRuntime1000_CM4_GCC.a(layers_nl_generic_float.o) (forward_lite_nl_softmax_if32of32)
../Middlewares/ST/AI/Lib\NetworkRuntime1000_CM4_GCC.a(st_int8_fill.o)
                              ../Middlewares/ST/AI/Lib\NetworkRuntime1000_CM4_GCC.a(ai_platform_interface.o) (st_int8_copy)
../Middlewares/ST/AI/Lib\NetworkRuntime1000_CM4_GCC.a(ai_math_helpers.o)
                              ../Middlewares/ST/AI/Lib\NetworkRuntime1000_CM4_GCC.a(layers_nl_generic_float.o) (ai_math_sqrt)
../Middlewares/ST/AI/Lib\NetworkRuntime1000_CM4_GCC.a(ai_datatypes_format.o)
                              ../Middlewares/ST/AI/Lib\NetworkRuntime1000_CM4_GCC.a(ai_platform_interface.o) (ai_array_to_buffer_fmt)
../Middlewares/ST/AI/Lib\NetworkRuntime1000_CM4_GCC.a(ai_datatypes_internal.o)
                              ../Middlewares/ST/AI/Lib\NetworkRuntime1000_CM4_GCC.a(ai_platform_interface.o) (ai_version_get)
../Middlewares/ST/AI/Lib\NetworkRuntime1000_CM4_GCC.a(ai_math_elementwise_mul_int8.o)
                              ../Middlewares/ST/AI/Lib\NetworkRuntime1000_CM4_GCC.a(ai_math_helpers.o) (ai_math_elementwise_mul_int8)
../Middlewares/ST/AI/Lib\NetworkRuntime1000_CM4_GCC.a(ai_math_elementwise_sum_int8.o)
                              ../Middlewares/ST/AI/Lib\NetworkRuntime1000_CM4_GCC.a(ai_math_helpers.o) (ai_math_elementwise_sum_int8)
../Middlewares/ST/AI/Lib\NetworkRuntime1000_CM4_GCC.a(st_align_factor.o)
                              ../Middlewares/ST/AI/Lib\NetworkRuntime1000_CM4_GCC.a(ai_math_helpers.o) (align_factor)
C:/ST/STM32CubeIDE_1.18.0/STM32CubeIDE/plugins/com.st.stm32cube.ide.mcu.externaltools.gnu-tools-for-stm32.13.3.rel1.win32_1.0.0.202411081344/tools/bin/../lib/gcc/arm-none-eabi/13.3.1/../../../../arm-none-eabi/lib/thumb/v7e-m+fp/hard\libc_nano.a(libc_a-exit.o)
                              C:/ST/STM32CubeIDE_1.18.0/STM32CubeIDE/plugins/com.st.stm32cube.ide.mcu.externaltools.gnu-tools-for-stm32.13.3.rel1.win32_1.0.0.202411081344/tools/bin/../lib/gcc/arm-none-eabi/13.3.1/../../../../arm-none-eabi/lib/thumb/v7e-m+fp/hard/crt0.o (exit)
C:/ST/STM32CubeIDE_1.18.0/STM32CubeIDE/plugins/com.st.stm32cube.ide.mcu.externaltools.gnu-tools-for-stm32.13.3.rel1.win32_1.0.0.202411081344/tools/bin/../lib/gcc/arm-none-eabi/13.3.1/../../../../arm-none-eabi/lib/thumb/v7e-m+fp/hard\libc_nano.a(libc_a-malloc.o)
[...]
Memory Configuration

Name             Origin             Length             Attributes
RAM              0x20000000         0x00040000         xrw
RAM2             0x10000000         0x00010000         xrw
FLASH            0x08000000         0x00100000         xr
*default*        0x00000000         0xffffffff

Linker script and memory map

LOAD C:/ST/STM32CubeIDE_1.18.0/STM32CubeIDE/plugins/com.st.stm32cube.ide.mcu.externaltools.gnu-tools-for-stm32.13.3.rel1.win32_1.0.0.202411081344/tools/bin/../lib/gcc/arm-none-eabi/13.3.1/thumb/v7e-m+fp/hard/crti.o
LOAD C:/ST/STM32CubeIDE_1.18.0/STM32CubeIDE/plugins/com.st.stm32cube.ide.mcu.externaltools.gnu-tools-for-stm32.13.3.rel1.win32_1.0.0.202411081344/tools/bin/../lib/gcc/arm-none-eabi/13.3.1/thumb/v7e-m+fp/hard/crtbegin.o
LOAD C:/ST/STM32CubeIDE_1.18.0/STM32CubeIDE/plugins/com.st.stm32cube.ide.mcu.externaltools.gnu-tools-for-stm32.13.3.rel1.win32_1.0.0.202411081344/tools/bin/../lib/gcc/arm-none-eabi/13.3.1/../../../../arm-none-eabi/lib/thumb/v7e-m+fp/hard/crt0.o
LOAD ./Core/Src/feature_extraction.o
LOAD ./Core/Src/gpio.o
LOAD ./Core/Src/i2c.o
LOAD ./Core/Src/main.o
LOAD ./Core/Src/spi.o
LOAD ./Core/Src/stm32l4xx_hal_msp.o
LOAD ./Core/Src/stm32l4xx_it.o
LOAD ./Core/Src/syscalls.o
LOAD ./Core/Src/sysmem.o
LOAD ./Core/Src/system_stm32l4xx.o
LOAD ./Core/Src/usart.o
LOAD ./Core/Src/usb_otg.o
LOAD ./Core/Startup/startup_stm32l496zgtx.o
LOAD ./Drivers/STM32L4xx_HAL_Driver/Src/stm32l4xx_hal.o
LOAD ./Drivers/STM32L4xx_HAL_Driver/Src/stm32l4xx_hal_cortex.o
LOAD ./Drivers/STM32L4xx_HAL_Driver/Src/stm32l4xx_hal_dma.o
LOAD ./Drivers/STM32L4xx_HAL_Driver/Src/stm32l4xx_hal_dma_ex.o
LOAD ./Drivers/STM32L4xx_HAL_Driver/Src/stm32l4xx_hal_exti.o
LOAD ./Drivers/STM32L4xx_HAL_Driver/Src/stm32l4xx_hal_flash.o
LOAD ./Drivers/STM32L4xx_HAL_Driver/Src/stm32l4xx_hal_flash_ex.o
LOAD ./Drivers/STM32L4xx_HAL_Driver/Src/stm32l4xx_hal_flash_ramfunc.o
LOAD ./Drivers/STM32L4xx_HAL_Driver/Src/stm32l4xx_hal_gpio.o
LOAD ./Drivers/STM32L4xx_HAL_Driver/Src/stm32l4xx_hal_i2c.o
LOAD ./Drivers/STM32L4xx_HAL_Driver/Src/stm32l4xx_hal_i2c_ex.o
LOAD ./Drivers/STM32L4xx_HAL_Driver/Src/stm32l4xx_hal_pcd.o
LOAD ./Drivers/STM32L4xx_HAL_Driver/Src/stm32l4xx_hal_pcd_ex.o
LOAD ./Drivers/STM32L4xx_HAL_Driver/Src/stm32l4xx_hal_pwr.o
LOAD ./Drivers/STM32L4xx_HAL_Driver/Src/stm32l4xx_hal_pwr_ex.o
LOAD ./Drivers/STM32L4xx_HAL_Driver/Src/stm32l4xx_hal_rcc.o
LOAD ./Drivers/STM32L4xx_HAL_Driver/Src/stm32l4xx_hal_rcc_ex.o
LOAD ./Drivers/STM32L4xx_HAL_Driver/Src/stm32l4xx_hal_spi.o
LOAD ./Drivers/STM32L4xx_HAL_Driver/Src/stm32l4xx_hal_spi_ex.o
LOAD ./Drivers/STM32L4xx_HAL_Driver/Src/stm32l4xx_hal_uart.o
LOAD ./Drivers/STM32L4xx_HAL_Driver/Src/stm32l4xx_hal_uart_ex.o
LOAD ./Drivers/STM32L4xx_HAL_Driver/Src/stm32l4xx_ll_usb.o
LOAD ./X-CUBE-AI/App/app_x-cube-ai.o
LOAD ./X-CUBE-AI/App/emgclassifier.o
LOAD ./X-CUBE-AI/App/emgclassifier_data.o
LOAD ./X-CUBE-AI/App/emgclassifier_data_params.o
LOAD ../Middlewares/ST/AI/Lib\NetworkRuntime1000_CM4_GCC.a
START GROUP
LOAD C:/ST/STM32CubeIDE_1.18.0/STM32CubeIDE/plugins/com.st.stm32cube.ide.mcu.externaltools.gnu-tools-for-stm32.13.3.rel1.win32_1.0.0.202411081344/tools/bin/../lib/gcc/arm-none-eabi/13.3.1/../../../../arm-none-eabi/lib/thumb/v7e-m+fp/hard\libc_nano.a
LOAD C:/ST/STM32CubeIDE_1.18.0/STM32CubeIDE/plugins/com.st.stm32cube.ide.mcu.externaltools.gnu-tools-for-stm32.13.3.rel1.win32_1.0.0.202411081344/tools/bin/../lib/gcc/arm-none-eabi/13.3.1/../../../../arm-none-eabi/lib/thumb/v7e-m+fp/hard\libm.a
END GROUP
START GROUP
LOAD C:/ST/STM32CubeIDE_1.18.0/STM32CubeIDE/plugins/com.st.stm32cube.ide.mcu.externaltools.gnu-tools-for-stm32.13.3.rel1.win32_1.0.0.202411081344/tools/bin/../lib/gcc/arm-none-eabi/13.3.1/thumb/v7e-m+fp/hard\libgcc.a
LOAD C:/ST/STM32CubeIDE_1.18.0/STM32CubeIDE/plugins/com.st.stm32cube.ide.mcu.externaltools.gnu-tools-for-stm32.13.3.rel1.win32_1.0.0.202411081344/tools/bin/../lib/gcc/arm-none-eabi/13.3.1/../../../../arm-none-eabi/lib/thumb/v7e-m+fp/hard\libc_nano.a
END GROUP
START GROUP
LOAD C:/ST/STM32CubeIDE_1.18.0/STM32CubeIDE/plugins/com.st.stm32cube.ide.mcu.externaltools.gnu-tools-for-stm32.13.3.rel1.win32_1.0.0.202411081344/tools/bin/../lib/gcc/arm-none-eabi/13.3.1/thumb/v7e-m+fp/hard\libgcc.a
LOAD C:/ST/STM32CubeIDE_1.18.0/STM32CubeIDE/plugins/com.st.stm32cube.ide.mcu.externaltools.gnu-tools-for-stm32.13.3.rel1.win32_1.0.0.202411081344/tools/bin/../lib/gcc/arm-none-eabi/13.3.1/../../../../arm-none-eabi/lib/thumb/v7e-m+fp/hard\libc_nano.a
LOAD C:/ST/STM32CubeIDE_1.18.0/STM32CubeIDE/plugins/com.st.stm32cube.ide.mcu.externaltools.gnu-tools-for-stm32.13.3.rel1.win32_1.0.0.202411081344/tools/bin/../lib/gcc/arm-none-eabi/13.3.1/../../../../arm-none-eabi/lib/thumb/v7e-m+fp/hard\libnosys.a
END GROUP
START GROUP
LOAD C:/ST/STM32CubeIDE_1.18.0/STM32CubeIDE/plugins/com.st.stm32cube.ide.mcu.externaltools.gnu-tools-for-stm32.13.3.rel1.win32_1.0.0.202411081344/tools/bin/../lib/gcc/arm-none-eabi/13.3.1/thumb/v7e-m+fp/hard\libgcc.a
LOAD C:/ST/STM32CubeIDE_1.18.0/STM32CubeIDE/plugins/com.st.stm32cube.ide.mcu.externaltools.gnu-tools-for-stm32.13.3.rel1.win32_1.0.0.202411081344/tools/bin/../lib/gcc/arm-none-eabi/13.3.1/../../../../arm-none-eabi/lib/thumb/v7e-m+fp/hard\libc_nano.a
LOAD C:/ST/STM32CubeIDE_1.18.0/STM32CubeIDE/plugins/com.st.stm32cube.ide.mcu.externaltools.gnu-tools-for-stm32.13.3.rel1.win32_1.0.0.202411081344/tools/bin/../lib/gcc/arm-none-eabi/13.3.1/../../../../arm-none-eabi/lib/thumb/v7e-m+fp/hard\libnosys.a
END GROUP
LOAD C:/ST/STM32CubeIDE_1.18.0/STM32CubeIDE/plugins/com.st.stm32cube.ide.mcu.externaltools.gnu-tools-for-stm32.13.3.rel1.win32_1.0.0.202411081344/tools/bin/../lib/gcc/arm-none-eabi/13.3.1/thumb/v7e-m+fp/hard/crtend.o
LOAD C:/ST/STM32CubeIDE_1.18.0/STM32CubeIDE/plugins/com.st.stm32cube.ide.mcu.externaltools.gnu-tools-for-stm32.13.3.rel1.win32_1.0.0.202411081344/tools/bin/../lib/gcc/arm-none-eabi/13.3.1/thumb/v7e-m+fp/hard/crtn.o
                0x20040000                        _estack = (ORIGIN (RAM) + LENGTH (RAM))
                0x00000800                        _Min_Heap_Size = 0x800
                0x00000800                        _Min_Stack_Size = 0x800

.isr_vector     0x08000000      0x1ac
                0x08000000                        . = ALIGN (0x4)
 *(.isr_vector)
 .isr_vector    0x08000000      0x1ac ./Core/Startup/startup_stm32l496zgtx.o
                0x08000000                g_pfnVectors
                0x080001ac                        . = ALIGN (0x4)

.text           0x080001b0     0x9c4c
                0x080001b0                        . = ALIGN (0x4)
 *(.text)
 .text          0x080001b0       0x40 C:/ST/STM32CubeIDE_1.18.0/STM32CubeIDE/plugins/com.st.stm32cube.ide.mcu.externaltools.gnu-tools-for-stm32.13.3.rel1.win32_1.0.0.202411081344/tools/bin/../lib/gcc/arm-none-eabi/13.3.1/thumb/v7e-m+fp/hard/crtbegin.o
 .text          0x080001f0       0xa0 C:/ST/STM32CubeIDE_1.18.0/STM32CubeIDE/plugins/com.st.stm32cube.ide.mcu.externaltools.gnu-tools-for-stm32.13.3.rel1.win32_1.0.0.202411081344/tools/bin/../lib/gcc/arm-none-eabi/13.3.1/../../../../arm-none-eabi/lib/thumb/v7e-m+fp/hard\libc_nano.a(libc_a-memchr.o)
                0x080001f0                memchr
 .text          0x08000290       0x10 C:/ST/STM32CubeIDE_1.18.0/STM32CubeIDE/plugins/com.st.stm32cube.ide.mcu.externaltools.gnu-tools-for-stm32.13.3.rel1.win32_1.0.0.202411081344/tools/bin/../lib/gcc/arm-none-eabi/13.3.1/../../../../arm-none-eabi/lib/thumb/v7e-m+fp/hard\libc_nano.a(libc_a-strlen.o)
                0x08000290                strlen
 .text          0x080002a0      0x378 C:/ST/STM32CubeIDE_1.18.0/STM32CubeIDE/plugins/com.st.stm32cube.ide.mcu.externaltools.gnu-tools-for-stm32.13.3.rel1.win32_1.0.0.202411081344/tools/bin/../lib/gcc/arm-none-eabi/13.3.1/thumb/v7e-m+fp/hard\libgcc.a(_arm_addsubdf3.o)
                0x080002a0                __aeabi_drsub
                0x080002a8                __aeabi_dsub
                0x080002a8                __subdf3
                0x080002ac                __aeabi_dadd
                0x080002ac                __adddf3
                0x08000524                __floatunsidf
                0x08000524                __aeabi_ui2d
                0x08000544                __floatsidf
                0x08000544                __aeabi_i2d
                0x08000568                __aeabi_f2d
                0x08000568                __extendsfdf2
                0x080005ac                __floatundidf
                0x080005ac                __aeabi_ul2d
                0x080005bc                __floatdidf
                0x080005bc                __aeabi_l2d
 .text          0x08000618      0x424 C:/ST/STM32CubeIDE_1.18.0/STM32CubeIDE/plugins/com.st.stm32cube.ide.mcu.externaltools.gnu-tools-for-stm32.13.3.rel1.win32_1.0.0.202411081344/tools/bin/../lib/gcc/arm-none-eabi/13.3.1/thumb/v7e-m+fp/hard\libgcc.a(_arm_muldivdf3.o)
                0x08000618                __aeabi_dmul
                0x08000618                __muldf3
                0x0800086c                __divdf3
                0x0800086c                __aeabi_ddiv
 .text          0x08000a3c      0x110 C:/ST/STM32CubeIDE_1.18.0/STM32CubeIDE/plugins/com.st.stm32cube.ide.mcu.externaltools.gnu-tools-for-stm32.13.3.rel1.win32_1.0.0.202411081344/tools/bin/../lib/gcc/arm-none-eabi/13.3.1/thumb/v7e-m+fp/hard\libgcc.a(_arm_cmpdf2.o)
                0x08000a3c                __gtdf2
                0x08000a3c                __gedf2
                0x08000a44                __ltdf2
                0x08000a44                __ledf2
                0x08000a4c                __nedf2
                0x08000a4c                __eqdf2
                0x08000a4c                __cmpdf2
                0x08000ac8                __aeabi_cdrcmple
                0x08000ad8                __aeabi_cdcmpeq
                0x08000ad8                __aeabi_cdcmple
                0x08000ae8                __aeabi_dcmpeq
                0x08000afc                __aeabi_dcmplt
                0x08000b10                __aeabi_dcmple
                0x08000b24                __aeabi_dcmpge
                0x08000b38                __aeabi_dcmpgt
 .text          0x08000b4c       0x2c C:/ST/STM32CubeIDE_1.18.0/STM32CubeIDE/plugins/com.st.stm32cube.ide.mcu.externaltools.gnu-tools-for-stm32.13.3.rel1.win32_1.0.0.202411081344/tools/bin/../lib/gcc/arm-none-eabi/13.3.1/thumb/v7e-m+fp/hard\libgcc.a(_arm_unorddf2.o)
                0x08000b4c                __unorddf2
                0x08000b4c                __aeabi_dcmpun
 .text          0x08000b78       0x50 C:/ST/STM32CubeIDE_1.18.0/STM32CubeIDE/plugins/com.st.stm32cube.ide.mcu.externaltools.gnu-tools-for-stm32.13.3.rel1.win32_1.0.0.202411081344/tools/bin/../lib/gcc/arm-none-eabi/13.3.1/thumb/v7e-m+fp/hard\libgcc.a(_arm_fixdfsi.o)
                0x08000b78                __aeabi_d2iz
                0x08000b78                __fixdfsi
 .text          0x08000bc8       0x30 C:/ST/STM32CubeIDE_1.18.0/STM32CubeIDE/plugins/com.st.stm32cube.ide.mcu.externaltools.gnu-tools-for-stm32.13.3.rel1.win32_1.0.0.202411081344/tools/bin/../lib/gcc/arm-none-eabi/13.3.1/thumb/v7e-m+fp/hard\libgcc.a(_aeabi_uldivmod.o)
                0x08000bc8                __aeabi_uldivmod
 .text          0x08000bf8      0x2f8 C:/ST/STM32CubeIDE_1.18.0/STM32CubeIDE/plugins/com.st.stm32cube.ide.mcu.externaltools.gnu-tools-for-stm32.13.3.rel1.win32_1.0.0.202411081344/tools/bin/../lib/gcc/arm-none-eabi/13.3.1/thumb/v7e-m+fp/hard\libgcc.a(_udivmoddi4.o)
                0x08000bf8                __udivmoddi4
 .text          0x08000ef0        0x4 C:/ST/STM32CubeIDE_1.18.0/STM32CubeIDE/plugins/com.st.stm32cube.ide.mcu.externaltools.gnu-tools-for-stm32.13.3.rel1.win32_1.0.0.202411081344/tools/bin/../lib/gcc/arm-none-eabi/13.3.1/thumb/v7e-m+fp/hard\libgcc.a(_dvmd_tls.o)
                0x08000ef0                __aeabi_idiv0
                0x08000ef0                __aeabi_ldiv0
 *(.text*)
 .text.convert_adc_data
                0x08000ef4       0x44 ./Core/Src/feature_extraction.o
                0x08000ef4                convert_adc_data
 .text.calculate_features
                0x08000f38      0x44c ./Core/Src/feature_extraction.o
                0x08000f38                calculate_features
 .text.MX_GPIO_Init
                0x08001384       0x48 ./Core/Src/gpio.o
                0x08001384                MX_GPIO_Init
 .text.MX_I2C1_Init
                0x080013cc       0x80 ./Core/Src/i2c.o
                0x080013cc                MX_I2C1_Init
 .text.HAL_I2C_MspInit
                0x0800144c       0xc0 ./Core/Src/i2c.o
                0x0800144c                HAL_I2C_MspInit
 .text.main     0x0800150c       0x68 ./Core/Src/main.o
                0x0800150c                main
 .text.SystemClock_Config
                0x08001574       0xa6 ./Core/Src/main.o
                0x08001574                SystemClock_Config
 .text.Error_Handler
                0x0800161a        0xc ./Core/Src/main.o
                0x0800161a                Error_Handler
 *fill*         0x08001626        0x2 
 .text.MX_SPI1_Init
                0x08001628       0x7c ./Core/Src/spi.o
                0x08001628                MX_SPI1_Init
 .text.HAL_SPI_MspInit
                0x080016a4       0x84 ./Core/Src/spi.o
                0x080016a4                HAL_SPI_MspInit
 .text.HAL_MspInit
                0x08001728       0x48 ./Core/Src/stm32l4xx_hal_msp.o
                0x08001728                HAL_MspInit
 .text.NMI_Handler
                0x08001770        0x8 ./Core/Src/stm32l4xx_it.o
                0x08001770                NMI_Handler
 .text.HardFault_Handler
                0x08001778        0x8 ./Core/Src/stm32l4xx_it.o
                0x08001778                HardFault_Handler
 .text.MemManage_Handler
                0x08001780        0x8 ./Core/Src/stm32l4xx_it.o
                0x08001780                MemManage_Handler
 .text.BusFault_Handler
                0x08001788        0x8 ./Core/Src/stm32l4xx_it.o
                0x08001788                BusFault_Handler
 .text.UsageFault_Handler
                0x08001790        0x8 ./Core/Src/stm32l4xx_it.o
                0x08001790                UsageFault_Handler
 .text.SVC_Handler
                0x08001798        0xe ./Core/Src/stm32l4xx_it.o
                0x08001798                SVC_Handler
 .text.DebugMon_Handler
                0x080017a6        0xe ./Core/Src/stm32l4xx_it.o
                0x080017a6                DebugMon_Handler
 .text.PendSV_Handler
                0x080017b4        0xe ./Core/Src/stm32l4xx_it.o
                0x080017b4                PendSV_Handler
 .text.SysTick_Handler
                0x080017c2        0xc ./Core/Src/stm32l4xx_it.o
                0x080017c2                SysTick_Handler
 .text._close   0x080017ce       0x18 ./Core/Src/syscalls.o
                0x080017ce                _close
 .text._fstat   0x080017e6       0x20 ./Core/Src/syscalls.o
                0x080017e6                _fstat
 .text._isatty  0x08001806       0x16 ./Core/Src/syscalls.o
                0x08001806                _isatty
 .text._lseek   0x0800181c       0x1a ./Core/Src/syscalls.o
                0x0800181c                _lseek
 .text._read    0x08001836       0x1a ./Core/Src/syscalls.o
                0x08001836                _read
 .text._sbrk    0x08001850       0x6c ./Core/Src/sysmem.o
                0x08001850                _sbrk
 .text.SystemInit
                0x080018bc       0x24 ./Core/Src/system_stm32l4xx.o
                0x080018bc                SystemInit
 .text.MX_USART1_UART_Init
                0x080018e0       0x60 ./Core/Src/usart.o
                0x080018e0                MX_USART1_UART_Init
 .text.HAL_UART_MspInit
                0x08001940       0xbc ./Core/Src/usart.o
                0x08001940                HAL_UART_MspInit
 .text.MX_USB_OTG_FS_PCD_Init
                0x080019fc       0x5c ./Core/Src/usb_otg.o
                0x080019fc                MX_USB_OTG_FS_PCD_Init
 .text.HAL_PCD_MspInit
                0x08001a58       0xf4 ./Core/Src/usb_otg.o
                0x08001a58                HAL_PCD_MspInit
 .text.Reset_Handler
                0x08001b4c       0x50 ./Core/Startup/startup_stm32l496zgtx.o
                0x08001b4c                Reset_Handler
 .text.Default_Handler
                0x08001b9c        0x2 ./Core/Startup/startup_stm32l496zgtx.o
                0x08001b9c                RTC_Alarm_IRQHandler
                0x08001b9c                EXTI2_IRQHandler
                0x08001b9c                TIM8_TRG_COM_IRQHandler
                0x08001b9c                TIM8_CC_IRQHandler
                0x08001b9c                TIM1_CC_IRQHandler
                0x08001b9c                TSC_IRQHandler
                0x08001b9c                TAMP_STAMP_IRQHandler
                0x08001b9c                CAN2_RX1_IRQHandler
                0x08001b9c                EXTI3_IRQHandler
                0x08001b9c                LPTIM2_IRQHandler
                0x08001b9c                DFSDM1_FLT1_IRQHandler
                0x08001b9c                I2C3_ER_IRQHandler
                0x08001b9c                DFSDM1_FLT2_IRQHandler
                0x08001b9c                EXTI0_IRQHandler
                0x08001b9c                I2C2_EV_IRQHandler
                0x08001b9c                CAN1_RX0_IRQHandler
                0x08001b9c                FPU_IRQHandler
                0x08001b9c                TIM1_UP_TIM16_IRQHandler
                0x08001b9c                CAN2_SCE_IRQHandler
                0x08001b9c                ADC1_2_IRQHandler
                0x08001b9c                SPI1_IRQHandler
                0x08001b9c                TIM6_DAC_IRQHandler
                0x08001b9c                DCMI_IRQHandler
                0x08001b9c                CAN2_RX0_IRQHandler
                0x08001b9c                TIM8_UP_IRQHandler
                0x08001b9c                DMA2_Channel2_IRQHandler
                0x08001b9c                DMA1_Channel4_IRQHandler
                0x08001b9c                SAI2_IRQHandler
                0x08001b9c                DFSDM1_FLT3_IRQHandler
                0x08001b9c                USART3_IRQHandler
                0x08001b9c                DMA1_Channel7_IRQHandler
                0x08001b9c                CAN1_RX1_IRQHandler
                0x08001b9c                LCD_IRQHandler
                0x08001b9c                UART5_IRQHandler
                0x08001b9c                ADC3_IRQHandler
                0x08001b9c                TIM4_IRQHandler
                0x08001b9c                DMA2_Channel1_IRQHandler
                0x08001b9c                QUADSPI_IRQHandler
                0x08001b9c                I2C1_EV_IRQHandler
                0x08001b9c                DMA1_Channel6_IRQHandler
                0x08001b9c                UART4_IRQHandler
                0x08001b9c                DMA2_Channel4_IRQHandler
                0x08001b9c                TIM3_IRQHandler
                0x08001b9c                RCC_IRQHandler
                0x08001b9c                DMA1_Channel1_IRQHandler
                0x08001b9c                Default_Handler
                0x08001b9c                DMA2_Channel7_IRQHandler
                0x08001b9c                EXTI15_10_IRQHandler
                0x08001b9c                TIM7_IRQHandler
                0x08001b9c                SDMMC1_IRQHandler
                0x08001b9c                CAN2_TX_IRQHandler
                0x08001b9c                TIM5_IRQHandler
                0x08001b9c                I2C3_EV_IRQHandler
                0x08001b9c                EXTI9_5_IRQHandler
                0x08001b9c                RTC_WKUP_IRQHandler
                0x08001b9c                PVD_PVM_IRQHandler
                0x08001b9c                SPI2_IRQHandler
                0x08001b9c                CAN1_TX_IRQHandler
                0x08001b9c                DMA2_Channel5_IRQHandler
                0x08001b9c                CRS_IRQHandler
                0x08001b9c                DMA1_Channel5_IRQHandler
                0x08001b9c                EXTI4_IRQHandler
                0x08001b9c                RNG_IRQHandler
                0x08001b9c                TIM1_TRG_COM_TIM17_IRQHandler
                0x08001b9c                DMA1_Channel3_IRQHandler
                0x08001b9c                COMP_IRQHandler
                0x08001b9c                WWDG_IRQHandler
                0x08001b9c                I2C4_EV_IRQHandler
                0x08001b9c                LPUART1_IRQHandler
                0x08001b9c                DMA2_Channel6_IRQHandler
                0x08001b9c                TIM2_IRQHandler
                0x08001b9c                EXTI1_IRQHandler
                0x08001b9c                USART2_IRQHandler
                0x08001b9c                DFSDM1_FLT0_IRQHandler
                0x08001b9c                I2C2_ER_IRQHandler
                0x08001b9c                DMA1_Channel2_IRQHandler
                0x08001b9c                TIM8_BRK_IRQHandler
                0x08001b9c                CAN1_SCE_IRQHandler
                0x08001b9c                FLASH_IRQHandler
                0x08001b9c                USART1_IRQHandler
                0x08001b9c                OTG_FS_IRQHandler
                0x08001b9c                SPI3_IRQHandler
                0x08001b9c                I2C1_ER_IRQHandler
                0x08001b9c                FMC_IRQHandler
                0x08001b9c                SWPMI1_IRQHandler
                0x08001b9c                LPTIM1_IRQHandler
                0x08001b9c                I2C4_ER_IRQHandler
                0x08001b9c                SAI1_IRQHandler
                0x08001b9c                DMA2_Channel3_IRQHandler
                0x08001b9c                TIM1_BRK_TIM15_IRQHandler
 *fill*         0x08001b9e        0x2 
 .text.HAL_Init
                0x08001ba0       0x40 ./Drivers/STM32L4xx_HAL_Driver/Src/stm32l4xx_hal.o
                0x08001ba0                HAL_Init
 .text.HAL_InitTick
                0x08001be0       0x78 ./Drivers/STM32L4xx_HAL_Driver/Src/stm32l4xx_hal.o
                0x08001be0                HAL_InitTick
 .text.HAL_IncTick
                0x08001c58       0x28 ./Drivers/STM32L4xx_HAL_Driver/Src/stm32l4xx_hal.o
                0x08001c58                HAL_IncTick
 .text.HAL_GetTick
                0x08001c80       0x18 ./Drivers/STM32L4xx_HAL_Driver/Src/stm32l4xx_hal.o
                0x08001c80                HAL_GetTick
 .text.HAL_Delay
                0x08001c98       0x48 ./Drivers/STM32L4xx_HAL_Driver/Src/stm32l4xx_hal.o
                0x08001c98                HAL_Delay
 .text.__NVIC_SetPriorityGrouping
                0x08001ce0       0x48 ./Drivers/STM32L4xx_HAL_Driver/Src/stm32l4xx_hal_cortex.o
 .text.__NVIC_GetPriorityGrouping
                0x08001d28       0x1c ./Drivers/STM32L4xx_HAL_Driver/Src/stm32l4xx_hal_cortex.o
 .text.__NVIC_SetPriority
                0x08001d44       0x54 ./Drivers/STM32L4xx_HAL_Driver/Src/stm32l4xx_hal_cortex.o
 .text.NVIC_EncodePriority
                0x08001d98       0x66 ./Drivers/STM32L4xx_HAL_Driver/Src/stm32l4xx_hal_cortex.o
 *fill*         0x08001dfe        0x2 
 .text.SysTick_Config
                0x08001e00       0x44 ./Drivers/STM32L4xx_HAL_Driver/Src/stm32l4xx_hal_cortex.o
 .text.HAL_NVIC_SetPriorityGrouping
                0x08001e44       0x16 ./Drivers/STM32L4xx_HAL_Driver/Src/stm32l4xx_hal_cortex.o
                0x08001e44                HAL_NVIC_SetPriorityGrouping
 .text.HAL_NVIC_SetPriority
                0x08001e5a       0x38 ./Drivers/STM32L4xx_HAL_Driver/Src/stm32l4xx_hal_cortex.o
                0x08001e5a                HAL_NVIC_SetPriority
 .text.HAL_SYSTICK_Config
                0x08001e92       0x18 ./Drivers/STM32L4xx_HAL_Driver/Src/stm32l4xx_hal_cortex.o
                0x08001e92                HAL_SYSTICK_Config
 *fill*         0x08001eaa        0x2 
 .text.HAL_GPIO_Init
                0x08001eac      0x324 ./Drivers/STM32L4xx_HAL_Driver/Src/stm32l4xx_hal_gpio.o
                0x08001eac                HAL_GPIO_Init
 .text.HAL_I2C_Init
                0x080021d0      0x136 ./Drivers/STM32L4xx_HAL_Driver/Src/stm32l4xx_hal_i2c.o
                0x080021d0                HAL_I2C_Init
 .text.HAL_I2CEx_ConfigAnalogFilter
                0x08002306       0x96 ./Drivers/STM32L4xx_HAL_Driver/Src/stm32l4xx_hal_i2c_ex.o
                0x08002306                HAL_I2CEx_ConfigAnalogFilter
 .text.HAL_I2CEx_ConfigDigitalFilter
                0x0800239c       0x98 ./Drivers/STM32L4xx_HAL_Driver/Src/stm32l4xx_hal_i2c_ex.o
                0x0800239c                HAL_I2CEx_ConfigDigitalFilter
 .text.HAL_PCD_Init
                0x08002434      0x21e ./Drivers/STM32L4xx_HAL_Driver/Src/stm32l4xx_hal_pcd.o
                0x08002434                HAL_PCD_Init
 .text.HAL_PCDEx_ActivateLPM
                0x08002652       0x48 ./Drivers/STM32L4xx_HAL_Driver/Src/stm32l4xx_hal_pcd_ex.o
                0x08002652                HAL_PCDEx_ActivateLPM
 *fill*         0x0800269a        0x2 
 .text.HAL_PWREx_GetVoltageRange
                0x0800269c       0x1c ./Drivers/STM32L4xx_HAL_Driver/Src/stm32l4xx_hal_pwr_ex.o
                0x0800269c                HAL_PWREx_GetVoltageRange
 .text.HAL_PWREx_ControlVoltageScaling
                0x080026b8       0xac ./Drivers/STM32L4xx_HAL_Driver/Src/stm32l4xx_hal_pwr_ex.o
                0x080026b8                HAL_PWREx_ControlVoltageScaling
 .text.HAL_PWREx_EnableVddUSB
                0x08002764       0x20 ./Drivers/STM32L4xx_HAL_Driver/Src/stm32l4xx_hal_pwr_ex.o
                0x08002764                HAL_PWREx_EnableVddUSB
 .text.HAL_PWREx_EnableVddIO2
                0x08002784       0x20 ./Drivers/STM32L4xx_HAL_Driver/Src/stm32l4xx_hal_pwr_ex.o
                0x08002784                HAL_PWREx_EnableVddIO2
 .text.HAL_RCC_OscConfig
                0x080027a4      0x834 ./Drivers/STM32L4xx_HAL_Driver/Src/stm32l4xx_hal_rcc.o
                0x080027a4                HAL_RCC_OscConfig
 .text.HAL_RCC_ClockConfig
                0x08002fd8      0x200 ./Drivers/STM32L4xx_HAL_Driver/Src/stm32l4xx_hal_rcc.o
                0x08002fd8                HAL_RCC_ClockConfig
 .text.HAL_RCC_GetSysClockFreq
                0x080031d8      0x118 ./Drivers/STM32L4xx_HAL_Driver/Src/stm32l4xx_hal_rcc.o
                0x080031d8                HAL_RCC_GetSysClockFreq
 .text.HAL_RCC_GetHCLKFreq
                0x080032f0       0x18 ./Drivers/STM32L4xx_HAL_Driver/Src/stm32l4xx_hal_rcc.o
                0x080032f0                HAL_RCC_GetHCLKFreq
 .text.HAL_RCC_GetPCLK1Freq
                0x08003308       0x2c ./Drivers/STM32L4xx_HAL_Driver/Src/stm32l4xx_hal_rcc.o
                0x08003308                HAL_RCC_GetPCLK1Freq
 .text.HAL_RCC_GetPCLK2Freq
                0x08003334       0x2c ./Drivers/STM32L4xx_HAL_Driver/Src/stm32l4xx_hal_rcc.o
                0x08003334                HAL_RCC_GetPCLK2Freq
 .text.RCC_SetFlashLatencyFromMSIRange
                0x08003360       0xc0 ./Drivers/STM32L4xx_HAL_Driver/Src/stm32l4xx_hal_rcc.o
 .text.HAL_RCCEx_PeriphCLKConfig
                0x08003420      0x5f8 ./Drivers/STM32L4xx_HAL_Driver/Src/stm32l4xx_hal_rcc_ex.o
                0x08003420                HAL_RCCEx_PeriphCLKConfig
 .text.RCCEx_PLLSAI1_Config
                0x08003a18      0x1e4 ./Drivers/STM32L4xx_HAL_Driver/Src/stm32l4xx_hal_rcc_ex.o
 .text.RCCEx_PLLSAI2_Config
                0x08003bfc      0x1b8 ./Drivers/STM32L4xx_HAL_Driver/Src/stm32l4xx_hal_rcc_ex.o
 .text.HAL_SPI_Init
                0x08003db4      0x146 ./Drivers/STM32L4xx_HAL_Driver/Src/stm32l4xx_hal_spi.o
                0x08003db4                HAL_SPI_Init
 .text.HAL_UART_Init
                0x08003efa       0x9c ./Drivers/STM32L4xx_HAL_Driver/Src/stm32l4xx_hal_uart.o
                0x08003efa                HAL_UART_Init
 *fill*         0x08003f96        0x2 
 .text.UART_SetConfig
                0x08003f98      0x570 ./Drivers/STM32L4xx_HAL_Driver/Src/stm32l4xx_hal_uart.o
                0x08003f98                UART_SetConfig
 .text.UART_AdvFeatureConfig
                0x08004508      0x144 ./Drivers/STM32L4xx_HAL_Driver/Src/stm32l4xx_hal_uart.o
                0x08004508                UART_AdvFeatureConfig
 .text.UART_CheckIdleState
                0x0800464c      0x150 ./Drivers/STM32L4xx_HAL_Driver/Src/stm32l4xx_hal_uart.o
                0x0800464c                UART_CheckIdleState
 .text.UART_WaitOnFlagUntilTimeout
                0x0800479c       0xda ./Drivers/STM32L4xx_HAL_Driver/Src/stm32l4xx_hal_uart.o
                0x0800479c                UART_WaitOnFlagUntilTimeout
 .text.UART_EndRxTransfer
                0x08004876       0xc8 ./Drivers/STM32L4xx_HAL_Driver/Src/stm32l4xx_hal_uart.o
 .text.USB_CoreInit
                0x0800493e       0x5a ./Drivers/STM32L4xx_HAL_Driver/Src/stm32l4xx_ll_usb.o
                0x0800493e                USB_CoreInit
 .text.USB_DisableGlobalInt
                0x08004998       0x22 ./Drivers/STM32L4xx_HAL_Driver/Src/stm32l4xx_ll_usb.o
                0x08004998                USB_DisableGlobalInt
 .text.USB_SetCurrentMode
                0x080049ba       0x98 ./Drivers/STM32L4xx_HAL_Driver/Src/stm32l4xx_ll_usb.o
                0x080049ba                USB_SetCurrentMode
 *fill*         0x08004a52        0x2 
 .text.USB_DevInit
                0x08004a54      0x290 ./Drivers/STM32L4xx_HAL_Driver/Src/stm32l4xx_ll_usb.o
                0x08004a54                USB_DevInit
 .text.USB_FlushTxFifo
                0x08004ce4       0x64 ./Drivers/STM32L4xx_HAL_Driver/Src/stm32l4xx_ll_usb.o
                0x08004ce4                USB_FlushTxFifo
 .text.USB_FlushRxFifo
                0x08004d48       0x5c ./Drivers/STM32L4xx_HAL_Driver/Src/stm32l4xx_ll_usb.o
                0x08004d48                USB_FlushRxFifo
 .text.USB_SetDevSpeed
                0x08004da4       0x32 ./Drivers/STM32L4xx_HAL_Driver/Src/stm32l4xx_ll_usb.o
                0x08004da4                USB_SetDevSpeed
 .text.USB_DevDisconnect
                0x08004dd6       0x42 ./Drivers/STM32L4xx_HAL_Driver/Src/stm32l4xx_ll_usb.o
                0x08004dd6                USB_DevDisconnect
 .text.USB_GetMode
                0x08004e18       0x1c ./Drivers/STM32L4xx_HAL_Driver/Src/stm32l4xx_ll_usb.o
                0x08004e18                USB_GetMode
 .text.USB_CoreReset
                0x08004e34       0x62 ./Drivers/STM32L4xx_HAL_Driver/Src/stm32l4xx_ll_usb.o
 *fill*         0x08004e96        0x2 
 .text.ai_log_err
                0x08004e98       0x44 ./X-CUBE-AI/App/app_x-cube-ai.o
 .text.ai_boostrap
                0x08004edc       0xc8 ./X-CUBE-AI/App/app_x-cube-ai.o
 .text.ai_run   0x08004fa4       0x54 ./X-CUBE-AI/App/app_x-cube-ai.o
 .text.acquire_and_process_data
                0x08004ff8       0x16 ./X-CUBE-AI/App/app_x-cube-ai.o
                0x08004ff8                acquire_and_process_data
 .text.post_process
                0x0800500e       0x16 ./X-CUBE-AI/App/app_x-cube-ai.o
                0x0800500e                post_process
 .text.MX_X_CUBE_AI_Init
                0x08005024       0x1c ./X-CUBE-AI/App/app_x-cube-ai.o
                0x08005024                MX_X_CUBE_AI_Init
 .text.MX_X_CUBE_AI_Process
                0x08005040       0x7c ./X-CUBE-AI/App/app_x-cube-ai.o
                0x08005040                MX_X_CUBE_AI_Process
 .text.emgclassifier_configure_activations
                0x080050bc      0x100 ./X-CUBE-AI/App/emgclassifier.o
 .text.emgclassifier_configure_weights
                0x080051bc      0x170 ./X-CUBE-AI/App/emgclassifier.o
 .text.ai_emgclassifier_get_error
                0x0800532c       0x18 ./X-CUBE-AI/App/emgclassifier.o
                0x0800532c                ai_emgclassifier_get_error
 .text.ai_emgclassifier_create
                0x08005344       0x2c ./X-CUBE-AI/App/emgclassifier.o
                0x08005344                ai_emgclassifier_create
 .text.ai_emgclassifier_create_and_init
                0x08005370       0xfc ./X-CUBE-AI/App/emgclassifier.o
                0x08005370                ai_emgclassifier_create_and_init
 .text.ai_emgclassifier_inputs_get
                0x0800546c       0x34 ./X-CUBE-AI/App/emgclassifier.o
                0x0800546c                ai_emgclassifier_inputs_get
 .text.ai_emgclassifier_outputs_get
                0x080054a0       0x34 ./X-CUBE-AI/App/emgclassifier.o
                0x080054a0                ai_emgclassifier_outputs_get
 .text.ai_emgclassifier_init
                0x080054d4       0x78 ./X-CUBE-AI/App/emgclassifier.o
                0x080054d4                ai_emgclassifier_init
 .text.ai_emgclassifier_run
                0x0800554c       0x20 ./X-CUBE-AI/App/emgclassifier.o
                0x0800554c                ai_emgclassifier_run
 .text.ai_emgclassifier_data_params_get
                0x0800556c       0x50 ./X-CUBE-AI/App/emgclassifier_data.o
                0x0800556c                ai_emgclassifier_data_params_get
 .text.ai_buffer_get_size
                0x080055bc       0x68 ../Middlewares/ST/AI/Lib\NetworkRuntime1000_CM4_GCC.a(ai_platform.o)
                0x080055bc                ai_buffer_get_size
 .text.ai_buffer_array_sane
                0x08005624       0x14 ../Middlewares/ST/AI/Lib\NetworkRuntime1000_CM4_GCC.a(ai_platform.o)
                0x08005624                ai_buffer_array_sane
 .text.ai_buffer_array_item_set_address
                0x08005638       0x20 ../Middlewares/ST/AI/Lib\NetworkRuntime1000_CM4_GCC.a(ai_platform.o)
                0x08005638                ai_buffer_array_item_set_address
 .text.ai_platform_get_weights_map
                0x08005658       0xa8 ../Middlewares/ST/AI/Lib\NetworkRuntime1000_CM4_GCC.a(ai_platform_interface.o)
                0x08005658                ai_platform_get_weights_map
 .text.ai_platform_get_activations_map
                0x08005700       0xa8 ../Middlewares/ST/AI/Lib\NetworkRuntime1000_CM4_GCC.a(ai_platform_interface.o)
                0x08005700                ai_platform_get_activations_map
 .text.ai_platform_bind_network_params
                0x080057a8       0x44 ../Middlewares/ST/AI/Lib\NetworkRuntime1000_CM4_GCC.a(ai_platform_interface.o)
                0x080057a8                ai_platform_bind_network_params
 .text.ai_platform_network_get_error
                0x080057ec       0x18 ../Middlewares/ST/AI/Lib\NetworkRuntime1000_CM4_GCC.a(ai_platform_interface.o)
                0x080057ec                ai_platform_network_get_error
 .text.ai_platform_network_set_error
                0x08005804        0xc ../Middlewares/ST/AI/Lib\NetworkRuntime1000_CM4_GCC.a(ai_platform_interface.o)
                0x08005804                ai_platform_network_set_error
 .text.ai_platform_inputs_get
                0x08005810       0xec ../Middlewares/ST/AI/Lib\NetworkRuntime1000_CM4_GCC.a(ai_platform_interface.o)
                0x08005810                ai_platform_inputs_get
 .text.ai_platform_outputs_get
                0x080058fc       0xe8 ../Middlewares/ST/AI/Lib\NetworkRuntime1000_CM4_GCC.a(ai_platform_interface.o)
                0x080058fc                ai_platform_outputs_get
 .text.ai_platform_network_create
                0x080059e4       0x84 ../Middlewares/ST/AI/Lib\NetworkRuntime1000_CM4_GCC.a(ai_platform_interface.o)
                0x080059e4                ai_platform_network_create
 .text.ai_platform_network_init
                0x08005a68      0x19c ../Middlewares/ST/AI/Lib\NetworkRuntime1000_CM4_GCC.a(ai_platform_interface.o)
                0x08005a68                ai_platform_network_init
 .text.ai_platform_network_post_init
                0x08005c04       0x60 ../Middlewares/ST/AI/Lib\NetworkRuntime1000_CM4_GCC.a(ai_platform_interface.o)
                0x08005c04                ai_platform_network_post_init
 .text.ai_platform_network_process
                0x08005c64      0x480 ../Middlewares/ST/AI/Lib\NetworkRuntime1000_CM4_GCC.a(ai_platform_interface.o)
                0x08005c64                ai_platform_network_process
 .text.core_init
                0x080060e4        0x4 ../Middlewares/ST/AI/Lib\NetworkRuntime1000_CM4_GCC.a(core_common.o)
                0x080060e4                core_init
 .text.core_get_error
                0x080060e8        0xc ../Middlewares/ST/AI/Lib\NetworkRuntime1000_CM4_GCC.a(core_common.o)
                0x080060e8                core_get_error
 .text.core_set_error
                0x080060f4       0x18 ../Middlewares/ST/AI/Lib\NetworkRuntime1000_CM4_GCC.a(core_common.o)
                0x080060f4                core_set_error
 .text.ai_check_custom_types
                0x0800610c       0x54 ../Middlewares/ST/AI/Lib\NetworkRuntime1000_CM4_GCC.a(layers.o)
                0x0800610c                ai_check_custom_types
 .text.ai_layers_init_all
                0x08006160       0x1c ../Middlewares/ST/AI/Lib\NetworkRuntime1000_CM4_GCC.a(layers.o)
                0x08006160                ai_layers_init_all
 .text.ai_layers_post_init_all
                0x0800617c       0x28 ../Middlewares/ST/AI/Lib\NetworkRuntime1000_CM4_GCC.a(layers.o)
                0x0800617c                ai_layers_post_init_all
 .text.ai_layers_forward_all
                0x080061a4       0x94 ../Middlewares/ST/AI/Lib\NetworkRuntime1000_CM4_GCC.a(layers.o)
                0x080061a4                ai_layers_forward_all
 .text.forward_dense
                0x08006238       0xfc ../Middlewares/ST/AI/Lib\NetworkRuntime1000_CM4_GCC.a(layers_conv2d_generic_float.o)
                0x08006238                forward_dense
 .text.forward_relu
                0x08006334      0x138 ../Middlewares/ST/AI/Lib\NetworkRuntime1000_CM4_GCC.a(layers_nl_generic_float.o)
                0x08006334                forward_relu
 .text.forward_sm
                0x0800646c       0x84 ../Middlewares/ST/AI/Lib\NetworkRuntime1000_CM4_GCC.a(layers_nl_generic_float.o)
                0x0800646c                forward_sm
 .text.forward_lite_nl_softmax_if32of32_kernel
                0x080064f0       0xe4 ../Middlewares/ST/AI/Lib\NetworkRuntime1000_CM4_GCC.a(lite_nl_softmax_if32of32.o)
                0x080064f0                forward_lite_nl_softmax_if32of32_kernel
 .text.forward_lite_nl_relu_generic_if32of32_kernel
                0x080065d4       0xfc ../Middlewares/ST/AI/Lib\NetworkRuntime1000_CM4_GCC.a(lite_nl_relu_if32of32.o)
                0x080065d4                forward_lite_nl_relu_generic_if32of32_kernel
 .text.forward_lite_dense_if32of32wf32
                0x080066d0      0x2b4 ../Middlewares/ST/AI/Lib\NetworkRuntime1000_CM4_GCC.a(lite_dense_if32.o)
                0x080066d0                forward_lite_dense_if32of32wf32
 .text.forward_lite_dense_if32of32wf32_lut4
                0x08006984      0x250 ../Middlewares/ST/AI/Lib\NetworkRuntime1000_CM4_GCC.a(lite_dense_if32.o)
                0x08006984                forward_lite_dense_if32of32wf32_lut4
 .text.forward_lite_dense_if32of32wf32_lut8
                0x08006bd4      0x25c ../Middlewares/ST/AI/Lib\NetworkRuntime1000_CM4_GCC.a(lite_dense_if32.o)
                0x08006bd4                forward_lite_dense_if32of32wf32_lut8
 .text.forward_lite_nl_softmax_if32of32
                0x08006e30       0x6c ../Middlewares/ST/AI/Lib\NetworkRuntime1000_CM4_GCC.a(lite_nl_generic_float.o)
                0x08006e30                forward_lite_nl_softmax_if32of32
 .text.st_int8_copy
                0x08006e9c      0x144 ../Middlewares/ST/AI/Lib\NetworkRuntime1000_CM4_GCC.a(st_int8_fill.o)
                0x08006e9c                st_int8_copy
 .text.ai_array_to_buffer_fmt
                0x08006fe0       0xe0 ../Middlewares/ST/AI/Lib\NetworkRuntime1000_CM4_GCC.a(ai_datatypes_format.o)
                0x08006fe0                ai_array_to_buffer_fmt
 .text.ai_array_get_data_byte_size
                0x080070c0       0x24 ../Middlewares/ST/AI/Lib\NetworkRuntime1000_CM4_GCC.a(ai_datatypes_format.o)
                0x080070c0                ai_array_get_data_byte_size
 .text.ai_version_get
                0x080070e4        0xc ../Middlewares/ST/AI/Lib\NetworkRuntime1000_CM4_GCC.a(ai_datatypes_internal.o)
                0x080070e4                ai_version_get
 .text.get_tensor_byte_size
                0x080070f0       0x30 ../Middlewares/ST/AI/Lib\NetworkRuntime1000_CM4_GCC.a(ai_datatypes_internal.o)
                0x080070f0                get_tensor_byte_size
 .text.malloc   0x08007120       0x10 C:/ST/STM32CubeIDE_1.18.0/STM32CubeIDE/plugins/com.st.stm32cube.ide.mcu.externaltools.gnu-tools-for-stm32.13.3.rel1.win32_1.0.0.202411081344/tools/bin/../lib/gcc/arm-none-eabi/13.3.1/../../../../arm-none-eabi/lib/thumb/v7e-m+fp/hard\libc_nano.a(libc_a-malloc.o)
                0x08007120                malloc
 .text.sbrk_aligned
                0x08007130       0x44 C:/ST/STM32CubeIDE_1.18.0/STM32CubeIDE/plugins/com.st.stm32cube.ide.mcu.externaltools.gnu-tools-for-stm32.13.3.rel1.win32_1.0.0.202411081344/tools/bin/../lib/gcc/arm-none-eabi/13.3.1/../../../../arm-none-eabi/lib/thumb/v7e-m+fp/hard\libc_nano.a(libc_a-mallocr.o)
 .text._malloc_r
                0x08007174      0x100 C:/ST/STM32CubeIDE_1.18.0/STM32CubeIDE/plugins/com.st.stm32cube.ide.mcu.externaltools.gnu-tools-for-stm32.13.3.rel1.win32_1.0.0.202411081344/tools/bin/../lib/gcc/arm-none-eabi/13.3.1/../../../../arm-none-eabi/lib/thumb/v7e-m+fp/hard\libc_nano.a(libc_a-mallocr.o)
                0x08007174                _malloc_r
 .text.__malloc_lock
                0x08007274        0xc C:/ST/STM32CubeIDE_1.18.0/STM32CubeIDE/plugins/com.st.stm32cube.ide.mcu.externaltools.gnu-tools-for-stm32.13.3.rel1.win32_1.0.0.202411081344/tools/bin/../lib/gcc/arm-none-eabi/13.3.1/../../../../arm-none-eabi/lib/thumb/v7e-m+fp/hard\libc_nano.a(libc_a-mlock.o)
                0x08007274                __malloc_lock
 .text.__malloc_unlock
                0x08007280        0xc C:/ST/STM32CubeIDE_1.18.0/STM32CubeIDE/plugins/com.st.stm32cube.ide.mcu.externaltools.gnu-tools-for-stm32.13.3.rel1.win32_1.0.0.202411081344/tools/bin/../lib/gcc/arm-none-eabi/13.3.1/../../../../arm-none-eabi/lib/thumb/v7e-m+fp/hard\libc_nano.a(libc_a-mlock.o)
                0x08007280                __malloc_unlock
 .text.__cvt    0x0800728c       0xca C:/ST/STM32CubeIDE_1.18.0/STM32CubeIDE/plugins/com.st.stm32cube.ide.mcu.externaltools.gnu-tools-for-stm32.13.3.rel1.win32_1.0.0.202411081344/tools/bin/../lib/gcc/arm-none-eabi/13.3.1/../../../../arm-none-eabi/lib/thumb/v7e-m+fp/hard\libc_nano.a(libc_a-nano-vfprintf_float.o)
                0x0800728c                __cvt
 .text.__exponent
                0x08007356       0x74 C:/ST/STM32CubeIDE_1.18.0/STM32CubeIDE/plugins/com.st.stm32cube.ide.mcu.externaltools.gnu-tools-for-stm32.13.3.rel1.win32_1.0.0.202411081344/tools/bin/../lib/gcc/arm-none-eabi/13.3.1/../../../../arm-none-eabi/lib/thumb/v7e-m+fp/hard\libc_nano.a(libc_a-nano-vfprintf_float.o)
                0x08007356                __exponent
 *fill*         0x080073ca        0x2 
 .text._printf_float
                0x080073cc      0x454 C:/ST/STM32CubeIDE_1.18.0/STM32CubeIDE/plugins/com.st.stm32cube.ide.mcu.externaltools.gnu-tools-for-stm32.13.3.rel1.win32_1.0.0.202411081344/tools/bin/../lib/gcc/arm-none-eabi/13.3.1/../../../../arm-none-eabi/lib/thumb/v7e-m+fp/hard\libc_nano.a(libc_a-nano-vfprintf_float.o)
                0x080073cc                _printf_float
 .text._printf_common
                0x08007820       0xda C:/ST/STM32CubeIDE_1.18.0/STM32CubeIDE/plugins/com.st.stm32cube.ide.mcu.externaltools.gnu-tools-for-stm32.13.3.rel1.win32_1.0.0.202411081344/tools/bin/../lib/gcc/arm-none-eabi/13.3.1/../../../../arm-none-eabi/lib/thumb/v7e-m+fp/hard\libc_nano.a(libc_a-nano-vfprintf_i.o)
                0x08007820                _printf_common
 *fill*         0x080078fa        0x2 
 .text._printf_i
                0x080078fc      0x23c C:/ST/STM32CubeIDE_1.18.0/STM32CubeIDE/plugins/com.st.stm32cube.ide.mcu.externaltools.gnu-tools-for-stm32.13.3.rel1.win32_1.0.0.202411081344/tools/bin/../lib/gcc/arm-none-eabi/13.3.1/../../../../arm-none-eabi/lib/thumb/v7e-m+fp/hard\libc_nano.a(libc_a-nano-vfprintf_i.o)
                0x080078fc                _printf_i
 .text.std      0x08007b38       0x6c C:/ST/STM32CubeIDE_1.18.0/STM32CubeIDE/plugins/com.st.stm32cube.ide.mcu.externaltools.gnu-tools-for-stm32.13.3.rel1.win32_1.0.0.202411081344/tools/bin/../lib/gcc/arm-none-eabi/13.3.1/../../../../arm-none-eabi/lib/thumb/v7e-m+fp/hard\libc_nano.a(libc_a-findfp.o)
 .text.stdio_exit_handler
                0x08007ba4       0x18 C:/ST/STM32CubeIDE_1.18.0/STM32CubeIDE/plugins/com.st.stm32cube.ide.mcu.externaltools.gnu-tools-for-stm32.13.3.rel1.win32_1.0.0.202411081344/tools/bin/../lib/gcc/arm-none-eabi/13.3.1/../../../../arm-none-eabi/lib/thumb/v7e-m+fp/hard\libc_nano.a(libc_a-findfp.o)
 .text.cleanup_stdio
                0x08007bbc       0x40 C:/ST/STM32CubeIDE_1.18.0/STM32CubeIDE/plugins/com.st.stm32cube.ide.mcu.externaltools.gnu-tools-for-stm32.13.3.rel1.win32_1.0.0.202411081344/tools/bin/../lib/gcc/arm-none-eabi/13.3.1/../../../../arm-none-eabi/lib/thumb/v7e-m+fp/hard\libc_nano.a(libc_a-findfp.o)
 .text.global_stdio_init.part.0
                0x08007bfc       0x3c C:/ST/STM32CubeIDE_1.18.0/STM32CubeIDE/plugins/com.st.stm32cube.ide.mcu.externaltools.gnu-tools-for-stm32.13.3.rel1.win32_1.0.0.202411081344/tools/bin/../lib/gcc/arm-none-eabi/13.3.1/../../../../arm-none-eabi/lib/thumb/v7e-m+fp/hard\libc_nano.a(libc_a-findfp.o)
 .text.__sfp_lock_acquire
                0x08007c38        0xc C:/ST/STM32CubeIDE_1.18.0/STM32CubeIDE/plugins/com.st.stm32cube.ide.mcu.externaltools.gnu-tools-for-stm32.13.3.rel1.win32_1.0.0.202411081344/tools/bin/../lib/gcc/arm-none-eabi/13.3.1/../../../../arm-none-eabi/lib/thumb/v7e-m+fp/hard\libc_nano.a(libc_a-findfp.o)
                0x08007c38                __sfp_lock_acquire
 .text.__sfp_lock_release
                0x08007c44        0xc C:/ST/STM32CubeIDE_1.18.0/STM32CubeIDE/plugins/com.st.stm32cube.ide.mcu.externaltools.gnu-tools-for-stm32.13.3.rel1.win32_1.0.0.202411081344/tools/bin/../lib/gcc/arm-none-eabi/13.3.1/../../../../arm-none-eabi/lib/thumb/v7e-m+fp/hard\libc_nano.a(libc_a-findfp.o)
                0x08007c44                __sfp_lock_release
 .text.__sinit  0x08007c50       0x30 C:/ST/STM32CubeIDE_1.18.0/STM32CubeIDE/plugins/com.st.stm32cube.ide.mcu.externaltools.gnu-tools-for-stm32.13.3.rel1.win32_1.0.0.202411081344/tools/bin/../lib/gcc/arm-none-eabi/13.3.1/../../../../arm-none-eabi/lib/thumb/v7e-m+fp/hard\libc_nano.a(libc_a-findfp.o)
                0x08007c50                __sinit
 .text._fwalk_sglue
                0x08007c80       0x3c C:/ST/STM32CubeIDE_1.18.0/STM32CubeIDE/plugins/com.st.stm32cube.ide.mcu.externaltools.gnu-tools-for-stm32.13.3.rel1.win32_1.0.0.202411081344/tools/bin/../lib/gcc/arm-none-eabi/13.3.1/../../../../arm-none-eabi/lib/thumb/v7e-m+fp/hard\libc_nano.a(libc_a-fwalk.o)
                0x08007c80                _fwalk_sglue
 .text.printf   0x08007cbc       0x24 C:/ST/STM32CubeIDE_1.18.0/STM32CubeIDE/plugins/com.st.stm32cube.ide.mcu.externaltools.gnu-tools-for-stm32.13.3.rel1.win32_1.0.0.202411081344/tools/bin/../lib/gcc/arm-none-eabi/13.3.1/../../../../arm-none-eabi/lib/thumb/v7e-m+fp/hard\libc_nano.a(libc_a-printf.o)
                0x08007cbc                iprintf
                0x08007cbc                printf
 .text._puts_r  0x08007ce0       0xaa C:/ST/STM32CubeIDE_1.18.0/STM32CubeIDE/plugins/com.st.stm32cube.ide.mcu.externaltools.gnu-tools-for-stm32.13.3.rel1.win32_1.0.0.202411081344/tools/bin/../lib/gcc/arm-none-eabi/13.3.1/../../../../arm-none-eabi/lib/thumb/v7e-m+fp/hard\libc_nano.a(libc_a-puts.o)
                0x08007ce0                _puts_r
 *fill*         0x08007d8a        0x2 
 .text.puts     0x08007d8c       0x10 C:/ST/STM32CubeIDE_1.18.0/STM32CubeIDE/plugins/com.st.stm32cube.ide.mcu.externaltools.gnu-tools-for-stm32.13.3.rel1.win32_1.0.0.202411081344/tools/bin/../lib/gcc/arm-none-eabi/13.3.1/../../../../arm-none-eabi/lib/thumb/v7e-m+fp/hard\libc_nano.a(libc_a-puts.o)
                0x08007d8c                puts
 .text.__sread  0x08007d9c       0x22 C:/ST/STM32CubeIDE_1.18.0/STM32CubeIDE/plugins/com.st.stm32cube.ide.mcu.externaltools.gnu-tools-for-stm32.13.3.rel1.win32_1.0.0.202411081344/tools/bin/../lib/gcc/arm-none-eabi/13.3.1/../../../../arm-none-eabi/lib/thumb/v7e-m+fp/hard\libc_nano.a(libc_a-stdio.o)
                0x08007d9c                __sread
 .text.__swrite
                0x08007dbe       0x38 C:/ST/STM32CubeIDE_1.18.0/STM32CubeIDE/plugins/com.st.stm32cube.ide.mcu.externaltools.gnu-tools-for-stm32.13.3.rel1.win32_1.0.0.202411081344/tools/bin/../lib/gcc/arm-none-eabi/13.3.1/../../../../arm-none-eabi/lib/thumb/v7e-m+fp/hard\libc_nano.a(libc_a-stdio.o)
                0x08007dbe                __swrite
 .text.__sseek  0x08007df6       0x24 C:/ST/STM32CubeIDE_1.18.0/STM32CubeIDE/plugins/com.st.stm32cube.ide.mcu.externaltools.gnu-tools-for-stm32.13.3.rel1.win32_1.0.0.202411081344/tools/bin/../lib/gcc/arm-none-eabi/13.3.1/../../../../arm-none-eabi/lib/thumb/v7e-m+fp/hard\libc_nano.a(libc_a-stdio.o)
                0x08007df6                __sseek
 .text.__sclose
                0x08007e1a        0x8 C:/ST/STM32CubeIDE_1.18.0/STM32CubeIDE/plugins/com.st.stm32cube.ide.mcu.externaltools.gnu-tools-for-stm32.13.3.rel1.win32_1.0.0.202411081344/tools/bin/../lib/gcc/arm-none-eabi/13.3.1/../../../../arm-none-eabi/lib/thumb/v7e-m+fp/hard\libc_nano.a(libc_a-stdio.o)
                0x08007e1a                __sclose
 .text.__swbuf_r
                0x08007e22       0x7c C:/ST/STM32CubeIDE_1.18.0/STM32CubeIDE/plugins/com.st.stm32cube.ide.mcu.externaltools.gnu-tools-for-stm32.13.3.rel1.win32_1.0.0.202411081344/tools/bin/../lib/gcc/arm-none-eabi/13.3.1/../../../../arm-none-eabi/lib/thumb/v7e-m+fp/hard\libc_nano.a(libc_a-wbuf.o)
                0x08007e22                __swbuf_r
 *fill*         0x08007e9e        0x2 
 .text.__swsetup_r
                0x08007ea0       0xac C:/ST/STM32CubeIDE_1.18.0/STM32CubeIDE/plugins/com.st.stm32cube.ide.mcu.externaltools.gnu-tools-for-stm32.13.3.rel1.win32_1.0.0.202411081344/tools/bin/../lib/gcc/arm-none-eabi/13.3.1/../../../../arm-none-eabi/lib/thumb/v7e-m+fp/hard\libc_nano.a(libc_a-wsetup.o)
                0x08007ea0                __swsetup_r
 .text.memset   0x08007f4c       0x10 C:/ST/STM32CubeIDE_1.18.0/STM32CubeIDE/plugins/com.st.stm32cube.ide.mcu.externaltools.gnu-tools-for-stm32.13.3.rel1.win32_1.0.0.202411081344/tools/bin/../lib/gcc/arm-none-eabi/13.3.1/../../../../arm-none-eabi/lib/thumb/v7e-m+fp/hard\libc_nano.a(libc_a-memset.o)
                0x08007f4c                memset
 .text._localeconv_r
                0x08007f5c        0x8 C:/ST/STM32CubeIDE_1.18.0/STM32CubeIDE/plugins/com.st.stm32cube.ide.mcu.externaltools.gnu-tools-for-stm32.13.3.rel1.win32_1.0.0.202411081344/tools/bin/../lib/gcc/arm-none-eabi/13.3.1/../../../../arm-none-eabi/lib/thumb/v7e-m+fp/hard\libc_nano.a(libc_a-localeconv.o)
                0x08007f5c                _localeconv_r
 .text._close_r
                0x08007f64       0x20 C:/ST/STM32CubeIDE_1.18.0/STM32CubeIDE/plugins/com.st.stm32cube.ide.mcu.externaltools.gnu-tools-for-stm32.13.3.rel1.win32_1.0.0.202411081344/tools/bin/../lib/gcc/arm-none-eabi/13.3.1/../../../../arm-none-eabi/lib/thumb/v7e-m+fp/hard\libc_nano.a(libc_a-closer.o)
                0x08007f64                _close_r
 .text._lseek_r
                0x08007f84       0x24 C:/ST/STM32CubeIDE_1.18.0/STM32CubeIDE/plugins/com.st.stm32cube.ide.mcu.externaltools.gnu-tools-for-stm32.13.3.rel1.win32_1.0.0.202411081344/tools/bin/../lib/gcc/arm-none-eabi/13.3.1/../../../../arm-none-eabi/lib/thumb/v7e-m+fp/hard\libc_nano.a(libc_a-lseekr.o)
                0x08007f84                _lseek_r
 .text._read_r  0x08007fa8       0x24 C:/ST/STM32CubeIDE_1.18.0/STM32CubeIDE/plugins/com.st.stm32cube.ide.mcu.externaltools.gnu-tools-for-stm32.13.3.rel1.win32_1.0.0.202411081344/tools/bin/../lib/gcc/arm-none-eabi/13.3.1/../../../../arm-none-eabi/lib/thumb/v7e-m+fp/hard\libc_nano.a(libc_a-readr.o)
                0x08007fa8                _read_r
 .text._sbrk_r  0x08007fcc       0x20 C:/ST/STM32CubeIDE_1.18.0/STM32CubeIDE/plugins/com.st.stm32cube.ide.mcu.externaltools.gnu-tools-for-stm32.13.3.rel1.win32_1.0.0.202411081344/tools/bin/../lib/gcc/arm-none-eabi/13.3.1/../../../../arm-none-eabi/lib/thumb/v7e-m+fp/hard\libc_nano.a(libc_a-sbrkr.o)
                0x08007fcc                _sbrk_r
 .text._write_r
                0x08007fec       0x24 C:/ST/STM32CubeIDE_1.18.0/STM32CubeIDE/plugins/com.st.stm32cube.ide.mcu.externaltools.gnu-tools-for-stm32.13.3.rel1.win32_1.0.0.202411081344/tools/bin/../lib/gcc/arm-none-eabi/13.3.1/../../../../arm-none-eabi/lib/thumb/v7e-m+fp/hard\libc_nano.a(libc_a-writer.o)
                0x08007fec                _write_r
 .text.__errno  0x08008010        0xc C:/ST/STM32CubeIDE_1.18.0/STM32CubeIDE/plugins/com.st.stm32cube.ide.mcu.externaltools.gnu-tools-for-stm32.13.3.rel1.win32_1.0.0.202411081344/tools/bin/../lib/gcc/arm-none-eabi/13.3.1/../../../../arm-none-eabi/lib/thumb/v7e-m+fp/hard\libc_nano.a(libc_a-errno.o)
                0x08008010                __errno
 .text.__libc_init_array
                0x0800801c       0x48 C:/ST/STM32CubeIDE_1.18.0/STM32CubeIDE/plugins/com.st.stm32cube.ide.mcu.externaltools.gnu-tools-for-stm32.13.3.rel1.win32_1.0.0.202411081344/tools/bin/../lib/gcc/arm-none-eabi/13.3.1/../../../../arm-none-eabi/lib/thumb/v7e-m+fp/hard\libc_nano.a(libc_a-init.o)
                0x0800801c                __libc_init_array
 .text.__retarget_lock_init_recursive
                0x08008064        0x2 C:/ST/STM32CubeIDE_1.18.0/STM32CubeIDE/plugins/com.st.stm32cube.ide.mcu.externaltools.gnu-tools-for-stm32.13.3.rel1.win32_1.0.0.202411081344/tools/bin/../lib/gcc/arm-none-eabi/13.3.1/../../../../arm-none-eabi/lib/thumb/v7e-m+fp/hard\libc_nano.a(libc_a-lock.o)
                0x08008064                __retarget_lock_init_recursive
 .text.__retarget_lock_acquire_recursive
                0x08008066        0x2 C:/ST/STM32CubeIDE_1.18.0/STM32CubeIDE/plugins/com.st.stm32cube.ide.mcu.externaltools.gnu-tools-for-stm32.13.3.rel1.win32_1.0.0.202411081344/tools/bin/../lib/gcc/arm-none-eabi/13.3.1/../../../../arm-none-eabi/lib/thumb/v7e-m+fp/hard\libc_nano.a(libc_a-lock.o)
                0x08008066                __retarget_lock_acquire_recursive
 .text.__retarget_lock_release_recursive
                0x08008068        0x2 C:/ST/STM32CubeIDE_1.18.0/STM32CubeIDE/plugins/com.st.stm32cube.ide.mcu.externaltools.gnu-tools-for-stm32.13.3.rel1.win32_1.0.0.202411081344/tools/bin/../lib/gcc/arm-none-eabi/13.3.1/../../../../arm-none-eabi/lib/thumb/v7e-m+fp/hard\libc_nano.a(libc_a-lock.o)
                0x08008068                __retarget_lock_release_recursive
 .text.memcpy   0x0800806a       0x1c C:/ST/STM32CubeIDE_1.18.0/STM32CubeIDE/plugins/com.st.stm32cube.ide.mcu.externaltools.gnu-tools-for-stm32.13.3.rel1.win32_1.0.0.202411081344/tools/bin/../lib/gcc/arm-none-eabi/13.3.1/../../../../arm-none-eabi/lib/thumb/v7e-m+fp/hard\libc_nano.a(libc_a-memcpy-stub.o)
                0x0800806a                memcpy
 .text.quorem   0x08008086      0x110 C:/ST/STM32CubeIDE_1.18.0/STM32CubeIDE/plugins/com.st.stm32cube.ide.mcu.externaltools.gnu-tools-for-stm32.13.3.rel1.win32_1.0.0.202411081344/tools/bin/../lib/gcc/arm-none-eabi/13.3.1/../../../../arm-none-eabi/lib/thumb/v7e-m+fp/hard\libc_nano.a(libc_a-dtoa.o)
 *fill*         0x08008196        0x2 
 .text._dtoa_r  0x08008198      0xba0 C:/ST/STM32CubeIDE_1.18.0/STM32CubeIDE/plugins/com.st.stm32cube.ide.mcu.externaltools.gnu-tools-for-stm32.13.3.rel1.win32_1.0.0.202411081344/tools/bin/../lib/gcc/arm-none-eabi/13.3.1/../../../../arm-none-eabi/lib/thumb/v7e-m+fp/hard\libc_nano.a(libc_a-dtoa.o)
                0x08008198                _dtoa_r
 .text._free_r  0x08008d38       0x94 C:/ST/STM32CubeIDE_1.18.0/STM32CubeIDE/plugins/com.st.stm32cube.ide.mcu.externaltools.gnu-tools-for-stm32.13.3.rel1.win32_1.0.0.202411081344/tools/bin/../lib/gcc/arm-none-eabi/13.3.1/../../../../arm-none-eabi/lib/thumb/v7e-m+fp/hard\libc_nano.a(libc_a-freer.o)
                0x08008d38                _free_r
 .text._Balloc  0x08008dcc       0x80 C:/ST/STM32CubeIDE_1.18.0/STM32CubeIDE/plugins/com.st.stm32cube.ide.mcu.externaltools.gnu-tools-for-stm32.13.3.rel1.win32_1.0.0.202411081344/tools/bin/../lib/gcc/arm-none-eabi/13.3.1/../../../../arm-none-eabi/lib/thumb/v7e-m+fp/hard\libc_nano.a(libc_a-mprec.o)
                0x08008dcc                _Balloc
 .text._Bfree   0x08008e4c       0x44 C:/ST/STM32CubeIDE_1.18.0/STM32CubeIDE/plugins/com.st.stm32cube.ide.mcu.externaltools.gnu-tools-for-stm32.13.3.rel1.win32_1.0.0.202411081344/tools/bin/../lib/gcc/arm-none-eabi/13.3.1/../../../../arm-none-eabi/lib/thumb/v7e-m+fp/hard\libc_nano.a(libc_a-mprec.o)
                0x08008e4c                _Bfree
 .text.__multadd
                0x08008e90       0x8c C:/ST/STM32CubeIDE_1.18.0/STM32CubeIDE/plugins/com.st.stm32cube.ide.mcu.externaltools.gnu-tools-for-stm32.13.3.rel1.win32_1.0.0.202411081344/tools/bin/../lib/gcc/arm-none-eabi/13.3.1/../../../../arm-none-eabi/lib/thumb/v7e-m+fp/hard\libc_nano.a(libc_a-mprec.o)
                0x08008e90                __multadd
 .text.__hi0bits
                0x08008f1c       0x3e C:/ST/STM32CubeIDE_1.18.0/STM32CubeIDE/plugins/com.st.stm32cube.ide.mcu.externaltools.gnu-tools-for-stm32.13.3.rel1.win32_1.0.0.202411081344/tools/bin/../lib/gcc/arm-none-eabi/13.3.1/../../../../arm-none-eabi/lib/thumb/v7e-m+fp/hard\libc_nano.a(libc_a-mprec.o)
                0x08008f1c                __hi0bits
 .text.__lo0bits
                0x08008f5a       0x5a C:/ST/STM32CubeIDE_1.18.0/STM32CubeIDE/plugins/com.st.stm32cube.ide.mcu.externaltools.gnu-tools-for-stm32.13.3.rel1.win32_1.0.0.202411081344/tools/bin/../lib/gcc/arm-none-eabi/13.3.1/../../../../arm-none-eabi/lib/thumb/v7e-m+fp/hard\libc_nano.a(libc_a-mprec.o)
                0x08008f5a                __lo0bits
 .text.__i2b    0x08008fb4       0x2c C:/ST/STM32CubeIDE_1.18.0/STM32CubeIDE/plugins/com.st.stm32cube.ide.mcu.externaltools.gnu-tools-for-stm32.13.3.rel1.win32_1.0.0.202411081344/tools/bin/../lib/gcc/arm-none-eabi/13.3.1/../../../../arm-none-eabi/lib/thumb/v7e-m+fp/hard\libc_nano.a(libc_a-mprec.o)
                0x08008fb4                __i2b
 .text.__multiply
                0x08008fe0      0x144 C:/ST/STM32CubeIDE_1.18.0/STM32CubeIDE/plugins/com.st.stm32cube.ide.mcu.externaltools.gnu-tools-for-stm32.13.3.rel1.win32_1.0.0.202411081344/tools/bin/../lib/gcc/arm-none-eabi/13.3.1/../../../../arm-none-eabi/lib/thumb/v7e-m+fp/hard\libc_nano.a(libc_a-mprec.o)
                0x08008fe0                __multiply
 .text.__pow5mult
                0x08009124       0xb4 C:/ST/STM32CubeIDE_1.18.0/STM32CubeIDE/plugins/com.st.stm32cube.ide.mcu.externaltools.gnu-tools-for-stm32.13.3.rel1.win32_1.0.0.202411081344/tools/bin/../lib/gcc/arm-none-eabi/13.3.1/../../../../arm-none-eabi/lib/thumb/v7e-m+fp/hard\libc_nano.a(libc_a-mprec.o)
                0x08009124                __pow5mult
 .text.__lshift
                0x080091d8       0xd8 C:/ST/STM32CubeIDE_1.18.0/STM32CubeIDE/plugins/com.st.stm32cube.ide.mcu.externaltools.gnu-tools-for-stm32.13.3.rel1.win32_1.0.0.202411081344/tools/bin/../lib/gcc/arm-none-eabi/13.3.1/../../../../arm-none-eabi/lib/thumb/v7e-m+fp/hard\libc_nano.a(libc_a-mprec.o)
                0x080091d8                __lshift
 .text.__mcmp   0x080092b0       0x36 C:/ST/STM32CubeIDE_1.18.0/STM32CubeIDE/plugins/com.st.stm32cube.ide.mcu.externaltools.gnu-tools-for-stm32.13.3.rel1.win32_1.0.0.202411081344/tools/bin/../lib/gcc/arm-none-eabi/13.3.1/../../../../arm-none-eabi/lib/thumb/v7e-m+fp/hard\libc_nano.a(libc_a-mprec.o)
                0x080092b0                __mcmp
 *fill*         0x080092e6        0x2 
 .text.__mdiff  0x080092e8      0x128 C:/ST/STM32CubeIDE_1.18.0/STM32CubeIDE/plugins/com.st.stm32cube.ide.mcu.externaltools.gnu-tools-for-stm32.13.3.rel1.win32_1.0.0.202411081344/tools/bin/../lib/gcc/arm-none-eabi/13.3.1/../../../../arm-none-eabi/lib/thumb/v7e-m+fp/hard\libc_nano.a(libc_a-mprec.o)
                0x080092e8                __mdiff
 .text.__d2b    0x08009410       0xb0 C:/ST/STM32CubeIDE_1.18.0/STM32CubeIDE/plugins/com.st.stm32cube.ide.mcu.externaltools.gnu-tools-for-stm32.13.3.rel1.win32_1.0.0.202411081344/tools/bin/../lib/gcc/arm-none-eabi/13.3.1/../../../../arm-none-eabi/lib/thumb/v7e-m+fp/hard\libc_nano.a(libc_a-mprec.o)
                0x08009410                __d2b
 .text.__sfputc_r
                0x080094c0       0x2e C:/ST/STM32CubeIDE_1.18.0/STM32CubeIDE/plugins/com.st.stm32cube.ide.mcu.externaltools.gnu-tools-for-stm32.13.3.rel1.win32_1.0.0.202411081344/tools/bin/../lib/gcc/arm-none-eabi/13.3.1/../../../../arm-none-eabi/lib/thumb/v7e-m+fp/hard\libc_nano.a(libc_a-nano-vfprintf.o)
 .text.__sfputs_r
                0x080094ee       0x24 C:/ST/STM32CubeIDE_1.18.0/STM32CubeIDE/plugins/com.st.stm32cube.ide.mcu.externaltools.gnu-tools-for-stm32.13.3.rel1.win32_1.0.0.202411081344/tools/bin/../lib/gcc/arm-none-eabi/13.3.1/../../../../arm-none-eabi/lib/thumb/v7e-m+fp/hard\libc_nano.a(libc_a-nano-vfprintf.o)
                0x080094ee                __sfputs_r
 *fill*         0x08009512        0x2 
 .text._vfprintf_r
                0x08009514      0x230 C:/ST/STM32CubeIDE_1.18.0/STM32CubeIDE/plugins/com.st.stm32cube.ide.mcu.externaltools.gnu-tools-for-stm32.13.3.rel1.win32_1.0.0.202411081344/tools/bin/../lib/gcc/arm-none-eabi/13.3.1/../../../../arm-none-eabi/lib/thumb/v7e-m+fp/hard\libc_nano.a(libc_a-nano-vfprintf.o)
                0x08009514                _vfprintf_r
                0x08009514                _vfiprintf_r
 .text.__sflush_r
                0x08009744      0x108 C:/ST/STM32CubeIDE_1.18.0/STM32CubeIDE/plugins/com.st.stm32cube.ide.mcu.externaltools.gnu-tools-for-stm32.13.3.rel1.win32_1.0.0.202411081344/tools/bin/../lib/gcc/arm-none-eabi/13.3.1/../../../../arm-none-eabi/lib/thumb/v7e-m+fp/hard\libc_nano.a(libc_a-fflush.o)
                0x08009744                __sflush_r
 .text._fflush_r
                0x0800984c       0x50 C:/ST/STM32CubeIDE_1.18.0/STM32CubeIDE/plugins/com.st.stm32cube.ide.mcu.externaltools.gnu-tools-for-stm32.13.3.rel1.win32_1.0.0.202411081344/tools/bin/../lib/gcc/arm-none-eabi/13.3.1/../../../../arm-none-eabi/lib/thumb/v7e-m+fp/hard\libc_nano.a(libc_a-fflush.o)
                0x0800984c                _fflush_r
 .text.__swhatbuf_r
                0x0800989c       0x4c C:/ST/STM32CubeIDE_1.18.0/STM32CubeIDE/plugins/com.st.stm32cube.ide.mcu.externaltools.gnu-tools-for-stm32.13.3.rel1.win32_1.0.0.202411081344/tools/bin/../lib/gcc/arm-none-eabi/13.3.1/../../../../arm-none-eabi/lib/thumb/v7e-m+fp/hard\libc_nano.a(libc_a-makebuf.o)
                0x0800989c                __swhatbuf_r
 .text.__smakebuf_r
                0x080098e8       0x78 C:/ST/STM32CubeIDE_1.18.0/STM32CubeIDE/plugins/com.st.stm32cube.ide.mcu.externaltools.gnu-tools-for-stm32.13.3.rel1.win32_1.0.0.202411081344/tools/bin/../lib/gcc/arm-none-eabi/13.3.1/../../../../arm-none-eabi/lib/thumb/v7e-m+fp/hard\libc_nano.a(libc_a-makebuf.o)
                0x080098e8                __smakebuf_r
 .text._fstat_r
                0x08009960       0x24 C:/ST/STM32CubeIDE_1.18.0/STM32CubeIDE/plugins/com.st.stm32cube.ide.mcu.externaltools.gnu-tools-for-stm32.13.3.rel1.win32_1.0.0.202411081344/tools/bin/../lib/gcc/arm-none-eabi/13.3.1/../../../../arm-none-eabi/lib/thumb/v7e-m+fp/hard\libc_nano.a(libc_a-fstatr.o)
                0x08009960                _fstat_r
 .text._isatty_r
                0x08009984       0x20 C:/ST/STM32CubeIDE_1.18.0/STM32CubeIDE/plugins/com.st.stm32cube.ide.mcu.externaltools.gnu-tools-for-stm32.13.3.rel1.win32_1.0.0.202411081344/tools/bin/../lib/gcc/arm-none-eabi/13.3.1/../../../../arm-none-eabi/lib/thumb/v7e-m+fp/hard\libc_nano.a(libc_a-isattyr.o)
                0x08009984                _isatty_r
 .text.__assert_func
                0x080099a4       0x3c C:/ST/STM32CubeIDE_1.18.0/STM32CubeIDE/plugins/com.st.stm32cube.ide.mcu.externaltools.gnu-tools-for-stm32.13.3.rel1.win32_1.0.0.202411081344/tools/bin/../lib/gcc/arm-none-eabi/13.3.1/../../../../arm-none-eabi/lib/thumb/v7e-m+fp/hard\libc_nano.a(libc_a-assert.o)
                0x080099a4                __assert_func
 .text._calloc_r
                0x080099e0       0x28 C:/ST/STM32CubeIDE_1.18.0/STM32CubeIDE/plugins/com.st.stm32cube.ide.mcu.externaltools.gnu-tools-for-stm32.13.3.rel1.win32_1.0.0.202411081344/tools/bin/../lib/gcc/arm-none-eabi/13.3.1/../../../../arm-none-eabi/lib/thumb/v7e-m+fp/hard\libc_nano.a(libc_a-callocr.o)
                0x080099e0                _calloc_r
 .text.__ascii_mbtowc
                0x08009a08       0x24 C:/ST/STM32CubeIDE_1.18.0/STM32CubeIDE/plugins/com.st.stm32cube.ide.mcu.externaltools.gnu-tools-for-stm32.13.3.rel1.win32_1.0.0.202411081344/tools/bin/../lib/gcc/arm-none-eabi/13.3.1/../../../../arm-none-eabi/lib/thumb/v7e-m+fp/hard\libc_nano.a(libc_a-mbtowc_r.o)
                0x08009a08                __ascii_mbtowc
 .text.__ascii_wctomb
                0x08009a2c       0x1a C:/ST/STM32CubeIDE_1.18.0/STM32CubeIDE/plugins/com.st.stm32cube.ide.mcu.externaltools.gnu-tools-for-stm32.13.3.rel1.win32_1.0.0.202411081344/tools/bin/../lib/gcc/arm-none-eabi/13.3.1/../../../../arm-none-eabi/lib/thumb/v7e-m+fp/hard\libc_nano.a(libc_a-wctomb_r.o)
                0x08009a2c                __ascii_wctomb
 *fill*         0x08009a46        0x2 
 .text.fprintf  0x08009a48       0x24 C:/ST/STM32CubeIDE_1.18.0/STM32CubeIDE/plugins/com.st.stm32cube.ide.mcu.externaltools.gnu-tools-for-stm32.13.3.rel1.win32_1.0.0.202411081344/tools/bin/../lib/gcc/arm-none-eabi/13.3.1/../../../../arm-none-eabi/lib/thumb/v7e-m+fp/hard\libc_nano.a(libc_a-fprintf.o)
                0x08009a48                fiprintf
                0x08009a48                fprintf
 .text.abort    0x08009a6c        0xe C:/ST/STM32CubeIDE_1.18.0/STM32CubeIDE/plugins/com.st.stm32cube.ide.mcu.externaltools.gnu-tools-for-stm32.13.3.rel1.win32_1.0.0.202411081344/tools/bin/../lib/gcc/arm-none-eabi/13.3.1/../../../../arm-none-eabi/lib/thumb/v7e-m+fp/hard\libc_nano.a(libc_a-abort.o)
                0x08009a6c                abort
 .text._raise_r
                0x08009a7a       0x50 C:/ST/STM32CubeIDE_1.18.0/STM32CubeIDE/plugins/com.st.stm32cube.ide.mcu.externaltools.gnu-tools-for-stm32.13.3.rel1.win32_1.0.0.202411081344/tools/bin/../lib/gcc/arm-none-eabi/13.3.1/../../../../arm-none-eabi/lib/thumb/v7e-m+fp/hard\libc_nano.a(libc_a-signal.o)
                0x08009a7a                _raise_r
 *fill*         0x08009aca        0x2 
 .text.raise    0x08009acc       0x10 C:/ST/STM32CubeIDE_1.18.0/STM32CubeIDE/plugins/com.st.stm32cube.ide.mcu.externaltools.gnu-tools-for-stm32.13.3.rel1.win32_1.0.0.202411081344/tools/bin/../lib/gcc/arm-none-eabi/13.3.1/../../../../arm-none-eabi/lib/thumb/v7e-m+fp/hard\libc_nano.a(libc_a-signal.o)
                0x08009acc                raise
 .text._kill_r  0x08009adc       0x24 C:/ST/STM32CubeIDE_1.18.0/STM32CubeIDE/plugins/com.st.stm32cube.ide.mcu.externaltools.gnu-tools-for-stm32.13.3.rel1.win32_1.0.0.202411081344/tools/bin/../lib/gcc/arm-none-eabi/13.3.1/../../../../arm-none-eabi/lib/thumb/v7e-m+fp/hard\libc_nano.a(libc_a-signalr.o)
                0x08009adc                _kill_r
 .text._getpid_r
                0x08009b00        0x4 C:/ST/STM32CubeIDE_1.18.0/STM32CubeIDE/plugins/com.st.stm32cube.ide.mcu.externaltools.gnu-tools-for-stm32.13.3.rel1.win32_1.0.0.202411081344/tools/bin/../lib/gcc/arm-none-eabi/13.3.1/../../../../arm-none-eabi/lib/thumb/v7e-m+fp/hard\libc_nano.a(libc_a-signalr.o)
                0x08009b00                _getpid_r
 .text.expf     0x08009b04       0x6c C:/ST/STM32CubeIDE_1.18.0/STM32CubeIDE/plugins/com.st.stm32cube.ide.mcu.externaltools.gnu-tools-for-stm32.13.3.rel1.win32_1.0.0.202411081344/tools/bin/../lib/gcc/arm-none-eabi/13.3.1/../../../../arm-none-eabi/lib/thumb/v7e-m+fp/hard\libm.a(libm_a-wf_exp.o)
                0x08009b04                expf
 .text.sqrtf    0x08009b70       0x3c C:/ST/STM32CubeIDE_1.18.0/STM32CubeIDE/plugins/com.st.stm32cube.ide.mcu.externaltools.gnu-tools-for-stm32.13.3.rel1.win32_1.0.0.202411081344/tools/bin/../lib/gcc/arm-none-eabi/13.3.1/../../../../arm-none-eabi/lib/thumb/v7e-m+fp/hard\libm.a(libm_a-wf_sqrt.o)
                0x08009b70                sqrtf
 .text.finitef  0x08009bac       0x14 C:/ST/STM32CubeIDE_1.18.0/STM32CubeIDE/plugins/com.st.stm32cube.ide.mcu.externaltools.gnu-tools-for-stm32.13.3.rel1.win32_1.0.0.202411081344/tools/bin/../lib/gcc/arm-none-eabi/13.3.1/../../../../arm-none-eabi/lib/thumb/v7e-m+fp/hard\libm.a(libm_a-sf_finite.o)
                0x08009bac                finitef
 .text.with_errnof
                0x08009bc0       0x1c C:/ST/STM32CubeIDE_1.18.0/STM32CubeIDE/plugins/com.st.stm32cube.ide.mcu.externaltools.gnu-tools-for-stm32.13.3.rel1.win32_1.0.0.202411081344/tools/bin/../lib/gcc/arm-none-eabi/13.3.1/../../../../arm-none-eabi/lib/thumb/v7e-m+fp/hard\libm.a(libm_a-math_errf.o)
 .text.xflowf   0x08009bdc       0x16 C:/ST/STM32CubeIDE_1.18.0/STM32CubeIDE/plugins/com.st.stm32cube.ide.mcu.externaltools.gnu-tools-for-stm32.13.3.rel1.win32_1.0.0.202411081344/tools/bin/../lib/gcc/arm-none-eabi/13.3.1/../../../../arm-none-eabi/lib/thumb/v7e-m+fp/hard\libm.a(libm_a-math_errf.o)
 *fill*         0x08009bf2        0x2 
 .text.__math_uflowf
                0x08009bf4        0xc C:/ST/STM32CubeIDE_1.18.0/STM32CubeIDE/plugins/com.st.stm32cube.ide.mcu.externaltools.gnu-tools-for-stm32.13.3.rel1.win32_1.0.0.202411081344/tools/bin/../lib/gcc/arm-none-eabi/13.3.1/../../../../arm-none-eabi/lib/thumb/v7e-m+fp/hard\libm.a(libm_a-math_errf.o)
                0x08009bf4                __math_uflowf
 .text.__math_oflowf
                0x08009c00        0xc C:/ST/STM32CubeIDE_1.18.0/STM32CubeIDE/plugins/com.st.stm32cube.ide.mcu.externaltools.gnu-tools-for-stm32.13.3.rel1.win32_1.0.0.202411081344/tools/bin/../lib/gcc/arm-none-eabi/13.3.1/../../../../arm-none-eabi/lib/thumb/v7e-m+fp/hard\libm.a(libm_a-math_errf.o)
                0x08009c00                __math_oflowf
 .text.__ieee754_sqrtf
                0x08009c0c        0x6 C:/ST/STM32CubeIDE_1.18.0/STM32CubeIDE/plugins/com.st.stm32cube.ide.mcu.externaltools.gnu-tools-for-stm32.13.3.rel1.win32_1.0.0.202411081344/tools/bin/../lib/gcc/arm-none-eabi/13.3.1/../../../../arm-none-eabi/lib/thumb/v7e-m+fp/hard\libm.a(libm_a-ef_sqrt.o)
                0x08009c0c                __ieee754_sqrtf
 *fill*         0x08009c12        0x2 
 .text.__ieee754_expf
                0x08009c14      0x19c C:/ST/STM32CubeIDE_1.18.0/STM32CubeIDE/plugins/com.st.stm32cube.ide.mcu.externaltools.gnu-tools-for-stm32.13.3.rel1.win32_1.0.0.202411081344/tools/bin/../lib/gcc/arm-none-eabi/13.3.1/../../../../arm-none-eabi/lib/thumb/v7e-m+fp/hard\libm.a(libm_a-ef_exp.o)
                0x08009c14                __ieee754_expf
 .text._getpid  0x08009db0       0x10 C:/ST/STM32CubeIDE_1.18.0/STM32CubeIDE/plugins/com.st.stm32cube.ide.mcu.externaltools.gnu-tools-for-stm32.13.3.rel1.win32_1.0.0.202411081344/tools/bin/../lib/gcc/arm-none-eabi/13.3.1/../../../../arm-none-eabi/lib/thumb/v7e-m+fp/hard\libnosys.a(getpid.o)
                0x08009db0                _getpid
 .text._kill    0x08009dc0       0x10 C:/ST/STM32CubeIDE_1.18.0/STM32CubeIDE/plugins/com.st.stm32cube.ide.mcu.externaltools.gnu-tools-for-stm32.13.3.rel1.win32_1.0.0.202411081344/tools/bin/../lib/gcc/arm-none-eabi/13.3.1/../../../../arm-none-eabi/lib/thumb/v7e-m+fp/hard\libnosys.a(kill.o)
                0x08009dc0                _kill
 .text._write   0x08009dd0       0x10 C:/ST/STM32CubeIDE_1.18.0/STM32CubeIDE/plugins/com.st.stm32cube.ide.mcu.externaltools.gnu-tools-for-stm32.13.3.rel1.win32_1.0.0.202411081344/tools/bin/../lib/gcc/arm-none-eabi/13.3.1/../../../../arm-none-eabi/lib/thumb/v7e-m+fp/hard\libnosys.a(write.o)
                0x08009dd0                _write
 .text._exit    0x08009de0        0x2 C:/ST/STM32CubeIDE_1.18.0/STM32CubeIDE/plugins/com.st.stm32cube.ide.mcu.externaltools.gnu-tools-for-stm32.13.3.rel1.win32_1.0.0.202411081344/tools/bin/../lib/gcc/arm-none-eabi/13.3.1/../../../../arm-none-eabi/lib/thumb/v7e-m+fp/hard\libnosys.a(_exit.o)
                0x08009de0                _exit
 *(.glue_7)
 .glue_7        0x08009de2        0x0 linker stubs
 *(.glue_7t)
 .glue_7t       0x08009de2        0x0 linker stubs
 *(.eh_frame)
 *fill*         0x08009de2        0x2 
 .eh_frame      0x08009de4        0x0 C:/ST/STM32CubeIDE_1.18.0/STM32CubeIDE/plugins/com.st.stm32cube.ide.mcu.externaltools.gnu-tools-for-stm32.13.3.rel1.win32_1.0.0.202411081344/tools/bin/../lib/gcc/arm-none-eabi/13.3.1/thumb/v7e-m+fp/hard/crtbegin.o
 *(.init)
 .init          0x08009de4        0x4 C:/ST/STM32CubeIDE_1.18.0/STM32CubeIDE/plugins/com.st.stm32cube.ide.mcu.externaltools.gnu-tools-for-stm32.13.3.rel1.win32_1.0.0.202411081344/tools/bin/../lib/gcc/arm-none-eabi/13.3.1/thumb/v7e-m+fp/hard/crti.o
                0x08009de4                _init
 .init          0x08009de8        0x8 C:/ST/STM32CubeIDE_1.18.0/STM32CubeIDE/plugins/com.st.stm32cube.ide.mcu.externaltools.gnu-tools-for-stm32.13.3.rel1.win32_1.0.0.202411081344/tools/bin/../lib/gcc/arm-none-eabi/13.3.1/thumb/v7e-m+fp/hard/crtn.o
 *(.fini)
 .fini          0x08009df0        0x4 C:/ST/STM32CubeIDE_1.18.0/STM32CubeIDE/plugins/com.st.stm32cube.ide.mcu.externaltools.gnu-tools-for-stm32.13.3.rel1.win32_1.0.0.202411081344/tools/bin/../lib/gcc/arm-none-eabi/13.3.1/thumb/v7e-m+fp/hard/crti.o
                0x08009df0                _fini
 .fini          0x08009df4        0x8 C:/ST/STM32CubeIDE_1.18.0/STM32CubeIDE/plugins/com.st.stm32cube.ide.mcu.externaltools.gnu-tools-for-stm32.13.3.rel1.win32_1.0.0.202411081344/tools/bin/../lib/gcc/arm-none-eabi/13.3.1/thumb/v7e-m+fp/hard/crtn.o
                0x08009dfc                        . = ALIGN (0x4)
                0x08009dfc                        _etext = .

.vfp11_veneer   0x08009dfc        0x0
 .vfp11_veneer  0x08009dfc        0x0 linker stubs

.v4_bx          0x08009dfc        0x0
 .v4_bx         0x08009dfc        0x0 linker stubs

.iplt           0x08009dfc        0x0
 .iplt          0x08009dfc        0x0 C:/ST/STM32CubeIDE_1.18.0/STM32CubeIDE/plugins/com.st.stm32cube.ide.mcu.externaltools.gnu-tools-for-stm32.13.3.rel1.win32_1.0.0.202411081344/tools/bin/../lib/gcc/arm-none-eabi/13.3.1/thumb/v7e-m+fp/hard/crtbegin.o

.rodata         0x08009e00     0x7424
                0x08009e00                        . = ALIGN (0x4)
 *(.rodata)
 .rodata        0x08009e00      0x640 ./Core/Src/main.o
 .rodata        0x0800a440       0xef ./X-CUBE-AI/App/app_x-cube-ai.o
 *fill*         0x0800a52f        0x1 
 .rodata        0x0800a530       0x30 ./X-CUBE-AI/App/emgclassifier_data.o
 *(.rodata*)
 .rodata.AHBPrescTable
                0x0800a560       0x10 ./Core/Src/system_stm32l4xx.o
                0x0800a560                AHBPrescTable
 .rodata.APBPrescTable
                0x0800a570        0x8 ./Core/Src/system_stm32l4xx.o
                0x0800a570                APBPrescTable
 .rodata.MSIRangeTable
                0x0800a578       0x30 ./Core/Src/system_stm32l4xx.o
                0x0800a578                MSIRangeTable
 .rodata.nl_4_chain
                0x0800a5a8        0x8 ./X-CUBE-AI/App/emgclassifier.o
 .rodata.gemm_3_chain
                0x0800a5b0        0x8 ./X-CUBE-AI/App/emgclassifier.o
 .rodata.nl_2_nl_chain
                0x0800a5b8        0x8 ./X-CUBE-AI/App/emgclassifier.o
 .rodata.gemm_2_chain
                0x0800a5c0        0x8 ./X-CUBE-AI/App/emgclassifier.o
 .rodata.nl_1_nl_chain
                0x0800a5c8        0x8 ./X-CUBE-AI/App/emgclassifier.o
 .rodata.gemm_1_chain
                0x0800a5d0        0x8 ./X-CUBE-AI/App/emgclassifier.o
 .rodata.nl_0_nl_chain
                0x0800a5d8        0x8 ./X-CUBE-AI/App/emgclassifier.o
 .rodata.gemm_0_chain
                0x0800a5e0        0x8 ./X-CUBE-AI/App/emgclassifier.o
 *fill*         0x0800a5e8       0x18 
 .rodata.s_emgclassifier_weights_array_u64
                0x0800a600     0x6898 ./X-CUBE-AI/App/emgclassifier_data_params.o
                0x0800a600                s_emgclassifier_weights_array_u64
 .rodata._printf_float.str1.1
                0x08010e98      0x171 C:/ST/STM32CubeIDE_1.18.0/STM32CubeIDE/plugins/com.st.stm32cube.ide.mcu.externaltools.gnu-tools-for-stm32.13.3.rel1.win32_1.0.0.202411081344/tools/bin/../lib/gcc/arm-none-eabi/13.3.1/../../../../arm-none-eabi/lib/thumb/v7e-m+fp/hard\libc_nano.a(libc_a-nano-vfprintf_float.o)
                                 0x12 (size before relaxing)
 .rodata._printf_i.str1.1
                0x08011009       0x22 C:/ST/STM32CubeIDE_1.18.0/STM32CubeIDE/plugins/com.st.stm32cube.ide.mcu.externaltools.gnu-tools-for-stm32.13.3.rel1.win32_1.0.0.202411081344/tools/bin/../lib/gcc/arm-none-eabi/13.3.1/../../../../arm-none-eabi/lib/thumb/v7e-m+fp/hard\libc_nano.a(libc_a-nano-vfprintf_i.o)
 .rodata._dtoa_r.str1.1
                0x08011009       0x8f C:/ST/STM32CubeIDE_1.18.0/STM32CubeIDE/plugins/com.st.stm32cube.ide.mcu.externaltools.gnu-tools-for-stm32.13.3.rel1.win32_1.0.0.202411081344/tools/bin/../lib/gcc/arm-none-eabi/13.3.1/../../../../arm-none-eabi/lib/thumb/v7e-m+fp/hard\libc_nano.a(libc_a-dtoa.o)
 .rodata._Balloc.str1.1
                0x08011009       0x70 C:/ST/STM32CubeIDE_1.18.0/STM32CubeIDE/plugins/com.st.stm32cube.ide.mcu.externaltools.gnu-tools-for-stm32.13.3.rel1.win32_1.0.0.202411081344/tools/bin/../lib/gcc/arm-none-eabi/13.3.1/../../../../arm-none-eabi/lib/thumb/v7e-m+fp/hard\libc_nano.a(libc_a-mprec.o)
 .rodata.__multadd.str1.1
                0x08011009       0x11 C:/ST/STM32CubeIDE_1.18.0/STM32CubeIDE/plugins/com.st.stm32cube.ide.mcu.externaltools.gnu-tools-for-stm32.13.3.rel1.win32_1.0.0.202411081344/tools/bin/../lib/gcc/arm-none-eabi/13.3.1/../../../../arm-none-eabi/lib/thumb/v7e-m+fp/hard\libc_nano.a(libc_a-mprec.o)
 *fill*         0x08011009        0x3 
 .rodata.p05.0  0x0801100c        0xc C:/ST/STM32CubeIDE_1.18.0/STM32CubeIDE/plugins/com.st.stm32cube.ide.mcu.externaltools.gnu-tools-for-stm32.13.3.rel1.win32_1.0.0.202411081344/tools/bin/../lib/gcc/arm-none-eabi/13.3.1/../../../../arm-none-eabi/lib/thumb/v7e-m+fp/hard\libc_nano.a(libc_a-mprec.o)
 .rodata.__mprec_bigtens
                0x08011018       0x28 C:/ST/STM32CubeIDE_1.18.0/STM32CubeIDE/plugins/com.st.stm32cube.ide.mcu.externaltools.gnu-tools-for-stm32.13.3.rel1.win32_1.0.0.202411081344/tools/bin/../lib/gcc/arm-none-eabi/13.3.1/../../../../arm-none-eabi/lib/thumb/v7e-m+fp/hard\libc_nano.a(libc_a-mprec.o)
                0x08011018                __mprec_bigtens
 .rodata.__mprec_tens
                0x08011040       0xc8 C:/ST/STM32CubeIDE_1.18.0/STM32CubeIDE/plugins/com.st.stm32cube.ide.mcu.externaltools.gnu-tools-for-stm32.13.3.rel1.win32_1.0.0.202411081344/tools/bin/../lib/gcc/arm-none-eabi/13.3.1/../../../../arm-none-eabi/lib/thumb/v7e-m+fp/hard\libc_nano.a(libc_a-mprec.o)
                0x08011040                __mprec_tens
 .rodata._vfprintf_r.str1.1
                0x08011108       0x11 C:/ST/STM32CubeIDE_1.18.0/STM32CubeIDE/plugins/com.st.stm32cube.ide.mcu.externaltools.gnu-tools-for-stm32.13.3.rel1.win32_1.0.0.202411081344/tools/bin/../lib/gcc/arm-none-eabi/13.3.1/../../../../arm-none-eabi/lib/thumb/v7e-m+fp/hard\libc_nano.a(libc_a-nano-vfprintf.o)
 .rodata._setlocale_r.str1.1
                0x08011108        0x9 C:/ST/STM32CubeIDE_1.18.0/STM32CubeIDE/plugins/com.st.stm32cube.ide.mcu.externaltools.gnu-tools-for-stm32.13.3.rel1.win32_1.0.0.202411081344/tools/bin/../lib/gcc/arm-none-eabi/13.3.1/../../../../arm-none-eabi/lib/thumb/v7e-m+fp/hard\libc_nano.a(libc_a-locale.o)
 .rodata.str1.1
                0x08011108        0x2 C:/ST/STM32CubeIDE_1.18.0/STM32CubeIDE/plugins/com.st.stm32cube.ide.mcu.externaltools.gnu-tools-for-stm32.13.3.rel1.win32_1.0.0.202411081344/tools/bin/../lib/gcc/arm-none-eabi/13.3.1/../../../../arm-none-eabi/lib/thumb/v7e-m+fp/hard\libc_nano.a(libc_a-locale.o)
 .rodata.__assert_func.str1.1
                0x08011108       0x3d C:/ST/STM32CubeIDE_1.18.0/STM32CubeIDE/plugins/com.st.stm32cube.ide.mcu.externaltools.gnu-tools-for-stm32.13.3.rel1.win32_1.0.0.202411081344/tools/bin/../lib/gcc/arm-none-eabi/13.3.1/../../../../arm-none-eabi/lib/thumb/v7e-m+fp/hard\libc_nano.a(libc_a-assert.o)
 .rodata._ctype_
                0x08011108      0x101 C:/ST/STM32CubeIDE_1.18.0/STM32CubeIDE/plugins/com.st.stm32cube.ide.mcu.externaltools.gnu-tools-for-stm32.13.3.rel1.win32_1.0.0.202411081344/tools/bin/../lib/gcc/arm-none-eabi/13.3.1/../../../../arm-none-eabi/lib/thumb/v7e-m+fp/hard\libc_nano.a(libc_a-ctype_.o)
                0x08011108                _ctype_
 *fill*         0x08011209        0x3 
 .rodata.ln2LO  0x0801120c        0x8 C:/ST/STM32CubeIDE_1.18.0/STM32CubeIDE/plugins/com.st.stm32cube.ide.mcu.externaltools.gnu-tools-for-stm32.13.3.rel1.win32_1.0.0.202411081344/tools/bin/../lib/gcc/arm-none-eabi/13.3.1/../../../../arm-none-eabi/lib/thumb/v7e-m+fp/hard\libm.a(libm_a-ef_exp.o)
 .rodata.ln2HI  0x08011214        0x8 C:/ST/STM32CubeIDE_1.18.0/STM32CubeIDE/plugins/com.st.stm32cube.ide.mcu.externaltools.gnu-tools-for-stm32.13.3.rel1.win32_1.0.0.202411081344/tools/bin/../lib/gcc/arm-none-eabi/13.3.1/../../../../arm-none-eabi/lib/thumb/v7e-m+fp/hard\libm.a(libm_a-ef_exp.o)
 .rodata.halF   0x0801121c        0x8 C:/ST/STM32CubeIDE_1.18.0/STM32CubeIDE/plugins/com.st.stm32cube.ide.mcu.externaltools.gnu-tools-for-stm32.13.3.rel1.win32_1.0.0.202411081344/tools/bin/../lib/gcc/arm-none-eabi/13.3.1/../../../../arm-none-eabi/lib/thumb/v7e-m+fp/hard\libm.a(libm_a-ef_exp.o)
                0x08011224                        . = ALIGN (0x4)

.ARM.extab      0x08011224        0x0
                0x08011224                        . = ALIGN (0x4)
 *(.ARM.extab* .gnu.linkonce.armextab.*)
                0x08011224                        . = ALIGN (0x4)

.ARM            0x08011224        0x8
                0x08011224                        . = ALIGN (0x4)
                0x08011224                        __exidx_start = .
 *(.ARM.exidx*)
 .ARM.exidx     0x08011224        0x8 C:/ST/STM32CubeIDE_1.18.0/STM32CubeIDE/plugins/com.st.stm32cube.ide.mcu.externaltools.gnu-tools-for-stm32.13.3.rel1.win32_1.0.0.202411081344/tools/bin/../lib/gcc/arm-none-eabi/13.3.1/../../../../arm-none-eabi/lib/thumb/v7e-m+fp/hard\libc_nano.a(libc_a-memchr.o)
 .ARM.exidx     0x0801122c        0x0 C:/ST/STM32CubeIDE_1.18.0/STM32CubeIDE/plugins/com.st.stm32cube.ide.mcu.externaltools.gnu-tools-for-stm32.13.3.rel1.win32_1.0.0.202411081344/tools/bin/../lib/gcc/arm-none-eabi/13.3.1/../../../../arm-none-eabi/lib/thumb/v7e-m+fp/hard\libc_nano.a(libc_a-strlen.o)
                                  0x8 (size before relaxing)
 .ARM.exidx     0x0801122c        0x0 C:/ST/STM32CubeIDE_1.18.0/STM32CubeIDE/plugins/com.st.stm32cube.ide.mcu.externaltools.gnu-tools-for-stm32.13.3.rel1.win32_1.0.0.202411081344/tools/bin/../lib/gcc/arm-none-eabi/13.3.1/thumb/v7e-m+fp/hard\libgcc.a(_udivmoddi4.o)
                                  0x8 (size before relaxing)
                0x0801122c                        __exidx_end = .
                0x0801122c                        . = ALIGN (0x4)

.preinit_array  0x0801122c        0x0
                0x0801122c                        . = ALIGN (0x4)
                0x0801122c                        PROVIDE (__preinit_array_start = .)
 *(.preinit_array*)
                0x0801122c                        PROVIDE (__preinit_array_end = .)
                0x0801122c                        . = ALIGN (0x4)

.init_array     0x0801122c        0x4
                0x0801122c                        . = ALIGN (0x4)
                0x0801122c                        PROVIDE (__init_array_start = .)
 *(SORT_BY_NAME(.init_array.*))
 *(.init_array*)
 .init_array    0x0801122c        0x4 C:/ST/STM32CubeIDE_1.18.0/STM32CubeIDE/plugins/com.st.stm32cube.ide.mcu.externaltools.gnu-tools-for-stm32.13.3.rel1.win32_1.0.0.202411081344/tools/bin/../lib/gcc/arm-none-eabi/13.3.1/thumb/v7e-m+fp/hard/crtbegin.o
                0x08011230                        PROVIDE (__init_array_end = .)
                0x08011230                        . = ALIGN (0x4)

.fini_array     0x08011230        0x4
                0x08011230                        . = ALIGN (0x4)
                [!provide]                        PROVIDE (__fini_array_start = .)
 *(SORT_BY_NAME(.fini_array.*))
 *(.fini_array*)
 .fini_array    0x08011230        0x4 C:/ST/STM32CubeIDE_1.18.0/STM32CubeIDE/plugins/com.st.stm32cube.ide.mcu.externaltools.gnu-tools-for-stm32.13.3.rel1.win32_1.0.0.202411081344/tools/bin/../lib/gcc/arm-none-eabi/13.3.1/thumb/v7e-m+fp/hard/crtbegin.o
                [!provide]                        PROVIDE (__fini_array_end = .)
                0x08011234                        . = ALIGN (0x4)
                0x08011234                        _sidata = LOADADDR (.data)

.rel.dyn        0x08011234        0x0
 .rel.iplt      0x08011234        0x0 C:/ST/STM32CubeIDE_1.18.0/STM32CubeIDE/plugins/com.st.stm32cube.ide.mcu.externaltools.gnu-tools-for-stm32.13.3.rel1.win32_1.0.0.202411081344/tools/bin/../lib/gcc/arm-none-eabi/13.3.1/thumb/v7e-m+fp/hard/crtbegin.o

.data           0x20000000      0xaec load address 0x08011234
                0x20000000                        . = ALIGN (0x4)
                0x20000000                        _sdata = .
 *(.data)
 *(.data*)
 .data.SystemCoreClock
                0x20000000        0x4 ./Core/Src/system_stm32l4xx.o
                0x20000000                SystemCoreClock
 .data.uwTickPrio
                0x20000004        0x4 ./Drivers/STM32L4xx_HAL_Driver/Src/stm32l4xx_hal.o
                0x20000004                uwTickPrio
 .data.uwTickFreq
                0x20000008        0x1 ./Drivers/STM32L4xx_HAL_Driver/Src/stm32l4xx_hal.o
                0x20000008                uwTickFreq
 *fill*         0x20000009        0x3 
 .data.data_activations0
                0x2000000c        0x4 ./X-CUBE-AI/App/app_x-cube-ai.o
                0x2000000c                data_activations0
 .data.serving_default_keras_tensor0_output_array
                0x20000010       0x10 ./X-CUBE-AI/App/emgclassifier.o
 .data.gemm_0_output_array
                0x20000020       0x10 ./X-CUBE-AI/App/emgclassifier.o
 .data.nl_0_nl_output_array
                0x20000030       0x10 ./X-CUBE-AI/App/emgclassifier.o
 .data.gemm_1_output_array
                0x20000040       0x10 ./X-CUBE-AI/App/emgclassifier.o
 .data.nl_1_nl_output_array
                0x20000050       0x10 ./X-CUBE-AI/App/emgclassifier.o
 .data.gemm_2_output_array
                0x20000060       0x10 ./X-CUBE-AI/App/emgclassifier.o
 .data.nl_2_nl_output_array
                0x20000070       0x10 ./X-CUBE-AI/App/emgclassifier.o
 .data.gemm_3_output_array
                0x20000080       0x10 ./X-CUBE-AI/App/emgclassifier.o
 .data.nl_4_output_array
                0x20000090       0x10 ./X-CUBE-AI/App/emgclassifier.o
 .data.gemm_0_weights_array
                0x200000a0       0x10 ./X-CUBE-AI/App/emgclassifier.o
 .data.gemm_0_bias_array
                0x200000b0       0x10 ./X-CUBE-AI/App/emgclassifier.o
 .data.gemm_1_weights_array
                0x200000c0       0x10 ./X-CUBE-AI/App/emgclassifier.o
 .data.gemm_1_bias_array
                0x200000d0       0x10 ./X-CUBE-AI/App/emgclassifier.o
 .data.gemm_2_weights_array
                0x200000e0       0x10 ./X-CUBE-AI/App/emgclassifier.o
 .data.gemm_2_bias_array
                0x200000f0       0x10 ./X-CUBE-AI/App/emgclassifier.o
 .data.gemm_3_weights_array
                0x20000100       0x10 ./X-CUBE-AI/App/emgclassifier.o
 .data.gemm_3_bias_array
                0x20000110       0x10 ./X-CUBE-AI/App/emgclassifier.o
 .data.__compound_literal.0
                0x20000120       0x10 ./X-CUBE-AI/App/emgclassifier.o
 .data.__compound_literal.1
                0x20000130       0x10 ./X-CUBE-AI/App/emgclassifier.o
 .data.gemm_0_bias
                0x20000140       0x1c ./X-CUBE-AI/App/emgclassifier.o
 .data.__compound_literal.2
                0x2000015c       0x10 ./X-CUBE-AI/App/emgclassifier.o
 .data.__compound_literal.3
                0x2000016c       0x10 ./X-CUBE-AI/App/emgclassifier.o
 .data.gemm_0_output
                0x2000017c       0x1c ./X-CUBE-AI/App/emgclassifier.o
 .data.__compound_literal.4
                0x20000198       0x10 ./X-CUBE-AI/App/emgclassifier.o
 .data.__compound_literal.5
                0x200001a8       0x10 ./X-CUBE-AI/App/emgclassifier.o
 .data.gemm_0_weights
                0x200001b8       0x1c ./X-CUBE-AI/App/emgclassifier.o
 .data.__compound_literal.6
                0x200001d4       0x10 ./X-CUBE-AI/App/emgclassifier.o
 .data.__compound_literal.7
                0x200001e4       0x10 ./X-CUBE-AI/App/emgclassifier.o
 .data.gemm_1_bias
                0x200001f4       0x1c ./X-CUBE-AI/App/emgclassifier.o
 .data.__compound_literal.8
                0x20000210       0x10 ./X-CUBE-AI/App/emgclassifier.o
 .data.__compound_literal.9
                0x20000220       0x10 ./X-CUBE-AI/App/emgclassifier.o
 .data.gemm_1_output
                0x20000230       0x1c ./X-CUBE-AI/App/emgclassifier.o
 .data.__compound_literal.10
                0x2000024c       0x10 ./X-CUBE-AI/App/emgclassifier.o
 .data.__compound_literal.11
                0x2000025c       0x10 ./X-CUBE-AI/App/emgclassifier.o
 .data.gemm_1_weights
                0x2000026c       0x1c ./X-CUBE-AI/App/emgclassifier.o
 .data.__compound_literal.12
                0x20000288       0x10 ./X-CUBE-AI/App/emgclassifier.o
 .data.__compound_literal.13
                0x20000298       0x10 ./X-CUBE-AI/App/emgclassifier.o
 .data.gemm_2_bias
                0x200002a8       0x1c ./X-CUBE-AI/App/emgclassifier.o
 .data.__compound_literal.14
                0x200002c4       0x10 ./X-CUBE-AI/App/emgclassifier.o
 .data.__compound_literal.15
                0x200002d4       0x10 ./X-CUBE-AI/App/emgclassifier.o
 .data.gemm_2_output
                0x200002e4       0x1c ./X-CUBE-AI/App/emgclassifier.o
 .data.__compound_literal.16
                0x20000300       0x10 ./X-CUBE-AI/App/emgclassifier.o
 .data.__compound_literal.17
                0x20000310       0x10 ./X-CUBE-AI/App/emgclassifier.o
 .data.gemm_2_weights
                0x20000320       0x1c ./X-CUBE-AI/App/emgclassifier.o
 .data.__compound_literal.18
                0x2000033c       0x10 ./X-CUBE-AI/App/emgclassifier.o
 .data.__compound_literal.19
                0x2000034c       0x10 ./X-CUBE-AI/App/emgclassifier.o
 .data.gemm_3_bias
                0x2000035c       0x1c ./X-CUBE-AI/App/emgclassifier.o
 .data.__compound_literal.20
                0x20000378       0x10 ./X-CUBE-AI/App/emgclassifier.o
 .data.__compound_literal.21
                0x20000388       0x10 ./X-CUBE-AI/App/emgclassifier.o
 .data.gemm_3_output
                0x20000398       0x1c ./X-CUBE-AI/App/emgclassifier.o
 .data.__compound_literal.22
                0x200003b4       0x10 ./X-CUBE-AI/App/emgclassifier.o
 .data.__compound_literal.23
                0x200003c4       0x10 ./X-CUBE-AI/App/emgclassifier.o
 .data.gemm_3_weights
                0x200003d4       0x1c ./X-CUBE-AI/App/emgclassifier.o
 .data.__compound_literal.24
                0x200003f0       0x10 ./X-CUBE-AI/App/emgclassifier.o
 .data.__compound_literal.25
                0x20000400       0x10 ./X-CUBE-AI/App/emgclassifier.o
 .data.nl_0_nl_output
                0x20000410       0x1c ./X-CUBE-AI/App/emgclassifier.o
 .data.__compound_literal.26
                0x2000042c       0x10 ./X-CUBE-AI/App/emgclassifier.o
 .data.__compound_literal.27
                0x2000043c       0x10 ./X-CUBE-AI/App/emgclassifier.o
 .data.nl_1_nl_output
                0x2000044c       0x1c ./X-CUBE-AI/App/emgclassifier.o
 .data.__compound_literal.28
                0x20000468       0x10 ./X-CUBE-AI/App/emgclassifier.o
 .data.__compound_literal.29
                0x20000478       0x10 ./X-CUBE-AI/App/emgclassifier.o
 .data.nl_2_nl_output
                0x20000488       0x1c ./X-CUBE-AI/App/emgclassifier.o
 .data.__compound_literal.30
                0x200004a4       0x10 ./X-CUBE-AI/App/emgclassifier.o
 .data.__compound_literal.31
                0x200004b4       0x10 ./X-CUBE-AI/App/emgclassifier.o
 .data.nl_4_output
                0x200004c4       0x1c ./X-CUBE-AI/App/emgclassifier.o
 .data.__compound_literal.32
                0x200004e0       0x10 ./X-CUBE-AI/App/emgclassifier.o
 .data.__compound_literal.33
                0x200004f0       0x10 ./X-CUBE-AI/App/emgclassifier.o
 .data.serving_default_keras_tensor0_output
                0x20000500       0x1c ./X-CUBE-AI/App/emgclassifier.o
 .data.__compound_literal.34
                0x2000051c        0x4 ./X-CUBE-AI/App/emgclassifier.o
 .data.__compound_literal.35
                0x20000520        0x4 ./X-CUBE-AI/App/emgclassifier.o
 .data.__compound_literal.38
                0x20000524       0x30 ./X-CUBE-AI/App/emgclassifier.o
 .data.nl_4_layer
                0x20000554       0x24 ./X-CUBE-AI/App/emgclassifier.o
 .data.__compound_literal.39
                0x20000578        0x4 ./X-CUBE-AI/App/emgclassifier.o
 .data.__compound_literal.40
                0x2000057c        0x4 ./X-CUBE-AI/App/emgclassifier.o
 .data.__compound_literal.41
                0x20000580        0x8 ./X-CUBE-AI/App/emgclassifier.o
 .data.__compound_literal.43
                0x20000588       0x30 ./X-CUBE-AI/App/emgclassifier.o
 .data.gemm_3_layer
                0x200005b8       0x1c ./X-CUBE-AI/App/emgclassifier.o
 .data.__compound_literal.44
                0x200005d4        0x4 ./X-CUBE-AI/App/emgclassifier.o
 .data.__compound_literal.45
                0x200005d8        0x4 ./X-CUBE-AI/App/emgclassifier.o
 .data.__compound_literal.48
                0x200005dc       0x30 ./X-CUBE-AI/App/emgclassifier.o
 .data.nl_2_nl_layer
                0x2000060c       0x20 ./X-CUBE-AI/App/emgclassifier.o
 .data.__compound_literal.49
                0x2000062c        0x4 ./X-CUBE-AI/App/emgclassifier.o
 .data.__compound_literal.50
                0x20000630        0x4 ./X-CUBE-AI/App/emgclassifier.o
 .data.__compound_literal.51
                0x20000634        0x8 ./X-CUBE-AI/App/emgclassifier.o
 .data.__compound_literal.53
                0x2000063c       0x30 ./X-CUBE-AI/App/emgclassifier.o
 .data.gemm_2_layer
                0x2000066c       0x1c ./X-CUBE-AI/App/emgclassifier.o
 .data.__compound_literal.54
                0x20000688        0x4 ./X-CUBE-AI/App/emgclassifier.o
 .data.__compound_literal.55
                0x2000068c        0x4 ./X-CUBE-AI/App/emgclassifier.o
 .data.__compound_literal.58
                0x20000690       0x30 ./X-CUBE-AI/App/emgclassifier.o
 .data.nl_1_nl_layer
                0x200006c0       0x20 ./X-CUBE-AI/App/emgclassifier.o
 .data.__compound_literal.59